Archive member included to satisfy reference by file (symbol)

d:/mounriver/mounriver_studio/toolchain/risc-v embedded gcc/bin/../lib/gcc/riscv-none-embed/8.2.0/rv32imac/ilp32\libgcc.a(extendsfdf2.o)
                              ./User/allshow.o (__extendsfdf2)
d:/mounriver/mounriver_studio/toolchain/risc-v embedded gcc/bin/../lib/gcc/riscv-none-embed/8.2.0/rv32imac/ilp32\libgcc.a(_clzsi2.o)
                              d:/mounriver/mounriver_studio/toolchain/risc-v embedded gcc/bin/../lib/gcc/riscv-none-embed/8.2.0/rv32imac/ilp32\libgcc.a(extendsfdf2.o) (__clzsi2)
d:/mounriver/mounriver_studio/toolchain/risc-v embedded gcc/bin/../lib/gcc/riscv-none-embed/8.2.0/rv32imac/ilp32\libgcc.a(_clz.o)
                              d:/mounriver/mounriver_studio/toolchain/risc-v embedded gcc/bin/../lib/gcc/riscv-none-embed/8.2.0/rv32imac/ilp32\libgcc.a(_clzsi2.o) (__clz_tab)
d:/mounriver/mounriver_studio/toolchain/risc-v embedded gcc/bin/../lib/gcc/riscv-none-embed/8.2.0/../../../../riscv-none-embed/lib/rv32imac/ilp32\libg_nano.a(lib_a-exit.o)
                              ./User/allshow.o (exit)
d:/mounriver/mounriver_studio/toolchain/risc-v embedded gcc/bin/../lib/gcc/riscv-none-embed/8.2.0/../../../../riscv-none-embed/lib/rv32imac/ilp32\libg_nano.a(lib_a-fputs.o)
                              ./User/allshow.o (fputs)
d:/mounriver/mounriver_studio/toolchain/risc-v embedded gcc/bin/../lib/gcc/riscv-none-embed/8.2.0/../../../../riscv-none-embed/lib/rv32imac/ilp32\libg_nano.a(lib_a-impure.o)
                              d:/mounriver/mounriver_studio/toolchain/risc-v embedded gcc/bin/../lib/gcc/riscv-none-embed/8.2.0/../../../../riscv-none-embed/lib/rv32imac/ilp32\libg_nano.a(lib_a-exit.o) (_global_impure_ptr)
d:/mounriver/mounriver_studio/toolchain/risc-v embedded gcc/bin/../lib/gcc/riscv-none-embed/8.2.0/../../../../riscv-none-embed/lib/rv32imac/ilp32\libg_nano.a(lib_a-isalpha.o)
                              ./Hardware/usart.o (isalpha)
d:/mounriver/mounriver_studio/toolchain/risc-v embedded gcc/bin/../lib/gcc/riscv-none-embed/8.2.0/../../../../riscv-none-embed/lib/rv32imac/ilp32\libg_nano.a(lib_a-locale.o)
                              d:/mounriver/mounriver_studio/toolchain/risc-v embedded gcc/bin/../lib/gcc/riscv-none-embed/8.2.0/../../../../riscv-none-embed/lib/rv32imac/ilp32\libg_nano.a(lib_a-isalpha.o) (__locale_ctype_ptr)
d:/mounriver/mounriver_studio/toolchain/risc-v embedded gcc/bin/../lib/gcc/riscv-none-embed/8.2.0/../../../../riscv-none-embed/lib/rv32imac/ilp32\libg_nano.a(lib_a-malloc.o)
                              ./User/allshow.o (malloc)
d:/mounriver/mounriver_studio/toolchain/risc-v embedded gcc/bin/../lib/gcc/riscv-none-embed/8.2.0/../../../../riscv-none-embed/lib/rv32imac/ilp32\libg_nano.a(lib_a-mbtowc_r.o)
                              d:/mounriver/mounriver_studio/toolchain/risc-v embedded gcc/bin/../lib/gcc/riscv-none-embed/8.2.0/../../../../riscv-none-embed/lib/rv32imac/ilp32\libg_nano.a(lib_a-locale.o) (__ascii_mbtowc)
d:/mounriver/mounriver_studio/toolchain/risc-v embedded gcc/bin/../lib/gcc/riscv-none-embed/8.2.0/../../../../riscv-none-embed/lib/rv32imac/ilp32\libg_nano.a(lib_a-memcpy.o)
                              ./User/L610.o (memcpy)
d:/mounriver/mounriver_studio/toolchain/risc-v embedded gcc/bin/../lib/gcc/riscv-none-embed/8.2.0/../../../../riscv-none-embed/lib/rv32imac/ilp32\libg_nano.a(lib_a-memset.o)
                              ./User/L610.o (memset)
d:/mounriver/mounriver_studio/toolchain/risc-v embedded gcc/bin/../lib/gcc/riscv-none-embed/8.2.0/../../../../riscv-none-embed/lib/rv32imac/ilp32\libg_nano.a(lib_a-nano-freer.o)
                              d:/mounriver/mounriver_studio/toolchain/risc-v embedded gcc/bin/../lib/gcc/riscv-none-embed/8.2.0/../../../../riscv-none-embed/lib/rv32imac/ilp32\libg_nano.a(lib_a-malloc.o) (_free_r)
d:/mounriver/mounriver_studio/toolchain/risc-v embedded gcc/bin/../lib/gcc/riscv-none-embed/8.2.0/../../../../riscv-none-embed/lib/rv32imac/ilp32\libg_nano.a(lib_a-nano-mallocr.o)
                              d:/mounriver/mounriver_studio/toolchain/risc-v embedded gcc/bin/../lib/gcc/riscv-none-embed/8.2.0/../../../../riscv-none-embed/lib/rv32imac/ilp32\libg_nano.a(lib_a-malloc.o) (_malloc_r)
d:/mounriver/mounriver_studio/toolchain/risc-v embedded gcc/bin/../lib/gcc/riscv-none-embed/8.2.0/../../../../riscv-none-embed/lib/rv32imac/ilp32\libg_nano.a(lib_a-printf.o)
                              ./User/L610.o (printf)
d:/mounriver/mounriver_studio/toolchain/risc-v embedded gcc/bin/../lib/gcc/riscv-none-embed/8.2.0/../../../../riscv-none-embed/lib/rv32imac/ilp32\libg_nano.a(lib_a-puts.o)
                              ./User/L610.o (puts)
d:/mounriver/mounriver_studio/toolchain/risc-v embedded gcc/bin/../lib/gcc/riscv-none-embed/8.2.0/../../../../riscv-none-embed/lib/rv32imac/ilp32\libg_nano.a(lib_a-sbrkr.o)
[...]
Memory Configuration

Name             Origin             Length             Attributes
FLASH            0x0000000000000000 0x0000000000048000 xr
RAM              0x0000000020000000 0x0000000000008000 xrw
*default*        0x0000000000000000 0xffffffffffffffff

Linker script and memory map

LOAD ./User/HX77.o
LOAD ./User/L610.o
LOAD ./User/allshow.o
LOAD ./User/ch32v30x_it.o
LOAD ./User/lcd.o
LOAD ./User/main.o
LOAD ./User/pages.o
LOAD ./User/system_ch32v30x.o
LOAD ./Startup/startup_ch32v30x_D8C.o
LOAD ./Peripheral/src/ch32v30x_adc.o
LOAD ./Peripheral/src/ch32v30x_bkp.o
LOAD ./Peripheral/src/ch32v30x_can.o
LOAD ./Peripheral/src/ch32v30x_crc.o
LOAD ./Peripheral/src/ch32v30x_dac.o
LOAD ./Peripheral/src/ch32v30x_dbgmcu.o
LOAD ./Peripheral/src/ch32v30x_dma.o
LOAD ./Peripheral/src/ch32v30x_dvp.o
LOAD ./Peripheral/src/ch32v30x_eth.o
LOAD ./Peripheral/src/ch32v30x_exti.o
LOAD ./Peripheral/src/ch32v30x_flash.o
LOAD ./Peripheral/src/ch32v30x_fsmc.o
LOAD ./Peripheral/src/ch32v30x_gpio.o
LOAD ./Peripheral/src/ch32v30x_i2c.o
LOAD ./Peripheral/src/ch32v30x_iwdg.o
LOAD ./Peripheral/src/ch32v30x_misc.o
LOAD ./Peripheral/src/ch32v30x_opa.o
LOAD ./Peripheral/src/ch32v30x_pwr.o
LOAD ./Peripheral/src/ch32v30x_rcc.o
LOAD ./Peripheral/src/ch32v30x_rng.o
LOAD ./Peripheral/src/ch32v30x_rtc.o
LOAD ./Peripheral/src/ch32v30x_sdio.o
LOAD ./Peripheral/src/ch32v30x_spi.o
LOAD ./Peripheral/src/ch32v30x_tim.o
LOAD ./Peripheral/src/ch32v30x_usart.o
LOAD ./Peripheral/src/ch32v30x_wwdg.o
LOAD ./Hardware/usart.o
LOAD ./Debug/debug.o
LOAD ./Core/core_riscv.o
LOAD d:/mounriver/mounriver_studio/toolchain/risc-v embedded gcc/bin/../lib/gcc/riscv-none-embed/8.2.0/rv32imac/ilp32\libgcc.a
LOAD d:/mounriver/mounriver_studio/toolchain/risc-v embedded gcc/bin/../lib/gcc/riscv-none-embed/8.2.0/../../../../riscv-none-embed/lib/rv32imac/ilp32\libg_nano.a
LOAD d:/mounriver/mounriver_studio/toolchain/risc-v embedded gcc/bin/../lib/gcc/riscv-none-embed/8.2.0/../../../../riscv-none-embed/lib/rv32imac/ilp32\libc_nano.a
LOAD d:/mounriver/mounriver_studio/toolchain/risc-v embedded gcc/bin/../lib/gcc/riscv-none-embed/8.2.0/rv32imac/ilp32\libgcc.a
START GROUP
LOAD d:/mounriver/mounriver_studio/toolchain/risc-v embedded gcc/bin/../lib/gcc/riscv-none-embed/8.2.0/rv32imac/ilp32\libgcc.a
LOAD d:/mounriver/mounriver_studio/toolchain/risc-v embedded gcc/bin/../lib/gcc/riscv-none-embed/8.2.0/../../../../riscv-none-embed/lib/rv32imac/ilp32\libc_nano.a
LOAD d:/mounriver/mounriver_studio/toolchain/risc-v embedded gcc/bin/../lib/gcc/riscv-none-embed/8.2.0/../../../../riscv-none-embed/lib/rv32imac/ilp32\libnosys.a
END GROUP
START GROUP
LOAD d:/mounriver/mounriver_studio/toolchain/risc-v embedded gcc/bin/../lib/gcc/riscv-none-embed/8.2.0/rv32imac/ilp32\libgcc.a
LOAD d:/mounriver/mounriver_studio/toolchain/risc-v embedded gcc/bin/../lib/gcc/riscv-none-embed/8.2.0/../../../../riscv-none-embed/lib/rv32imac/ilp32\libc_nano.a
LOAD d:/mounriver/mounriver_studio/toolchain/risc-v embedded gcc/bin/../lib/gcc/riscv-none-embed/8.2.0/../../../../riscv-none-embed/lib/rv32imac/ilp32\libnosys.a
END GROUP
                0x0000000000000800                __stack_size = 0x800
                [!provide]                        PROVIDE (_stack_size = __stack_size)

.init           0x0000000000000000       0x38
                0x0000000000000000                _sinit = .
                0x0000000000000000                . = ALIGN (0x4)
 *(SORT_NONE(.init))
 .init          0x0000000000000000       0x38 ./Startup/startup_ch32v30x_D8C.o
                0x0000000000000000                _start
                0x0000000000000038                . = ALIGN (0x4)
                0x0000000000000038                _einit = .

.vector         0x0000000000000038      0x1c8
 *(.vector)
 .vector        0x0000000000000038      0x1a0 ./Startup/startup_ch32v30x_D8C.o
                0x0000000000000200                . = ALIGN (0x40)
 *fill*         0x00000000000001d8       0x28 

.text           0x0000000000000200     0x709c
                0x0000000000000200                . = ALIGN (0x4)
 *(.text)
 .text          0x0000000000000200       0xa8 d:/mounriver/mounriver_studio/toolchain/risc-v embedded gcc/bin/../lib/gcc/riscv-none-embed/8.2.0/../../../../riscv-none-embed/lib/rv32imac/ilp32\libg_nano.a(lib_a-memset.o)
                0x0000000000000200                memset
 *(.text.*)
 .text.Init_HX711pin
                0x00000000000002a8       0x52 ./User/HX77.o
                0x00000000000002a8                Init_HX711pin
 .text.weight   0x00000000000002fa        0x2 ./User/HX77.o
                0x00000000000002fa                weight
 .text.NMI_Handler
                0x00000000000002fc        0x4 ./User/ch32v30x_it.o
                0x00000000000002fc                NMI_Handler
 .text.HardFault_Handler
                0x0000000000000300        0x2 ./User/ch32v30x_it.o
                0x0000000000000300                HardFault_Handler
 .text.LCD_RD_DATA
                0x0000000000000302       0x1c ./User/lcd.o
                0x0000000000000302                LCD_RD_DATA
 .text.LCD_ReadReg
                0x000000000000031e       0x18 ./User/lcd.o
                0x000000000000031e                LCD_ReadReg
 .text.LCD_WriteRAM_Prepare
                0x0000000000000336        0xe ./User/lcd.o
                0x0000000000000336                LCD_WriteRAM_Prepare
 .text.LCD_SetCursor
                0x0000000000000344       0x4e ./User/lcd.o
                0x0000000000000344                LCD_SetCursor
 .text.LCD_Scan_Dir
                0x0000000000000392       0xb8 ./User/lcd.o
                0x0000000000000392                LCD_Scan_Dir
 .text.LCD_Display_Dir
                0x000000000000044a       0x4a ./User/lcd.o
                0x000000000000044a                LCD_Display_Dir
 .text.LCD_Clear
                0x0000000000000494       0x3e ./User/lcd.o
                0x0000000000000494                LCD_Clear
 .text.LCD_Init
                0x00000000000004d2     0x1694 ./User/lcd.o
                0x00000000000004d2                LCD_Init
 .text.LCD_Fast_DrawPoint
                0x0000000000001b66       0x70 ./User/lcd.o
                0x0000000000001b66                LCD_Fast_DrawPoint
 .text.LCD_ShowChar
                0x0000000000001bd6      0x172 ./User/lcd.o
                0x0000000000001bd6                LCD_ShowChar
 .text.LCD_ShowString
                0x0000000000001d48       0x88 ./User/lcd.o
                0x0000000000001d48                LCD_ShowString
 .text.LCD_Color_Fill
                0x0000000000001dd0       0x76 ./User/lcd.o
                0x0000000000001dd0                LCD_Color_Fill
 .text.LCD_DrawLine
                0x0000000000001e46       0xb2 ./User/lcd.o
                0x0000000000001e46                LCD_DrawLine
 .text.LCD_DrawRectangle
                0x0000000000001ef8       0x42 ./User/lcd.o
                0x0000000000001ef8                LCD_DrawRectangle
 .text.LCD_Draw_Circle
                0x0000000000001f3a      0x10e ./User/lcd.o
                0x0000000000001f3a                LCD_Draw_Circle
 .text.LCD_Reset_GPIO_Init
                0x0000000000002048       0x40 ./User/main.o
                0x0000000000002048                LCD_Reset_GPIO_Init
 .text.startup.main
                0x0000000000002088       0x5c ./User/main.o
                0x0000000000002088                main
 .text.renderMainPage
                0x00000000000020e4      0x236 ./User/pages.o
                0x00000000000020e4                renderMainPage
 .text.SystemInit
                0x000000000000231a       0xfa ./User/system_ch32v30x.o
                0x000000000000231a                SystemInit
 .text.SystemCoreClockUpdate
                0x0000000000002414       0xb0 ./User/system_ch32v30x.o
                0x0000000000002414                SystemCoreClockUpdate
 .text.vector_handler
                0x00000000000024c4       0xbe ./Startup/startup_ch32v30x_D8C.o
                0x00000000000024c8                Ecall_M_Mode_Handler
                0x00000000000024ca                Ecall_U_Mode_Handler
                0x00000000000024cc                Break_Point_Handler
                0x00000000000024ce                SysTick_Handler
                0x00000000000024d0                SW_Handler
                0x00000000000024d2                WWDG_IRQHandler
                0x00000000000024d4                PVD_IRQHandler
                0x00000000000024d6                TAMPER_IRQHandler
                0x00000000000024d8                RTC_IRQHandler
                0x00000000000024da                FLASH_IRQHandler
                0x00000000000024dc                RCC_IRQHandler
                0x00000000000024de                EXTI0_IRQHandler
                0x00000000000024e0                EXTI1_IRQHandler
                0x00000000000024e2                EXTI2_IRQHandler
                0x00000000000024e4                EXTI3_IRQHandler
                0x00000000000024e6                EXTI4_IRQHandler
                0x00000000000024e8                DMA1_Channel1_IRQHandler
                0x00000000000024ea                DMA1_Channel2_IRQHandler
                0x00000000000024ec                DMA1_Channel3_IRQHandler
                0x00000000000024ee                DMA1_Channel4_IRQHandler
                0x00000000000024f0                DMA1_Channel5_IRQHandler
                0x00000000000024f2                DMA1_Channel6_IRQHandler
                0x00000000000024f4                DMA1_Channel7_IRQHandler
                0x00000000000024f6                ADC1_2_IRQHandler
                0x00000000000024f8                USB_HP_CAN1_TX_IRQHandler
                0x00000000000024fa                USB_LP_CAN1_RX0_IRQHandler
                0x00000000000024fc                CAN1_RX1_IRQHandler
                0x00000000000024fe                CAN1_SCE_IRQHandler
                0x0000000000002500                EXTI9_5_IRQHandler
                0x0000000000002502                TIM1_BRK_IRQHandler
                0x0000000000002504                TIM1_UP_IRQHandler
                0x0000000000002506                TIM1_TRG_COM_IRQHandler
                0x0000000000002508                TIM1_CC_IRQHandler
                0x000000000000250a                TIM2_IRQHandler
                0x000000000000250c                TIM3_IRQHandler
                0x000000000000250e                TIM4_IRQHandler
                0x0000000000002510                I2C1_EV_IRQHandler
                0x0000000000002512                I2C1_ER_IRQHandler
                0x0000000000002514                I2C2_EV_IRQHandler
                0x0000000000002516                I2C2_ER_IRQHandler
                0x0000000000002518                SPI1_IRQHandler
                0x000000000000251a                SPI2_IRQHandler
                0x0000000000002520                USART3_IRQHandler
                0x0000000000002522                EXTI15_10_IRQHandler
                0x0000000000002524                RTCAlarm_IRQHandler
                0x0000000000002526                USBWakeUp_IRQHandler
                0x0000000000002528                TIM8_BRK_IRQHandler
                0x000000000000252a                TIM8_UP_IRQHandler
                0x000000000000252c                TIM8_TRG_COM_IRQHandler
                0x000000000000252e                TIM8_CC_IRQHandler
                0x0000000000002530                RNG_IRQHandler
                0x0000000000002532                FSMC_IRQHandler
                0x0000000000002534                SDIO_IRQHandler
                0x0000000000002536                TIM5_IRQHandler
                0x0000000000002538                SPI3_IRQHandler
                0x000000000000253a                UART4_IRQHandler
                0x000000000000253c                UART5_IRQHandler
                0x000000000000253e                TIM6_IRQHandler
                0x0000000000002540                TIM7_IRQHandler
                0x0000000000002542                DMA2_Channel1_IRQHandler
                0x0000000000002544                DMA2_Channel2_IRQHandler
                0x0000000000002546                DMA2_Channel3_IRQHandler
                0x0000000000002548                DMA2_Channel4_IRQHandler
                0x000000000000254a                DMA2_Channel5_IRQHandler
                0x000000000000254c                ETH_IRQHandler
                0x000000000000254e                ETH_WKUP_IRQHandler
                0x0000000000002550                CAN2_TX_IRQHandler
                0x0000000000002552                CAN2_RX0_IRQHandler
                0x0000000000002554                CAN2_RX1_IRQHandler
                0x0000000000002556                CAN2_SCE_IRQHandler
                0x0000000000002558                OTG_FS_IRQHandler
                0x000000000000255a                USBHSWakeup_IRQHandler
                0x000000000000255c                USBHS_IRQHandler
                0x000000000000255e                DVP_IRQHandler
                0x0000000000002560                UART6_IRQHandler
                0x0000000000002562                UART7_IRQHandler
                0x0000000000002564                UART8_IRQHandler
                0x0000000000002566                TIM9_BRK_IRQHandler
                0x0000000000002568                TIM9_UP_IRQHandler
                0x000000000000256a                TIM9_TRG_COM_IRQHandler
                0x000000000000256c                TIM9_CC_IRQHandler
                0x000000000000256e                TIM10_BRK_IRQHandler
                0x0000000000002570                TIM10_UP_IRQHandler
                0x0000000000002572                TIM10_TRG_COM_IRQHandler
                0x0000000000002574                TIM10_CC_IRQHandler
                0x0000000000002576                DMA2_Channel6_IRQHandler
                0x0000000000002578                DMA2_Channel7_IRQHandler
                0x000000000000257a                DMA2_Channel8_IRQHandler
                0x000000000000257c                DMA2_Channel9_IRQHandler
                0x000000000000257e                DMA2_Channel10_IRQHandler
                0x0000000000002580                DMA2_Channel11_IRQHandler
 .text.handle_reset
                0x0000000000002582       0x8a ./Startup/startup_ch32v30x_D8C.o
                0x0000000000002582                handle_reset
 .text.FSMC_NORSRAMInit
                0x000000000000260c       0xba ./Peripheral/src/ch32v30x_fsmc.o
                0x000000000000260c                FSMC_NORSRAMInit
 .text.FSMC_NORSRAMCmd
                0x00000000000026c6       0x1e ./Peripheral/src/ch32v30x_fsmc.o
                0x00000000000026c6                FSMC_NORSRAMCmd
 .text.GPIO_Init
                0x00000000000026e4       0xc2 ./Peripheral/src/ch32v30x_gpio.o
                0x00000000000026e4                GPIO_Init
 .text.GPIO_SetBits
                0x00000000000027a6        0x4 ./Peripheral/src/ch32v30x_gpio.o
                0x00000000000027a6                GPIO_SetBits
 .text.GPIO_ResetBits
                0x00000000000027aa        0x4 ./Peripheral/src/ch32v30x_gpio.o
                0x00000000000027aa                GPIO_ResetBits
 .text.NVIC_PriorityGroupConfig
                0x00000000000027ae        0x6 ./Peripheral/src/ch32v30x_misc.o
                0x00000000000027ae                NVIC_PriorityGroupConfig
 .text.NVIC_Init
                0x00000000000027b4       0xb8 ./Peripheral/src/ch32v30x_misc.o
                0x00000000000027b4                NVIC_Init
 .text.RCC_GetClocksFreq
                0x000000000000286c      0x10e ./Peripheral/src/ch32v30x_rcc.o
                0x000000000000286c                RCC_GetClocksFreq
 .text.RCC_AHBPeriphClockCmd
                0x000000000000297a       0x1e ./Peripheral/src/ch32v30x_rcc.o
                0x000000000000297a                RCC_AHBPeriphClockCmd
 .text.RCC_APB2PeriphClockCmd
                0x0000000000002998       0x1e ./Peripheral/src/ch32v30x_rcc.o
                0x0000000000002998                RCC_APB2PeriphClockCmd
 .text.RCC_APB1PeriphClockCmd
                0x00000000000029b6       0x1e ./Peripheral/src/ch32v30x_rcc.o
                0x00000000000029b6                RCC_APB1PeriphClockCmd
 .text.USART_Init
                0x00000000000029d4       0xd8 ./Peripheral/src/ch32v30x_usart.o
                0x00000000000029d4                USART_Init
 .text.USART_Cmd
                0x0000000000002aac       0x1c ./Peripheral/src/ch32v30x_usart.o
                0x0000000000002aac                USART_Cmd
 .text.USART_ITConfig
                0x0000000000002ac8       0x36 ./Peripheral/src/ch32v30x_usart.o
                0x0000000000002ac8                USART_ITConfig
 .text.USART_SendData
                0x0000000000002afe        0xa ./Peripheral/src/ch32v30x_usart.o
                0x0000000000002afe                USART_SendData
 .text.USART_ReceiveData
                0x0000000000002b08        0xa ./Peripheral/src/ch32v30x_usart.o
                0x0000000000002b08                USART_ReceiveData
 .text.USART_GetFlagStatus
                0x0000000000002b12        0xc ./Peripheral/src/ch32v30x_usart.o
                0x0000000000002b12                USART_GetFlagStatus
 .text.USART_GetITStatus
                0x0000000000002b1e       0x44 ./Peripheral/src/ch32v30x_usart.o
                0x0000000000002b1e                USART_GetITStatus
 .text.USART_ClearITPendingBit
                0x0000000000002b62       0x16 ./Peripheral/src/ch32v30x_usart.o
                0x0000000000002b62                USART_ClearITPendingBit
 .text.USARTx_Init
                0x0000000000002b78      0x1c8 ./Hardware/usart.o
                0x0000000000002b78                USARTx_Init
 .text.USART1_IRQHandler
                0x0000000000002d40       0x66 ./Hardware/usart.o
                0x0000000000002d40                USART1_IRQHandler
 .text.USART2_IRQHandler
                0x0000000000002da6       0x44 ./Hardware/usart.o
                0x0000000000002da6                USART2_IRQHandler
 .text.Delay_Init
                0x0000000000002dea       0x2a ./Debug/debug.o
                0x0000000000002dea                Delay_Init
 .text.Delay_Us
                0x0000000000002e14       0x2e ./Debug/debug.o
                0x0000000000002e14                Delay_Us
 .text.Delay_Ms
                0x0000000000002e42       0x2e ./Debug/debug.o
                0x0000000000002e42                Delay_Ms
 .text.USART_Printf_Init
                0x0000000000002e70       0x62 ./Debug/debug.o
                0x0000000000002e70                USART_Printf_Init
 .text._write   0x0000000000002ed2       0x4c ./Debug/debug.o
                0x0000000000002ed2                _write
 .text._sbrk    0x0000000000002f1e       0x26 ./Debug/debug.o
                0x0000000000002f1e                _sbrk
 .text.isalpha  0x0000000000002f44       0x1a d:/mounriver/mounriver_studio/toolchain/risc-v embedded gcc/bin/../lib/gcc/riscv-none-embed/8.2.0/../../../../riscv-none-embed/lib/rv32imac/ilp32\libg_nano.a(lib_a-isalpha.o)
                0x0000000000002f44                isalpha
 .text.__locale_ctype_ptr
                0x0000000000002f5e       0x18 d:/mounriver/mounriver_studio/toolchain/risc-v embedded gcc/bin/../lib/gcc/riscv-none-embed/8.2.0/../../../../riscv-none-embed/lib/rv32imac/ilp32\libg_nano.a(lib_a-locale.o)
                0x0000000000002f5e                __locale_ctype_ptr
 .text.__ascii_mbtowc
                0x0000000000002f76       0x3a d:/mounriver/mounriver_studio/toolchain/risc-v embedded gcc/bin/../lib/gcc/riscv-none-embed/8.2.0/../../../../riscv-none-embed/lib/rv32imac/ilp32\libg_nano.a(lib_a-mbtowc_r.o)
                0x0000000000002f76                __ascii_mbtowc
 .text._free_r  0x0000000000002fb0       0xa8 d:/mounriver/mounriver_studio/toolchain/risc-v embedded gcc/bin/../lib/gcc/riscv-none-embed/8.2.0/../../../../riscv-none-embed/lib/rv32imac/ilp32\libg_nano.a(lib_a-nano-freer.o)
                0x0000000000002fb0                _free_r
 .text._malloc_r
                0x0000000000003058       0xd4 d:/mounriver/mounriver_studio/toolchain/risc-v embedded gcc/bin/../lib/gcc/riscv-none-embed/8.2.0/../../../../riscv-none-embed/lib/rv32imac/ilp32\libg_nano.a(lib_a-nano-mallocr.o)
                0x0000000000003058                _malloc_r
 .text.printf   0x000000000000312c       0x40 d:/mounriver/mounriver_studio/toolchain/risc-v embedded gcc/bin/../lib/gcc/riscv-none-embed/8.2.0/../../../../riscv-none-embed/lib/rv32imac/ilp32\libg_nano.a(lib_a-printf.o)
                0x000000000000312c                iprintf
                0x000000000000312c                printf
 .text._sbrk_r  0x000000000000316c       0x28 d:/mounriver/mounriver_studio/toolchain/risc-v embedded gcc/bin/../lib/gcc/riscv-none-embed/8.2.0/../../../../riscv-none-embed/lib/rv32imac/ilp32\libg_nano.a(lib_a-sbrkr.o)
                0x000000000000316c                _sbrk_r
 .text.__swbuf_r
                0x0000000000003194       0xc0 d:/mounriver/mounriver_studio/toolchain/risc-v embedded gcc/bin/../lib/gcc/riscv-none-embed/8.2.0/../../../../riscv-none-embed/lib/rv32imac/ilp32\libg_nano.a(lib_a-wbuf.o)
                0x0000000000003194                __swbuf_r
 .text.__ascii_wctomb
                0x0000000000003254       0x20 d:/mounriver/mounriver_studio/toolchain/risc-v embedded gcc/bin/../lib/gcc/riscv-none-embed/8.2.0/../../../../riscv-none-embed/lib/rv32imac/ilp32\libg_nano.a(lib_a-wctomb_r.o)
                0x0000000000003254                __ascii_wctomb
 .text.__swsetup_r
                0x0000000000003274      0x10c d:/mounriver/mounriver_studio/toolchain/risc-v embedded gcc/bin/../lib/gcc/riscv-none-embed/8.2.0/../../../../riscv-none-embed/lib/rv32imac/ilp32\libg_nano.a(lib_a-wsetup.o)
                0x0000000000003274                __swsetup_r
 .text.__sflush_r
                0x0000000000003380      0x13e d:/mounriver/mounriver_studio/toolchain/risc-v embedded gcc/bin/../lib/gcc/riscv-none-embed/8.2.0/../../../../riscv-none-embed/lib/rv32imac/ilp32\libg_nano.a(lib_a-fflush.o)
                0x0000000000003380                __sflush_r
 .text._fflush_r
                0x00000000000034be       0x64 d:/mounriver/mounriver_studio/toolchain/risc-v embedded gcc/bin/../lib/gcc/riscv-none-embed/8.2.0/../../../../riscv-none-embed/lib/rv32imac/ilp32\libg_nano.a(lib_a-fflush.o)
                0x00000000000034be                _fflush_r
 .text.std      0x0000000000003522       0x6a d:/mounriver/mounriver_studio/toolchain/risc-v embedded gcc/bin/../lib/gcc/riscv-none-embed/8.2.0/../../../../riscv-none-embed/lib/rv32imac/ilp32\libg_nano.a(lib_a-findfp.o)
 .text._cleanup_r
                0x000000000000358c        0xa d:/mounriver/mounriver_studio/toolchain/risc-v embedded gcc/bin/../lib/gcc/riscv-none-embed/8.2.0/../../../../riscv-none-embed/lib/rv32imac/ilp32\libg_nano.a(lib_a-findfp.o)
                0x000000000000358c                _cleanup_r
 .text.__sfmoreglue
                0x0000000000003596       0x48 d:/mounriver/mounriver_studio/toolchain/risc-v embedded gcc/bin/../lib/gcc/riscv-none-embed/8.2.0/../../../../riscv-none-embed/lib/rv32imac/ilp32\libg_nano.a(lib_a-findfp.o)
                0x0000000000003596                __sfmoreglue
 .text.__sinit  0x00000000000035de       0x66 d:/mounriver/mounriver_studio/toolchain/risc-v embedded gcc/bin/../lib/gcc/riscv-none-embed/8.2.0/../../../../riscv-none-embed/lib/rv32imac/ilp32\libg_nano.a(lib_a-findfp.o)
                0x00000000000035de                __sinit
 .text.__sfp    0x0000000000003644       0x9c d:/mounriver/mounriver_studio/toolchain/risc-v embedded gcc/bin/../lib/gcc/riscv-none-embed/8.2.0/../../../../riscv-none-embed/lib/rv32imac/ilp32\libg_nano.a(lib_a-findfp.o)
                0x0000000000003644                __sfp
 .text._fwalk_reent
                0x00000000000036e0       0x6c d:/mounriver/mounriver_studio/toolchain/risc-v embedded gcc/bin/../lib/gcc/riscv-none-embed/8.2.0/../../../../riscv-none-embed/lib/rv32imac/ilp32\libg_nano.a(lib_a-fwalk.o)
                0x00000000000036e0                _fwalk_reent
 .text.__swhatbuf_r
                0x000000000000374c       0x5a d:/mounriver/mounriver_studio/toolchain/risc-v embedded gcc/bin/../lib/gcc/riscv-none-embed/8.2.0/../../../../riscv-none-embed/lib/rv32imac/ilp32\libg_nano.a(lib_a-makebuf.o)
                0x000000000000374c                __swhatbuf_r
 .text.__smakebuf_r
                0x00000000000037a6       0xa0 d:/mounriver/mounriver_studio/toolchain/risc-v embedded gcc/bin/../lib/gcc/riscv-none-embed/8.2.0/../../../../riscv-none-embed/lib/rv32imac/ilp32\libg_nano.a(lib_a-makebuf.o)
                0x00000000000037a6                __smakebuf_r
 .text.__malloc_lock
                0x0000000000003846        0x2 d:/mounriver/mounriver_studio/toolchain/risc-v embedded gcc/bin/../lib/gcc/riscv-none-embed/8.2.0/../../../../riscv-none-embed/lib/rv32imac/ilp32\libg_nano.a(lib_a-mlock.o)
                0x0000000000003846                __malloc_lock
 .text.__malloc_unlock
                0x0000000000003848        0x2 d:/mounriver/mounriver_studio/toolchain/risc-v embedded gcc/bin/../lib/gcc/riscv-none-embed/8.2.0/../../../../riscv-none-embed/lib/rv32imac/ilp32\libg_nano.a(lib_a-mlock.o)
                0x0000000000003848                __malloc_unlock
 .text.__sfputc_r
                0x000000000000384a       0x2a d:/mounriver/mounriver_studio/toolchain/risc-v embedded gcc/bin/../lib/gcc/riscv-none-embed/8.2.0/../../../../riscv-none-embed/lib/rv32imac/ilp32\libg_nano.a(lib_a-nano-vfprintf.o)
 .text.__sfputs_r
                0x0000000000003874       0x42 d:/mounriver/mounriver_studio/toolchain/risc-v embedded gcc/bin/../lib/gcc/riscv-none-embed/8.2.0/../../../../riscv-none-embed/lib/rv32imac/ilp32\libg_nano.a(lib_a-nano-vfprintf.o)
                0x0000000000003874                __sfputs_r
 .text._vfprintf_r
                0x00000000000038b6      0x298 d:/mounriver/mounriver_studio/toolchain/risc-v embedded gcc/bin/../lib/gcc/riscv-none-embed/8.2.0/../../../../riscv-none-embed/lib/rv32imac/ilp32\libg_nano.a(lib_a-nano-vfprintf.o)
                0x00000000000038b6                _vfprintf_r
                0x00000000000038b6                _vfiprintf_r
 .text._printf_common
                0x0000000000003b4e      0x10c d:/mounriver/mounriver_studio/toolchain/risc-v embedded gcc/bin/../lib/gcc/riscv-none-embed/8.2.0/../../../../riscv-none-embed/lib/rv32imac/ilp32\libg_nano.a(lib_a-nano-vfprintf_i.o)
                0x0000000000003b4e                _printf_common
 .text._printf_i
                0x0000000000003c5a      0x2a8 d:/mounriver/mounriver_studio/toolchain/risc-v embedded gcc/bin/../lib/gcc/riscv-none-embed/8.2.0/../../../../riscv-none-embed/lib/rv32imac/ilp32\libg_nano.a(lib_a-nano-vfprintf_i.o)
                0x0000000000003c5a                _printf_i
 .text.__sread  0x0000000000003f02       0x30 d:/mounriver/mounriver_studio/toolchain/risc-v embedded gcc/bin/../lib/gcc/riscv-none-embed/8.2.0/../../../../riscv-none-embed/lib/rv32imac/ilp32\libg_nano.a(lib_a-stdio.o)
                0x0000000000003f02                __sread
 .text.__swrite
                0x0000000000003f32       0x4e d:/mounriver/mounriver_studio/toolchain/risc-v embedded gcc/bin/../lib/gcc/riscv-none-embed/8.2.0/../../../../riscv-none-embed/lib/rv32imac/ilp32\libg_nano.a(lib_a-stdio.o)
                0x0000000000003f32                __swrite
 .text.__sseek  0x0000000000003f80       0x36 d:/mounriver/mounriver_studio/toolchain/risc-v embedded gcc/bin/../lib/gcc/riscv-none-embed/8.2.0/../../../../riscv-none-embed/lib/rv32imac/ilp32\libg_nano.a(lib_a-stdio.o)
                0x0000000000003f80                __sseek
 .text.__sclose
                0x0000000000003fb6        0x6 d:/mounriver/mounriver_studio/toolchain/risc-v embedded gcc/bin/../lib/gcc/riscv-none-embed/8.2.0/../../../../riscv-none-embed/lib/rv32imac/ilp32\libg_nano.a(lib_a-stdio.o)
                0x0000000000003fb6                __sclose
 .text._write_r
                0x0000000000003fbc       0x2e d:/mounriver/mounriver_studio/toolchain/risc-v embedded gcc/bin/../lib/gcc/riscv-none-embed/8.2.0/../../../../riscv-none-embed/lib/rv32imac/ilp32\libg_nano.a(lib_a-writer.o)
                0x0000000000003fbc                _write_r
 .text._close_r
                0x0000000000003fea       0x28 d:/mounriver/mounriver_studio/toolchain/risc-v embedded gcc/bin/../lib/gcc/riscv-none-embed/8.2.0/../../../../riscv-none-embed/lib/rv32imac/ilp32\libg_nano.a(lib_a-closer.o)
                0x0000000000003fea                _close_r
 .text._fstat_r
                0x0000000000004012       0x2a d:/mounriver/mounriver_studio/toolchain/risc-v embedded gcc/bin/../lib/gcc/riscv-none-embed/8.2.0/../../../../riscv-none-embed/lib/rv32imac/ilp32\libg_nano.a(lib_a-fstatr.o)
                0x0000000000004012                _fstat_r
 .text._isatty_r
                0x000000000000403c       0x28 d:/mounriver/mounriver_studio/toolchain/risc-v embedded gcc/bin/../lib/gcc/riscv-none-embed/8.2.0/../../../../riscv-none-embed/lib/rv32imac/ilp32\libg_nano.a(lib_a-isattyr.o)
                0x000000000000403c                _isatty_r
 .text._lseek_r
                0x0000000000004064       0x2c d:/mounriver/mounriver_studio/toolchain/risc-v embedded gcc/bin/../lib/gcc/riscv-none-embed/8.2.0/../../../../riscv-none-embed/lib/rv32imac/ilp32\libg_nano.a(lib_a-lseekr.o)
                0x0000000000004064                _lseek_r
 .text.memchr   0x0000000000004090       0x1a d:/mounriver/mounriver_studio/toolchain/risc-v embedded gcc/bin/../lib/gcc/riscv-none-embed/8.2.0/../../../../riscv-none-embed/lib/rv32imac/ilp32\libg_nano.a(lib_a-memchr.o)
                0x0000000000004090                memchr
 .text._read_r  0x00000000000040aa       0x2c d:/mounriver/mounriver_studio/toolchain/risc-v embedded gcc/bin/../lib/gcc/riscv-none-embed/8.2.0/../../../../riscv-none-embed/lib/rv32imac/ilp32\libg_nano.a(lib_a-readr.o)
                0x00000000000040aa                _read_r
 .text._close   0x00000000000040d6        0xc d:/mounriver/mounriver_studio/toolchain/risc-v embedded gcc/bin/../lib/gcc/riscv-none-embed/8.2.0/../../../../riscv-none-embed/lib/rv32imac/ilp32\libnosys.a(close.o)
                0x00000000000040d6                _close
 .text._fstat   0x00000000000040e2        0xc d:/mounriver/mounriver_studio/toolchain/risc-v embedded gcc/bin/../lib/gcc/riscv-none-embed/8.2.0/../../../../riscv-none-embed/lib/rv32imac/ilp32\libnosys.a(fstat.o)
                0x00000000000040e2                _fstat
 .text._isatty  0x00000000000040ee        0xc d:/mounriver/mounriver_studio/toolchain/risc-v embedded gcc/bin/../lib/gcc/riscv-none-embed/8.2.0/../../../../riscv-none-embed/lib/rv32imac/ilp32\libnosys.a(isatty.o)
                0x00000000000040ee                _isatty
 .text._lseek   0x00000000000040fa        0xc d:/mounriver/mounriver_studio/toolchain/risc-v embedded gcc/bin/../lib/gcc/riscv-none-embed/8.2.0/../../../../riscv-none-embed/lib/rv32imac/ilp32\libnosys.a(lseek.o)
                0x00000000000040fa                _lseek
 .text._read    0x0000000000004106        0xc d:/mounriver/mounriver_studio/toolchain/risc-v embedded gcc/bin/../lib/gcc/riscv-none-embed/8.2.0/../../../../riscv-none-embed/lib/rv32imac/ilp32\libnosys.a(read.o)
                0x0000000000004106                _read
 *(.rodata)
 *(.rodata*)
 *fill*         0x0000000000004112        0x2 
 .rodata.asc2_1206
                0x0000000000004114      0x474 ./User/lcd.o
                0x0000000000004114                asc2_1206
 .rodata.asc2_1608
                0x0000000000004588      0x5f0 ./User/lcd.o
                0x0000000000004588                asc2_1608
 .rodata.asc2_2412
                0x0000000000004b78      0xd5c ./User/lcd.o
                0x0000000000004b78                asc2_2412
 .rodata.asc2_3216
                0x00000000000058d4     0x17c0 ./User/lcd.o
                0x00000000000058d4                asc2_3216
 .rodata.main.str1.4
                0x0000000000007094        0x4 ./User/main.o
 .rodata.renderMainPage.str1.4
                0x0000000000007098       0x52 ./User/pages.o
 *fill*         0x00000000000070ea        0x2 
 .rodata._setlocale_r.str1.4
                0x00000000000070ec        0xa d:/mounriver/mounriver_studio/toolchain/risc-v embedded gcc/bin/../lib/gcc/riscv-none-embed/8.2.0/../../../../riscv-none-embed/lib/rv32imac/ilp32\libg_nano.a(lib_a-locale.o)
                                          0xd (size before relaxing)
 *fill*         0x00000000000070f6        0x2 
 .rodata.str1.4
                0x00000000000070f8        0x2 d:/mounriver/mounriver_studio/toolchain/risc-v embedded gcc/bin/../lib/gcc/riscv-none-embed/8.2.0/../../../../riscv-none-embed/lib/rv32imac/ilp32\libg_nano.a(lib_a-locale.o)
 *fill*         0x00000000000070fa        0x2 
 .rodata._ctype_
                0x00000000000070fc      0x101 d:/mounriver/mounriver_studio/toolchain/risc-v embedded gcc/bin/../lib/gcc/riscv-none-embed/8.2.0/../../../../riscv-none-embed/lib/rv32imac/ilp32\libg_nano.a(lib_a-ctype_.o)
                0x00000000000070fc                _ctype_
 *fill*         0x00000000000071fd        0x3 
 .rodata.__sf_fake_stderr
                0x0000000000007200       0x20 d:/mounriver/mounriver_studio/toolchain/risc-v embedded gcc/bin/../lib/gcc/riscv-none-embed/8.2.0/../../../../riscv-none-embed/lib/rv32imac/ilp32\libg_nano.a(lib_a-findfp.o)
                0x0000000000007200                __sf_fake_stderr
 .rodata.__sf_fake_stdin
                0x0000000000007220       0x20 d:/mounriver/mounriver_studio/toolchain/risc-v embedded gcc/bin/../lib/gcc/riscv-none-embed/8.2.0/../../../../riscv-none-embed/lib/rv32imac/ilp32\libg_nano.a(lib_a-findfp.o)
                0x0000000000007220                __sf_fake_stdin
 .rodata.__sf_fake_stdout
                0x0000000000007240       0x20 d:/mounriver/mounriver_studio/toolchain/risc-v embedded gcc/bin/../lib/gcc/riscv-none-embed/8.2.0/../../../../riscv-none-embed/lib/rv32imac/ilp32\libg_nano.a(lib_a-findfp.o)
                0x0000000000007240                __sf_fake_stdout
 .rodata._vfprintf_r.str1.4
                0x0000000000007260       0x13 d:/mounriver/mounriver_studio/toolchain/risc-v embedded gcc/bin/../lib/gcc/riscv-none-embed/8.2.0/../../../../riscv-none-embed/lib/rv32imac/ilp32\libg_nano.a(lib_a-nano-vfprintf.o)
 *fill*         0x0000000000007273        0x1 
 .rodata._printf_i.str1.4
                0x0000000000007274       0x28 d:/mounriver/mounriver_studio/toolchain/risc-v embedded gcc/bin/../lib/gcc/riscv-none-embed/8.2.0/../../../../riscv-none-embed/lib/rv32imac/ilp32\libg_nano.a(lib_a-nano-vfprintf_i.o)
                                         0x25 (size before relaxing)
 *(.glue_7)
 *(.glue_7t)
 *(.gnu.linkonce.t.*)
                0x000000000000729c                . = ALIGN (0x4)

.rela.dyn       0x000000000000729c        0x0
 .rela.text.LCD_WriteRAM_Prepare
                0x000000000000729c        0x0 ./User/HX77.o
 .rela.text.LCD_SetCursor
                0x000000000000729c        0x0 ./User/HX77.o
 .rela.text.LCD_Scan_Dir
                0x000000000000729c        0x0 ./User/HX77.o
 .rela.text.LCD_Display_Dir
                0x000000000000729c        0x0 ./User/HX77.o
 .rela.text.LCD_Clear
                0x000000000000729c        0x0 ./User/HX77.o
 .rela.text.LCD_Init
                0x000000000000729c        0x0 ./User/HX77.o
 .rela.text.LCD_Fast_DrawPoint
                0x000000000000729c        0x0 ./User/HX77.o
 .rela.text.LCD_ShowChar
                0x000000000000729c        0x0 ./User/HX77.o
 .rela.init     0x000000000000729c        0x0 ./User/HX77.o
 .rela.vector   0x000000000000729c        0x0 ./User/HX77.o
 .rela.text.handle_reset
                0x000000000000729c        0x0 ./User/HX77.o
 .rela.text.USART1_IRQHandler
                0x000000000000729c        0x0 ./User/HX77.o
 .rela.text.USART2_IRQHandler
                0x000000000000729c        0x0 ./User/HX77.o
 .rela.text._sbrk
                0x000000000000729c        0x0 ./User/HX77.o
 .rela.sdata.curbrk.5226
                0x000000000000729c        0x0 ./User/HX77.o
 .rela.text._sbrk_r
                0x000000000000729c        0x0 ./User/HX77.o
 .rela.text._vfprintf_r
                0x000000000000729c        0x0 ./User/HX77.o
 .rela.text._write_r
                0x000000000000729c        0x0 ./User/HX77.o
 .rela.text._close_r
                0x000000000000729c        0x0 ./User/HX77.o
 .rela.text._fstat_r
                0x000000000000729c        0x0 ./User/HX77.o
 .rela.text._isatty_r
                0x000000000000729c        0x0 ./User/HX77.o
 .rela.text._lseek_r
                0x000000000000729c        0x0 ./User/HX77.o
 .rela.text._read_r
                0x000000000000729c        0x0 ./User/HX77.o
 .rela.text._close
                0x000000000000729c        0x0 ./User/HX77.o
 .rela.text._fstat
                0x000000000000729c        0x0 ./User/HX77.o
 .rela.text._isatty
                0x000000000000729c        0x0 ./User/HX77.o
 .rela.text._lseek
                0x000000000000729c        0x0 ./User/HX77.o
 .rela.text._read
                0x000000000000729c        0x0 ./User/HX77.o

.fini           0x000000000000729c        0x0
 *(SORT_NONE(.fini))
                0x000000000000729c                . = ALIGN (0x4)
                [!provide]                        PROVIDE (_etext = .)
                [!provide]                        PROVIDE (_eitcm = .)

.preinit_array  0x000000000000729c        0x0
                [!provide]                        PROVIDE (__preinit_array_start = .)
 *(.preinit_array)
                [!provide]                        PROVIDE (__preinit_array_end = .)

.init_array     0x000000000000729c        0x0
                [!provide]                        PROVIDE (__init_array_start = .)
 *(SORT_BY_INIT_PRIORITY(.init_array.*) SORT_BY_INIT_PRIORITY(.ctors.*))
 *(.init_array EXCLUDE_FILE(*crtend?.o *crtend.o *crtbegin?.o *crtbegin.o) .ctors)
                [!provide]                        PROVIDE (__init_array_end = .)

.fini_array     0x000000000000729c        0x0
                [!provide]                        PROVIDE (__fini_array_start = .)
 *(SORT_BY_INIT_PRIORITY(.fini_array.*) SORT_BY_INIT_PRIORITY(.dtors.*))
 *(.fini_array EXCLUDE_FILE(*crtend?.o *crtend.o *crtbegin?.o *crtbegin.o) .dtors)
                [!provide]                        PROVIDE (__fini_array_end = .)

.ctors
 *crtbegin.o(.ctors)
 *crtbegin?.o(.ctors)
 *(EXCLUDE_FILE(*crtend?.o *crtend.o) .ctors)
 *(SORT_BY_NAME(.ctors.*))
 *(.ctors)

.dtors
 *crtbegin.o(.dtors)
 *crtbegin?.o(.dtors)
 *(EXCLUDE_FILE(*crtend?.o *crtend.o) .dtors)
 *(SORT_BY_NAME(.dtors.*))
 *(.dtors)

.dalign         0x0000000020000000        0x0 load address 0x000000000000729c
                0x0000000020000000                . = ALIGN (0x4)
                0x0000000020000000                PROVIDE (_data_vma = .)

.dlalign        0x000000000000729c        0x0
                0x000000000000729c                . = ALIGN (0x4)
                0x000000000000729c                PROVIDE (_data_lma = .)

.data           0x0000000020000000      0x208 load address 0x000000000000729c
 *(.gnu.linkonce.r.*)
 *(.data .data.*)
 .data.AHBPrescTable
                0x0000000020000000       0x10 ./User/system_ch32v30x.o
                0x0000000020000000                AHBPrescTable
 .data.APBAHBPrescTable
                0x0000000020000010       0x10 ./Peripheral/src/ch32v30x_rcc.o
 .data.impure_data
                0x0000000020000020       0x60 d:/mounriver/mounriver_studio/toolchain/risc-v embedded gcc/bin/../lib/gcc/riscv-none-embed/8.2.0/../../../../riscv-none-embed/lib/rv32imac/ilp32\libg_nano.a(lib_a-impure.o)
 .data.__global_locale
                0x0000000020000080      0x16c d:/mounriver/mounriver_studio/toolchain/risc-v embedded gcc/bin/../lib/gcc/riscv-none-embed/8.2.0/../../../../riscv-none-embed/lib/rv32imac/ilp32\libg_nano.a(lib_a-locale.o)
                0x0000000020000080                __global_locale
 *(.gnu.linkonce.d.*)
                0x00000000200001f0                . = ALIGN (0x8)
 *fill*         0x00000000200001ec        0x4 
                0x00000000200009f0                PROVIDE (__global_pointer$ = (. + 0x800))
 *(.sdata .sdata.*)
 .sdata.BACK_COLOR
                0x00000000200001f0        0x2 ./User/lcd.o
                0x00000000200001f0                BACK_COLOR
 *fill*         0x00000000200001f2        0x2 
 .sdata.SystemCoreClock
                0x00000000200001f4        0x4 ./User/system_ch32v30x.o
                0x00000000200001f4                SystemCoreClock
 .sdata.ADCPrescTable
                0x00000000200001f8        0x4 ./Peripheral/src/ch32v30x_rcc.o
 .sdata.curbrk.5226
                0x00000000200001fc        0x4 ./Debug/debug.o
 .sdata._impure_ptr
                0x0000000020000200        0x4 d:/mounriver/mounriver_studio/toolchain/risc-v embedded gcc/bin/../lib/gcc/riscv-none-embed/8.2.0/../../../../riscv-none-embed/lib/rv32imac/ilp32\libg_nano.a(lib_a-impure.o)
                0x0000000020000200                _impure_ptr
 *(.sdata2.*)
 .sdata2._global_impure_ptr
                0x0000000020000204        0x4 d:/mounriver/mounriver_studio/toolchain/risc-v embedded gcc/bin/../lib/gcc/riscv-none-embed/8.2.0/../../../../riscv-none-embed/lib/rv32imac/ilp32\libg_nano.a(lib_a-impure.o)
                0x0000000020000204                _global_impure_ptr
 *(.gnu.linkonce.s.*)
                0x0000000020000208                . = ALIGN (0x8)
 *(.srodata.cst16)
 *(.srodata.cst8)
 *(.srodata.cst4)
 *(.srodata.cst2)
 *(.srodata .srodata.*)
                0x0000000020000208                . = ALIGN (0x4)
                0x0000000020000208                PROVIDE (_edata = .)

.bss            0x0000000020000208      0x460 load address 0x00000000000074a4
                0x0000000020000208                . = ALIGN (0x4)
                0x0000000020000208                PROVIDE (_sbss = .)
 *(.sbss*)
 .sbss.POINT_COLOR
                0x0000000020000208        0x2 ./User/lcd.o
                0x0000000020000208                POINT_COLOR
 *fill*         0x000000002000020a        0x2 
 .sbss.NVIC_Priority_Group
                0x000000002000020c        0x4 ./Peripheral/src/ch32v30x_misc.o
                0x000000002000020c                NVIC_Priority_Group
 .sbss.recv_ok  0x0000000020000210        0x1 ./Hardware/usart.o
                0x0000000020000210                recv_ok
 .sbss.uart_cnt
                0x0000000020000211        0x1 ./Hardware/usart.o
                0x0000000020000211                uart_cnt
 .sbss.p_ms     0x0000000020000212        0x2 ./Debug/debug.o
 .sbss.p_us     0x0000000020000214        0x1 ./Debug/debug.o
 *fill*         0x0000000020000215        0x3 
 .sbss.__malloc_free_list
                0x0000000020000218        0x4 d:/mounriver/mounriver_studio/toolchain/risc-v embedded gcc/bin/../lib/gcc/riscv-none-embed/8.2.0/../../../../riscv-none-embed/lib/rv32imac/ilp32\libg_nano.a(lib_a-nano-mallocr.o)
                0x0000000020000218                __malloc_free_list
 .sbss.__malloc_sbrk_start
                0x000000002000021c        0x4 d:/mounriver/mounriver_studio/toolchain/risc-v embedded gcc/bin/../lib/gcc/riscv-none-embed/8.2.0/../../../../riscv-none-embed/lib/rv32imac/ilp32\libg_nano.a(lib_a-nano-mallocr.o)
                0x000000002000021c                __malloc_sbrk_start
 *(.gnu.linkonce.sb.*)
 *(.bss*)
 .bss.uart_buf  0x0000000020000220       0x20 ./Hardware/usart.o
                0x0000000020000220                uart_buf
 *(.gnu.linkonce.b.*)
 *(COMMON*)
 COMMON         0x0000000020000240      0x414 ./User/L610.o
                0x0000000020000240                endptr
                0x0000000020000244                number
                0x0000000020000248                strx
                0x000000002000024c                USART_Rbuffer
                0x000000002000064c                USART_Rbuffer_Num
                0x0000000020000650                len
 COMMON         0x0000000020000654        0xe ./User/lcd.o
                0x0000000020000654                lcddev
 COMMON         0x0000000020000662        0x2 ./Hardware/usart.o
                0x0000000020000662                received_data
 COMMON         0x0000000020000664        0x4 d:/mounriver/mounriver_studio/toolchain/risc-v embedded gcc/bin/../lib/gcc/riscv-none-embed/8.2.0/../../../../riscv-none-embed/lib/rv32imac/ilp32\libg_nano.a(lib_a-reent.o)
                0x0000000020000664                errno
                0x0000000020000668                . = ALIGN (0x4)
                0x0000000020000668                PROVIDE (_ebss = .)
                0x0000000020000668                PROVIDE (_end = _ebss)
                [!provide]                        PROVIDE (end = .)

.stack          0x0000000020007800      0x800
                0x0000000020007800                PROVIDE (_heap_end = .)
                0x0000000020007800                . = ALIGN (0x4)
                [!provide]                        PROVIDE (_susrstack = .)
                0x0000000020008000                . = (. + __stack_size)
 *fill*         0x0000000020007800      0x800 
                0x0000000020008000                PROVIDE (_eusrstack = .)
OUTPUT(0508vv.elf elf32-littleriscv)

.debug_info     0x0000000000000000    0x13b8f
 .debug_info    0x0000000000000000      0xcf6 ./User/HX77.o
 .debug_info    0x0000000000000cf6     0x1682 ./User/L610.o
 .debug_info    0x0000000000002378      0x962 ./User/ch32v30x_it.o
 .debug_info    0x0000000000002cda     0x5d4f ./User/lcd.o
 .debug_info    0x0000000000008a29      0xf85 ./User/main.o
 .debug_info    0x00000000000099ae     0x15ab ./User/pages.o
 .debug_info    0x000000000000af59      0xb63 ./User/system_ch32v30x.o
 .debug_info    0x000000000000babc       0x22 ./Startup/startup_ch32v30x_D8C.o
 .debug_info    0x000000000000bade     0x104d ./Peripheral/src/ch32v30x_fsmc.o
 .debug_info    0x000000000000cb2b     0x1093 ./Peripheral/src/ch32v30x_gpio.o
 .debug_info    0x000000000000dbbe      0xf67 ./Peripheral/src/ch32v30x_misc.o
 .debug_info    0x000000000000eb25     0x155d ./Peripheral/src/ch32v30x_rcc.o
 .debug_info    0x0000000000010082     0x1420 ./Peripheral/src/ch32v30x_usart.o
 .debug_info    0x00000000000114a2     0x17ac ./Hardware/usart.o
 .debug_info    0x0000000000012c4e      0xf41 ./Debug/debug.o

.debug_abbrev   0x0000000000000000     0x2b39
 .debug_abbrev  0x0000000000000000      0x2da ./User/HX77.o
 .debug_abbrev  0x00000000000002da      0x31f ./User/L610.o
 .debug_abbrev  0x00000000000005f9      0x1cf ./User/ch32v30x_it.o
 .debug_abbrev  0x00000000000007c8      0x4ce ./User/lcd.o
 .debug_abbrev  0x0000000000000c96      0x2f1 ./User/main.o
 .debug_abbrev  0x0000000000000f87      0x333 ./User/pages.o
 .debug_abbrev  0x00000000000012ba      0x2c0 ./User/system_ch32v30x.o
 .debug_abbrev  0x000000000000157a       0x12 ./Startup/startup_ch32v30x_D8C.o
 .debug_abbrev  0x000000000000158c      0x2d9 ./Peripheral/src/ch32v30x_fsmc.o
 .debug_abbrev  0x0000000000001865      0x31a ./Peripheral/src/ch32v30x_gpio.o
 .debug_abbrev  0x0000000000001b7f      0x2fb ./Peripheral/src/ch32v30x_misc.o
 .debug_abbrev  0x0000000000001e7a      0x351 ./Peripheral/src/ch32v30x_rcc.o
 .debug_abbrev  0x00000000000021cb      0x325 ./Peripheral/src/ch32v30x_usart.o
 .debug_abbrev  0x00000000000024f0      0x350 ./Hardware/usart.o
 .debug_abbrev  0x0000000000002840      0x2f9 ./Debug/debug.o

.debug_loc      0x0000000000000000     0x7356
 .debug_loc     0x0000000000000000       0x52 ./User/HX77.o
 .debug_loc     0x0000000000000052      0x229 ./User/L610.o
 .debug_loc     0x000000000000027b     0x4e61 ./User/lcd.o
 .debug_loc     0x00000000000050dc       0x1e ./User/main.o
 .debug_loc     0x00000000000050fa       0x8c ./User/pages.o
 .debug_loc     0x0000000000005186       0xe5 ./User/system_ch32v30x.o
 .debug_loc     0x000000000000526b      0x454 ./Peripheral/src/ch32v30x_fsmc.o
 .debug_loc     0x00000000000056bf      0x67b ./Peripheral/src/ch32v30x_gpio.o
 .debug_loc     0x0000000000005d3a       0xce ./Peripheral/src/ch32v30x_misc.o
 .debug_loc     0x0000000000005e08      0xa54 ./Peripheral/src/ch32v30x_rcc.o
 .debug_loc     0x000000000000685c      0x7f8 ./Peripheral/src/ch32v30x_usart.o
 .debug_loc     0x0000000000007054      0x15a ./Hardware/usart.o
 .debug_loc     0x00000000000071ae      0x1a8 ./Debug/debug.o

.debug_aranges  0x0000000000000000      0x6e8
 .debug_aranges
                0x0000000000000000       0x30 ./User/HX77.o
 .debug_aranges
                0x0000000000000030       0x50 ./User/L610.o
 .debug_aranges
                0x0000000000000080       0x28 ./User/ch32v30x_it.o
 .debug_aranges
                0x00000000000000a8       0xc0 ./User/lcd.o
 .debug_aranges
                0x0000000000000168       0x30 ./User/main.o
 .debug_aranges
                0x0000000000000198       0x50 ./User/pages.o
 .debug_aranges
                0x00000000000001e8       0x28 ./User/system_ch32v30x.o
 .debug_aranges
                0x0000000000000210       0x30 ./Startup/startup_ch32v30x_D8C.o
 .debug_aranges
                0x0000000000000240       0x90 ./Peripheral/src/ch32v30x_fsmc.o
 .debug_aranges
                0x00000000000002d0       0xa8 ./Peripheral/src/ch32v30x_gpio.o
 .debug_aranges
                0x0000000000000378       0x28 ./Peripheral/src/ch32v30x_misc.o
 .debug_aranges
                0x00000000000003a0      0x1a8 ./Peripheral/src/ch32v30x_rcc.o
 .debug_aranges
                0x0000000000000548      0x100 ./Peripheral/src/ch32v30x_usart.o
 .debug_aranges
                0x0000000000000648       0x58 ./Hardware/usart.o
 .debug_aranges
                0x00000000000006a0       0x48 ./Debug/debug.o

.debug_ranges   0x0000000000000000      0xc50
 .debug_ranges  0x0000000000000000       0x20 ./User/HX77.o
 .debug_ranges  0x0000000000000020       0x58 ./User/L610.o
 .debug_ranges  0x0000000000000078       0x18 ./User/ch32v30x_it.o
 .debug_ranges  0x0000000000000090      0x680 ./User/lcd.o
 .debug_ranges  0x0000000000000710       0x38 ./User/main.o
 .debug_ranges  0x0000000000000748       0x40 ./User/pages.o
 .debug_ranges  0x0000000000000788       0x38 ./User/system_ch32v30x.o
 .debug_ranges  0x00000000000007c0       0x28 ./Startup/startup_ch32v30x_D8C.o
 .debug_ranges  0x00000000000007e8       0x80 ./Peripheral/src/ch32v30x_fsmc.o
 .debug_ranges  0x0000000000000868       0x98 ./Peripheral/src/ch32v30x_gpio.o
 .debug_ranges  0x0000000000000900       0x48 ./Peripheral/src/ch32v30x_misc.o
 .debug_ranges  0x0000000000000948      0x198 ./Peripheral/src/ch32v30x_rcc.o
 .debug_ranges  0x0000000000000ae0       0xf0 ./Peripheral/src/ch32v30x_usart.o
 .debug_ranges  0x0000000000000bd0       0x48 ./Hardware/usart.o
 .debug_ranges  0x0000000000000c18       0x38 ./Debug/debug.o

.debug_line     0x0000000000000000     0xfe39
 .debug_line    0x0000000000000000      0x5f5 ./User/HX77.o
 .debug_line    0x00000000000005f5      0xf35 ./User/L610.o
 .debug_line    0x000000000000152a      0x259 ./User/ch32v30x_it.o
 .debug_line    0x0000000000001783     0x69ae ./User/lcd.o
 .debug_line    0x0000000000008131      0x719 ./User/main.o
 .debug_line    0x000000000000884a      0x865 ./User/pages.o
 .debug_line    0x00000000000090af      0x7b5 ./User/system_ch32v30x.o
 .debug_line    0x0000000000009864      0x356 ./Startup/startup_ch32v30x_D8C.o
 .debug_line    0x0000000000009bba      0xeba ./Peripheral/src/ch32v30x_fsmc.o
 .debug_line    0x000000000000aa74      0xe39 ./Peripheral/src/ch32v30x_gpio.o
 .debug_line    0x000000000000b8ad      0x558 ./Peripheral/src/ch32v30x_misc.o
 .debug_line    0x000000000000be05     0x1879 ./Peripheral/src/ch32v30x_rcc.o
 .debug_line    0x000000000000d67e     0x1132 ./Peripheral/src/ch32v30x_usart.o
 .debug_line    0x000000000000e7b0      0xeff ./Hardware/usart.o
 .debug_line    0x000000000000f6af      0x78a ./Debug/debug.o

.debug_str      0x0000000000000000     0x2857
 .debug_str     0x0000000000000000      0x722 ./User/HX77.o
                                        0x7a7 (size before relaxing)
 .debug_str     0x0000000000000722      0x1a3 ./User/L610.o
                                        0x77f (size before relaxing)
 .debug_str     0x00000000000008c5       0x34 ./User/ch32v30x_it.o
                                        0x5d5 (size before relaxing)
 .debug_str     0x00000000000008f9      0x4b6 ./User/lcd.o
                                        0xc83 (size before relaxing)
 .debug_str     0x0000000000000daf       0xa8 ./User/main.o
                                        0x961 (size before relaxing)
 .debug_str     0x0000000000000e57       0xdb ./User/pages.o
                                        0x860 (size before relaxing)
 .debug_str     0x0000000000000f32       0xd9 ./User/system_ch32v30x.o
                                        0x6cf (size before relaxing)
 .debug_str     0x000000000000100b       0x43 ./Startup/startup_ch32v30x_D8C.o
 .debug_str     0x000000000000104e      0x2fc ./Peripheral/src/ch32v30x_fsmc.o
                                        0xae7 (size before relaxing)
 .debug_str     0x000000000000134a      0x21d ./Peripheral/src/ch32v30x_gpio.o
                                        0x990 (size before relaxing)
 .debug_str     0x0000000000001567      0x6e1 ./Peripheral/src/ch32v30x_misc.o
                                        0xcdb (size before relaxing)
 .debug_str     0x0000000000001c48      0x5ca ./Peripheral/src/ch32v30x_rcc.o
                                        0xce0 (size before relaxing)
 .debug_str     0x0000000000002212      0x421 ./Peripheral/src/ch32v30x_usart.o
                                        0xb36 (size before relaxing)
 .debug_str     0x0000000000002633      0x1ae ./Hardware/usart.o
                                       0x10ea (size before relaxing)
 .debug_str     0x00000000000027e1       0x76 ./Debug/debug.o
                                        0x935 (size before relaxing)

.comment        0x0000000000000000       0x33
 .comment       0x0000000000000000       0x33 ./User/HX77.o
                                         0x34 (size before relaxing)
 .comment       0x0000000000000033       0x34 ./User/L610.o
 .comment       0x0000000000000033       0x34 ./User/ch32v30x_it.o
 .comment       0x0000000000000033       0x34 ./User/lcd.o
 .comment       0x0000000000000033       0x34 ./User/main.o
 .comment       0x0000000000000033       0x34 ./User/pages.o
 .comment       0x0000000000000033       0x34 ./User/system_ch32v30x.o
 .comment       0x0000000000000033       0x34 ./Peripheral/src/ch32v30x_fsmc.o
 .comment       0x0000000000000033       0x34 ./Peripheral/src/ch32v30x_gpio.o
 .comment       0x0000000000000033       0x34 ./Peripheral/src/ch32v30x_misc.o
 .comment       0x0000000000000033       0x34 ./Peripheral/src/ch32v30x_rcc.o
 .comment       0x0000000000000033       0x34 ./Peripheral/src/ch32v30x_usart.o
 .comment       0x0000000000000033       0x34 ./Hardware/usart.o
 .comment       0x0000000000000033       0x34 ./Debug/debug.o

.debug_frame    0x0000000000000000     0x1abc
 .debug_frame   0x0000000000000000       0x6c ./User/HX77.o
 .debug_frame   0x000000000000006c      0x188 ./User/L610.o
 .debug_frame   0x00000000000001f4       0x30 ./User/ch32v30x_it.o
 .debug_frame   0x0000000000000224      0x360 ./User/lcd.o
 .debug_frame   0x0000000000000584       0x64 ./User/main.o
 .debug_frame   0x00000000000005e8      0x120 ./User/pages.o
 .debug_frame   0x0000000000000708       0x3c ./User/system_ch32v30x.o
 .debug_frame   0x0000000000000744      0x100 ./Peripheral/src/ch32v30x_fsmc.o
 .debug_frame   0x0000000000000844      0x150 ./Peripheral/src/ch32v30x_gpio.o
 .debug_frame   0x0000000000000994       0x30 ./Peripheral/src/ch32v30x_misc.o
 .debug_frame   0x00000000000009c4      0x340 ./Peripheral/src/ch32v30x_rcc.o
 .debug_frame   0x0000000000000d04      0x210 ./Peripheral/src/ch32v30x_usart.o
 .debug_frame   0x0000000000000f14      0x134 ./Hardware/usart.o
 .debug_frame   0x0000000000001048       0xa4 ./Debug/debug.o
 .debug_frame   0x00000000000010ec       0x30 d:/mounriver/mounriver_studio/toolchain/risc-v embedded gcc/bin/../lib/gcc/riscv-none-embed/8.2.0/../../../../riscv-none-embed/lib/rv32imac/ilp32\libg_nano.a(lib_a-isalpha.o)
 .debug_frame   0x000000000000111c       0x78 d:/mounriver/mounriver_studio/toolchain/risc-v embedded gcc/bin/../lib/gcc/riscv-none-embed/8.2.0/../../../../riscv-none-embed/lib/rv32imac/ilp32\libg_nano.a(lib_a-locale.o)
 .debug_frame   0x0000000000001194       0x38 d:/mounriver/mounriver_studio/toolchain/risc-v embedded gcc/bin/../lib/gcc/riscv-none-embed/8.2.0/../../../../riscv-none-embed/lib/rv32imac/ilp32\libg_nano.a(lib_a-mbtowc_r.o)
 .debug_frame   0x00000000000011cc       0x40 d:/mounriver/mounriver_studio/toolchain/risc-v embedded gcc/bin/../lib/gcc/riscv-none-embed/8.2.0/../../../../riscv-none-embed/lib/rv32imac/ilp32\libg_nano.a(lib_a-nano-freer.o)
 .debug_frame   0x000000000000120c       0x40 d:/mounriver/mounriver_studio/toolchain/risc-v embedded gcc/bin/../lib/gcc/riscv-none-embed/8.2.0/../../../../riscv-none-embed/lib/rv32imac/ilp32\libg_nano.a(lib_a-nano-mallocr.o)
 .debug_frame   0x000000000000124c       0x54 d:/mounriver/mounriver_studio/toolchain/risc-v embedded gcc/bin/../lib/gcc/riscv-none-embed/8.2.0/../../../../riscv-none-embed/lib/rv32imac/ilp32\libg_nano.a(lib_a-printf.o)
 .debug_frame   0x00000000000012a0       0x30 d:/mounriver/mounriver_studio/toolchain/risc-v embedded gcc/bin/../lib/gcc/riscv-none-embed/8.2.0/../../../../riscv-none-embed/lib/rv32imac/ilp32\libg_nano.a(lib_a-sbrkr.o)
 .debug_frame   0x00000000000012d0       0x50 d:/mounriver/mounriver_studio/toolchain/risc-v embedded gcc/bin/../lib/gcc/riscv-none-embed/8.2.0/../../../../riscv-none-embed/lib/rv32imac/ilp32\libg_nano.a(lib_a-wbuf.o)
 .debug_frame   0x0000000000001320       0x30 d:/mounriver/mounriver_studio/toolchain/risc-v embedded gcc/bin/../lib/gcc/riscv-none-embed/8.2.0/../../../../riscv-none-embed/lib/rv32imac/ilp32\libg_nano.a(lib_a-wctomb_r.o)
 .debug_frame   0x0000000000001350       0x3c d:/mounriver/mounriver_studio/toolchain/risc-v embedded gcc/bin/../lib/gcc/riscv-none-embed/8.2.0/../../../../riscv-none-embed/lib/rv32imac/ilp32\libg_nano.a(lib_a-wsetup.o)
 .debug_frame   0x000000000000138c       0x7c d:/mounriver/mounriver_studio/toolchain/risc-v embedded gcc/bin/../lib/gcc/riscv-none-embed/8.2.0/../../../../riscv-none-embed/lib/rv32imac/ilp32\libg_nano.a(lib_a-fflush.o)
 .debug_frame   0x0000000000001408      0x148 d:/mounriver/mounriver_studio/toolchain/risc-v embedded gcc/bin/../lib/gcc/riscv-none-embed/8.2.0/../../../../riscv-none-embed/lib/rv32imac/ilp32\libg_nano.a(lib_a-findfp.o)
 .debug_frame   0x0000000000001550       0x88 d:/mounriver/mounriver_studio/toolchain/risc-v embedded gcc/bin/../lib/gcc/riscv-none-embed/8.2.0/../../../../riscv-none-embed/lib/rv32imac/ilp32\libg_nano.a(lib_a-fwalk.o)
 .debug_frame   0x00000000000015d8       0x64 d:/mounriver/mounriver_studio/toolchain/risc-v embedded gcc/bin/../lib/gcc/riscv-none-embed/8.2.0/../../../../riscv-none-embed/lib/rv32imac/ilp32\libg_nano.a(lib_a-makebuf.o)
 .debug_frame   0x000000000000163c       0x30 d:/mounriver/mounriver_studio/toolchain/risc-v embedded gcc/bin/../lib/gcc/riscv-none-embed/8.2.0/../../../../riscv-none-embed/lib/rv32imac/ilp32\libg_nano.a(lib_a-mlock.o)
 .debug_frame   0x000000000000166c       0xd0 d:/mounriver/mounriver_studio/toolchain/risc-v embedded gcc/bin/../lib/gcc/riscv-none-embed/8.2.0/../../../../riscv-none-embed/lib/rv32imac/ilp32\libg_nano.a(lib_a-nano-vfprintf.o)
 .debug_frame   0x000000000000173c       0x8c d:/mounriver/mounriver_studio/toolchain/risc-v embedded gcc/bin/../lib/gcc/riscv-none-embed/8.2.0/../../../../riscv-none-embed/lib/rv32imac/ilp32\libg_nano.a(lib_a-nano-vfprintf_i.o)
 .debug_frame   0x00000000000017c8       0x70 d:/mounriver/mounriver_studio/toolchain/risc-v embedded gcc/bin/../lib/gcc/riscv-none-embed/8.2.0/../../../../riscv-none-embed/lib/rv32imac/ilp32\libg_nano.a(lib_a-reent.o)
 .debug_frame   0x0000000000001838       0xa4 d:/mounriver/mounriver_studio/toolchain/risc-v embedded gcc/bin/../lib/gcc/riscv-none-embed/8.2.0/../../../../riscv-none-embed/lib/rv32imac/ilp32\libg_nano.a(lib_a-stdio.o)
 .debug_frame   0x00000000000018dc       0x30 d:/mounriver/mounriver_studio/toolchain/risc-v embedded gcc/bin/../lib/gcc/riscv-none-embed/8.2.0/../../../../riscv-none-embed/lib/rv32imac/ilp32\libg_nano.a(lib_a-writer.o)
 .debug_frame   0x000000000000190c       0x30 d:/mounriver/mounriver_studio/toolchain/risc-v embedded gcc/bin/../lib/gcc/riscv-none-embed/8.2.0/../../../../riscv-none-embed/lib/rv32imac/ilp32\libg_nano.a(lib_a-closer.o)
 .debug_frame   0x000000000000193c       0x30 d:/mounriver/mounriver_studio/toolchain/risc-v embedded gcc/bin/../lib/gcc/riscv-none-embed/8.2.0/../../../../riscv-none-embed/lib/rv32imac/ilp32\libg_nano.a(lib_a-fstatr.o)
 .debug_frame   0x000000000000196c       0x30 d:/mounriver/mounriver_studio/toolchain/risc-v embedded gcc/bin/../lib/gcc/riscv-none-embed/8.2.0/../../../../riscv-none-embed/lib/rv32imac/ilp32\libg_nano.a(lib_a-isattyr.o)
 .debug_frame   0x000000000000199c       0x30 d:/mounriver/mounriver_studio/toolchain/risc-v embedded gcc/bin/../lib/gcc/riscv-none-embed/8.2.0/../../../../riscv-none-embed/lib/rv32imac/ilp32\libg_nano.a(lib_a-lseekr.o)
 .debug_frame   0x00000000000019cc       0x20 d:/mounriver/mounriver_studio/toolchain/risc-v embedded gcc/bin/../lib/gcc/riscv-none-embed/8.2.0/../../../../riscv-none-embed/lib/rv32imac/ilp32\libg_nano.a(lib_a-memchr.o)
 .debug_frame   0x00000000000019ec       0x30 d:/mounriver/mounriver_studio/toolchain/risc-v embedded gcc/bin/../lib/gcc/riscv-none-embed/8.2.0/../../../../riscv-none-embed/lib/rv32imac/ilp32\libg_nano.a(lib_a-readr.o)
 .debug_frame   0x0000000000001a1c       0x20 d:/mounriver/mounriver_studio/toolchain/risc-v embedded gcc/bin/../lib/gcc/riscv-none-embed/8.2.0/../../../../riscv-none-embed/lib/rv32imac/ilp32\libnosys.a(close.o)
 .debug_frame   0x0000000000001a3c       0x20 d:/mounriver/mounriver_studio/toolchain/risc-v embedded gcc/bin/../lib/gcc/riscv-none-embed/8.2.0/../../../../riscv-none-embed/lib/rv32imac/ilp32\libnosys.a(fstat.o)
 .debug_frame   0x0000000000001a5c       0x20 d:/mounriver/mounriver_studio/toolchain/risc-v embedded gcc/bin/../lib/gcc/riscv-none-embed/8.2.0/../../../../riscv-none-embed/lib/rv32imac/ilp32\libnosys.a(isatty.o)
 .debug_frame   0x0000000000001a7c       0x20 d:/mounriver/mounriver_studio/toolchain/risc-v embedded gcc/bin/../lib/gcc/riscv-none-embed/8.2.0/../../../../riscv-none-embed/lib/rv32imac/ilp32\libnosys.a(lseek.o)
 .debug_frame   0x0000000000001a9c       0x20 d:/mounriver/mounriver_studio/toolchain/risc-v embedded gcc/bin/../lib/gcc/riscv-none-embed/8.2.0/../../../../riscv-none-embed/lib/rv32imac/ilp32\libnosys.a(read.o)

.stab           0x0000000000000000       0x84
 .stab          0x0000000000000000       0x24 d:/mounriver/mounriver_studio/toolchain/risc-v embedded gcc/bin/../lib/gcc/riscv-none-embed/8.2.0/../../../../riscv-none-embed/lib/rv32imac/ilp32\libnosys.a(close.o)
 .stab          0x0000000000000024       0x18 d:/mounriver/mounriver_studio/toolchain/risc-v embedded gcc/bin/../lib/gcc/riscv-none-embed/8.2.0/../../../../riscv-none-embed/lib/rv32imac/ilp32\libnosys.a(fstat.o)
                                         0x24 (size before relaxing)
 .stab          0x000000000000003c       0x18 d:/mounriver/mounriver_studio/toolchain/risc-v embedded gcc/bin/../lib/gcc/riscv-none-embed/8.2.0/../../../../riscv-none-embed/lib/rv32imac/ilp32\libnosys.a(isatty.o)
                                         0x24 (size before relaxing)
 .stab          0x0000000000000054       0x18 d:/mounriver/mounriver_studio/toolchain/risc-v embedded gcc/bin/../lib/gcc/riscv-none-embed/8.2.0/../../../../riscv-none-embed/lib/rv32imac/ilp32\libnosys.a(lseek.o)
                                         0x24 (size before relaxing)
 .stab          0x000000000000006c       0x18 d:/mounriver/mounriver_studio/toolchain/risc-v embedded gcc/bin/../lib/gcc/riscv-none-embed/8.2.0/../../../../riscv-none-embed/lib/rv32imac/ilp32\libnosys.a(read.o)
                                         0x24 (size before relaxing)

.stabstr        0x0000000000000000      0x117
 .stabstr       0x0000000000000000      0x117 d:/mounriver/mounriver_studio/toolchain/risc-v embedded gcc/bin/../lib/gcc/riscv-none-embed/8.2.0/../../../../riscv-none-embed/lib/rv32imac/ilp32\libnosys.a(close.o)
