Archive member included to satisfy reference by file (symbol)

d:/mounriver/mounriver_studio/toolchain/risc-v embedded gcc/bin/../lib/gcc/riscv-none-embed/8.2.0/rv32imac/ilp32\libgcc.a(extendsfdf2.o)
                              ./User/main.o (__extendsfdf2)
d:/mounriver/mounriver_studio/toolchain/risc-v embedded gcc/bin/../lib/gcc/riscv-none-embed/8.2.0/rv32imac/ilp32\libgcc.a(_clzsi2.o)
                              d:/mounriver/mounriver_studio/toolchain/risc-v embedded gcc/bin/../lib/gcc/riscv-none-embed/8.2.0/rv32imac/ilp32\libgcc.a(extendsfdf2.o) (__clzsi2)
d:/mounriver/mounriver_studio/toolchain/risc-v embedded gcc/bin/../lib/gcc/riscv-none-embed/8.2.0/rv32imac/ilp32\libgcc.a(_clz.o)
                              d:/mounriver/mounriver_studio/toolchain/risc-v embedded gcc/bin/../lib/gcc/riscv-none-embed/8.2.0/rv32imac/ilp32\libgcc.a(_clzsi2.o) (__clz_tab)
d:/mounriver/mounriver_studio/toolchain/risc-v embedded gcc/bin/../lib/gcc/riscv-none-embed/8.2.0/../../../../riscv-none-embed/lib/rv32imac/ilp32\libg_nano.a(lib_a-memset.o)
                              ./User/L610.o (memset)
d:/mounriver/mounriver_studio/toolchain/risc-v embedded gcc/bin/../lib/gcc/riscv-none-embed/8.2.0/../../../../riscv-none-embed/lib/rv32imac/ilp32\libg_nano.a(lib_a-printf.o)
                              ./User/L610.o (printf)
d:/mounriver/mounriver_studio/toolchain/risc-v embedded gcc/bin/../lib/gcc/riscv-none-embed/8.2.0/../../../../riscv-none-embed/lib/rv32imac/ilp32\libg_nano.a(lib_a-puts.o)
                              ./User/L610.o (puts)
d:/mounriver/mounriver_studio/toolchain/risc-v embedded gcc/bin/../lib/gcc/riscv-none-embed/8.2.0/../../../../riscv-none-embed/lib/rv32imac/ilp32\libg_nano.a(lib_a-strstr.o)
                              ./User/L610.o (strstr)
d:/mounriver/mounriver_studio/toolchain/risc-v embedded gcc/bin/../lib/gcc/riscv-none-embed/8.2.0/../../../../riscv-none-embed/lib/rv32imac/ilp32\libg_nano.a(lib_a-strtod.o)
                              ./User/L610.o (strtof)
d:/mounriver/mounriver_studio/toolchain/risc-v embedded gcc/bin/../lib/gcc/riscv-none-embed/8.2.0/../../../../riscv-none-embed/lib/rv32imac/ilp32\libg_nano.a(lib_a-wbuf.o)
                              d:/mounriver/mounriver_studio/toolchain/risc-v embedded gcc/bin/../lib/gcc/riscv-none-embed/8.2.0/../../../../riscv-none-embed/lib/rv32imac/ilp32\libg_nano.a(lib_a-puts.o) (__swbuf_r)
d:/mounriver/mounriver_studio/toolchain/risc-v embedded gcc/bin/../lib/gcc/riscv-none-embed/8.2.0/../../../../riscv-none-embed/lib/rv32imac/ilp32\libg_nano.a(lib_a-wsetup.o)
                              d:/mounriver/mounriver_studio/toolchain/risc-v embedded gcc/bin/../lib/gcc/riscv-none-embed/8.2.0/../../../../riscv-none-embed/lib/rv32imac/ilp32\libg_nano.a(lib_a-puts.o) (__swsetup_r)
d:/mounriver/mounriver_studio/toolchain/risc-v embedded gcc/bin/../lib/gcc/riscv-none-embed/8.2.0/../../../../riscv-none-embed/lib/rv32imac/ilp32\libg_nano.a(lib_a-fflush.o)
                              d:/mounriver/mounriver_studio/toolchain/risc-v embedded gcc/bin/../lib/gcc/riscv-none-embed/8.2.0/../../../../riscv-none-embed/lib/rv32imac/ilp32\libg_nano.a(lib_a-wbuf.o) (_fflush_r)
d:/mounriver/mounriver_studio/toolchain/risc-v embedded gcc/bin/../lib/gcc/riscv-none-embed/8.2.0/../../../../riscv-none-embed/lib/rv32imac/ilp32\libg_nano.a(lib_a-findfp.o)
                              d:/mounriver/mounriver_studio/toolchain/risc-v embedded gcc/bin/../lib/gcc/riscv-none-embed/8.2.0/../../../../riscv-none-embed/lib/rv32imac/ilp32\libg_nano.a(lib_a-printf.o) (__sinit)
d:/mounriver/mounriver_studio/toolchain/risc-v embedded gcc/bin/../lib/gcc/riscv-none-embed/8.2.0/../../../../riscv-none-embed/lib/rv32imac/ilp32\libg_nano.a(lib_a-fwalk.o)
                              d:/mounriver/mounriver_studio/toolchain/risc-v embedded gcc/bin/../lib/gcc/riscv-none-embed/8.2.0/../../../../riscv-none-embed/lib/rv32imac/ilp32\libg_nano.a(lib_a-findfp.o) (_fwalk)
d:/mounriver/mounriver_studio/toolchain/risc-v embedded gcc/bin/../lib/gcc/riscv-none-embed/8.2.0/../../../../riscv-none-embed/lib/rv32imac/ilp32\libg_nano.a(lib_a-gdtoa-gethex.o)
                              d:/mounriver/mounriver_studio/toolchain/risc-v embedded gcc/bin/../lib/gcc/riscv-none-embed/8.2.0/../../../../riscv-none-embed/lib/rv32imac/ilp32\libg_nano.a(lib_a-strtod.o) (__gethex)
d:/mounriver/mounriver_studio/toolchain/risc-v embedded gcc/bin/../lib/gcc/riscv-none-embed/8.2.0/../../../../riscv-none-embed/lib/rv32imac/ilp32\libg_nano.a(lib_a-gdtoa-hexnan.o)
                              d:/mounriver/mounriver_studio/toolchain/risc-v embedded gcc/bin/../lib/gcc/riscv-none-embed/8.2.0/../../../../riscv-none-embed/lib/rv32imac/ilp32\libg_nano.a(lib_a-strtod.o) (__match)
d:/mounriver/mounriver_studio/toolchain/risc-v embedded gcc/bin/../lib/gcc/riscv-none-embed/8.2.0/../../../../riscv-none-embed/lib/rv32imac/ilp32\libg_nano.a(lib_a-impure.o)
[...]
Memory Configuration

Name             Origin             Length             Attributes
FLASH            0x0000000000000000 0x0000000000048000 xr
RAM              0x0000000020000000 0x0000000000008000 xrw
*default*        0x0000000000000000 0xffffffffffffffff

Linker script and memory map

LOAD ./User/L610.o
LOAD ./User/ch32v30x_it.o
LOAD ./User/lcd.o
LOAD ./User/main.o
LOAD ./User/pages.o
LOAD ./User/system_ch32v30x.o
LOAD ./Startup/startup_ch32v30x_D8C.o
LOAD ./Peripheral/src/ch32v30x_adc.o
LOAD ./Peripheral/src/ch32v30x_bkp.o
LOAD ./Peripheral/src/ch32v30x_can.o
LOAD ./Peripheral/src/ch32v30x_crc.o
LOAD ./Peripheral/src/ch32v30x_dac.o
LOAD ./Peripheral/src/ch32v30x_dbgmcu.o
LOAD ./Peripheral/src/ch32v30x_dma.o
LOAD ./Peripheral/src/ch32v30x_dvp.o
LOAD ./Peripheral/src/ch32v30x_eth.o
LOAD ./Peripheral/src/ch32v30x_exti.o
LOAD ./Peripheral/src/ch32v30x_flash.o
LOAD ./Peripheral/src/ch32v30x_fsmc.o
LOAD ./Peripheral/src/ch32v30x_gpio.o
LOAD ./Peripheral/src/ch32v30x_i2c.o
LOAD ./Peripheral/src/ch32v30x_iwdg.o
LOAD ./Peripheral/src/ch32v30x_misc.o
LOAD ./Peripheral/src/ch32v30x_opa.o
LOAD ./Peripheral/src/ch32v30x_pwr.o
LOAD ./Peripheral/src/ch32v30x_rcc.o
LOAD ./Peripheral/src/ch32v30x_rng.o
LOAD ./Peripheral/src/ch32v30x_rtc.o
LOAD ./Peripheral/src/ch32v30x_sdio.o
LOAD ./Peripheral/src/ch32v30x_spi.o
LOAD ./Peripheral/src/ch32v30x_tim.o
LOAD ./Peripheral/src/ch32v30x_usart.o
LOAD ./Peripheral/src/ch32v30x_wwdg.o
LOAD ./Hardware/usart.o
LOAD ./Debug/debug.o
LOAD ./Core/core_riscv.o
LOAD d:/mounriver/mounriver_studio/toolchain/risc-v embedded gcc/bin/../lib/gcc/riscv-none-embed/8.2.0/rv32imac/ilp32\libgcc.a
LOAD d:/mounriver/mounriver_studio/toolchain/risc-v embedded gcc/bin/../lib/gcc/riscv-none-embed/8.2.0/../../../../riscv-none-embed/lib/rv32imac/ilp32\libg_nano.a
LOAD d:/mounriver/mounriver_studio/toolchain/risc-v embedded gcc/bin/../lib/gcc/riscv-none-embed/8.2.0/../../../../riscv-none-embed/lib/rv32imac/ilp32\libc_nano.a
LOAD d:/mounriver/mounriver_studio/toolchain/risc-v embedded gcc/bin/../lib/gcc/riscv-none-embed/8.2.0/rv32imac/ilp32\libgcc.a
START GROUP
LOAD d:/mounriver/mounriver_studio/toolchain/risc-v embedded gcc/bin/../lib/gcc/riscv-none-embed/8.2.0/rv32imac/ilp32\libgcc.a
LOAD d:/mounriver/mounriver_studio/toolchain/risc-v embedded gcc/bin/../lib/gcc/riscv-none-embed/8.2.0/../../../../riscv-none-embed/lib/rv32imac/ilp32\libc_nano.a
LOAD d:/mounriver/mounriver_studio/toolchain/risc-v embedded gcc/bin/../lib/gcc/riscv-none-embed/8.2.0/../../../../riscv-none-embed/lib/rv32imac/ilp32\libnosys.a
END GROUP
START GROUP
LOAD d:/mounriver/mounriver_studio/toolchain/risc-v embedded gcc/bin/../lib/gcc/riscv-none-embed/8.2.0/rv32imac/ilp32\libgcc.a
LOAD d:/mounriver/mounriver_studio/toolchain/risc-v embedded gcc/bin/../lib/gcc/riscv-none-embed/8.2.0/../../../../riscv-none-embed/lib/rv32imac/ilp32\libc_nano.a
LOAD d:/mounriver/mounriver_studio/toolchain/risc-v embedded gcc/bin/../lib/gcc/riscv-none-embed/8.2.0/../../../../riscv-none-embed/lib/rv32imac/ilp32\libnosys.a
END GROUP
                0x0000000000000800                __stack_size = 0x800
                [!provide]                        PROVIDE (_stack_size = __stack_size)

.init           0x0000000000000000       0x38
                0x0000000000000000                _sinit = .
                0x0000000000000000                . = ALIGN (0x4)
 *(SORT_NONE(.init))
 .init          0x0000000000000000       0x38 ./Startup/startup_ch32v30x_D8C.o
                0x0000000000000000                _start
                0x0000000000000038                . = ALIGN (0x4)
                0x0000000000000038                _einit = .

.vector         0x0000000000000038      0x1c8
 *(.vector)
 .vector        0x0000000000000038      0x1a0 ./Startup/startup_ch32v30x_D8C.o
                0x0000000000000200                . = ALIGN (0x40)
 *fill*         0x00000000000001d8       0x28 

.text           0x0000000000000200     0xbb48
                0x0000000000000200                . = ALIGN (0x4)
 *(.text)
 .text          0x0000000000000200       0xa8 d:/mounriver/mounriver_studio/toolchain/risc-v embedded gcc/bin/../lib/gcc/riscv-none-embed/8.2.0/../../../../riscv-none-embed/lib/rv32imac/ilp32\libg_nano.a(lib_a-memset.o)
                0x0000000000000200                memset
 *(.text.*)
 .text.L610_Init
                0x00000000000002a8       0x32 ./User/L610.o
                0x00000000000002a8                L610_Init
 .text.L610_Lookup
                0x00000000000002da      0x11c ./User/L610.o
                0x00000000000002da                L610_Lookup
 .text.L610_RequestIP
                0x00000000000003f6       0xa4 ./User/L610.o
                0x00000000000003f6                L610_RequestIP
 .text.L610_SetAndConnect
                0x000000000000049a      0x164 ./User/L610.o
                0x000000000000049a                L610_SetAndConnect
 .text.L610_Sub
                0x00000000000005fe       0xa0 ./User/L610.o
                0x00000000000005fe                L610_Sub
 .text.L610_Pub
                0x000000000000069e       0xac ./User/L610.o
                0x000000000000069e                L610_Pub
 .text.L610_Recive
                0x000000000000074a      0x284 ./User/L610.o
                0x000000000000074a                L610_Recive
 .text.NMI_Handler
                0x00000000000009ce        0x4 ./User/ch32v30x_it.o
                0x00000000000009ce                NMI_Handler
 .text.HardFault_Handler
                0x00000000000009d2        0x2 ./User/ch32v30x_it.o
                0x00000000000009d2                HardFault_Handler
 .text.LCD_RD_DATA
                0x00000000000009d4       0x1c ./User/lcd.o
                0x00000000000009d4                LCD_RD_DATA
 .text.LCD_ReadReg
                0x00000000000009f0       0x18 ./User/lcd.o
                0x00000000000009f0                LCD_ReadReg
 .text.LCD_WriteRAM_Prepare
                0x0000000000000a08        0xe ./User/lcd.o
                0x0000000000000a08                LCD_WriteRAM_Prepare
 .text.LCD_SetCursor
                0x0000000000000a16       0x4e ./User/lcd.o
                0x0000000000000a16                LCD_SetCursor
 .text.LCD_Scan_Dir
                0x0000000000000a64       0xb8 ./User/lcd.o
                0x0000000000000a64                LCD_Scan_Dir
 .text.LCD_Display_Dir
                0x0000000000000b1c       0x4a ./User/lcd.o
                0x0000000000000b1c                LCD_Display_Dir
 .text.LCD_Clear
                0x0000000000000b66       0x3e ./User/lcd.o
                0x0000000000000b66                LCD_Clear
 .text.LCD_Init
                0x0000000000000ba4     0x1694 ./User/lcd.o
                0x0000000000000ba4                LCD_Init
 .text.LCD_Fast_DrawPoint
                0x0000000000002238       0x70 ./User/lcd.o
                0x0000000000002238                LCD_Fast_DrawPoint
 .text.LCD_ShowChar
                0x00000000000022a8      0x172 ./User/lcd.o
                0x00000000000022a8                LCD_ShowChar
 .text.LCD_ShowString
                0x000000000000241a       0x88 ./User/lcd.o
                0x000000000000241a                LCD_ShowString
 .text.LCD_Color_Fill
                0x00000000000024a2       0x76 ./User/lcd.o
                0x00000000000024a2                LCD_Color_Fill
 .text.LCD_Reset_GPIO_Init
                0x0000000000002518       0x3e ./User/main.o
                0x0000000000002518                LCD_Reset_GPIO_Init
 .text.startup.main
                0x0000000000002556       0xcc ./User/main.o
                0x0000000000002556                main
 .text.renderMainPage
                0x0000000000002622      0x10c ./User/pages.o
                0x0000000000002622                renderMainPage
 .text.SystemInit
                0x000000000000272e       0xfa ./User/system_ch32v30x.o
                0x000000000000272e                SystemInit
 .text.SystemCoreClockUpdate
                0x0000000000002828       0xb0 ./User/system_ch32v30x.o
                0x0000000000002828                SystemCoreClockUpdate
 .text.vector_handler
                0x00000000000028d8       0xbe ./Startup/startup_ch32v30x_D8C.o
                0x00000000000028dc                Ecall_M_Mode_Handler
                0x00000000000028de                Ecall_U_Mode_Handler
                0x00000000000028e0                Break_Point_Handler
                0x00000000000028e2                SysTick_Handler
                0x00000000000028e4                SW_Handler
                0x00000000000028e6                WWDG_IRQHandler
                0x00000000000028e8                PVD_IRQHandler
                0x00000000000028ea                TAMPER_IRQHandler
                0x00000000000028ec                RTC_IRQHandler
                0x00000000000028ee                FLASH_IRQHandler
                0x00000000000028f0                RCC_IRQHandler
                0x00000000000028f2                EXTI0_IRQHandler
                0x00000000000028f4                EXTI1_IRQHandler
                0x00000000000028f6                EXTI2_IRQHandler
                0x00000000000028f8                EXTI3_IRQHandler
                0x00000000000028fa                EXTI4_IRQHandler
                0x00000000000028fc                DMA1_Channel1_IRQHandler
                0x00000000000028fe                DMA1_Channel2_IRQHandler
                0x0000000000002900                DMA1_Channel3_IRQHandler
                0x0000000000002902                DMA1_Channel4_IRQHandler
                0x0000000000002904                DMA1_Channel5_IRQHandler
                0x0000000000002906                DMA1_Channel6_IRQHandler
                0x0000000000002908                DMA1_Channel7_IRQHandler
                0x000000000000290a                ADC1_2_IRQHandler
                0x000000000000290c                USB_HP_CAN1_TX_IRQHandler
                0x000000000000290e                USB_LP_CAN1_RX0_IRQHandler
                0x0000000000002910                CAN1_RX1_IRQHandler
                0x0000000000002912                CAN1_SCE_IRQHandler
                0x0000000000002914                EXTI9_5_IRQHandler
                0x0000000000002916                TIM1_BRK_IRQHandler
                0x0000000000002918                TIM1_UP_IRQHandler
                0x000000000000291a                TIM1_TRG_COM_IRQHandler
                0x000000000000291c                TIM1_CC_IRQHandler
                0x000000000000291e                TIM2_IRQHandler
                0x0000000000002920                TIM3_IRQHandler
                0x0000000000002922                TIM4_IRQHandler
                0x0000000000002924                I2C1_EV_IRQHandler
                0x0000000000002926                I2C1_ER_IRQHandler
                0x0000000000002928                I2C2_EV_IRQHandler
                0x000000000000292a                I2C2_ER_IRQHandler
                0x000000000000292c                SPI1_IRQHandler
                0x000000000000292e                SPI2_IRQHandler
                0x0000000000002930                USART1_IRQHandler
                0x0000000000002934                USART3_IRQHandler
                0x0000000000002936                EXTI15_10_IRQHandler
                0x0000000000002938                RTCAlarm_IRQHandler
                0x000000000000293a                USBWakeUp_IRQHandler
                0x000000000000293c                TIM8_BRK_IRQHandler
                0x000000000000293e                TIM8_UP_IRQHandler
                0x0000000000002940                TIM8_TRG_COM_IRQHandler
                0x0000000000002942                TIM8_CC_IRQHandler
                0x0000000000002944                RNG_IRQHandler
                0x0000000000002946                FSMC_IRQHandler
                0x0000000000002948                SDIO_IRQHandler
                0x000000000000294a                TIM5_IRQHandler
                0x000000000000294c                SPI3_IRQHandler
                0x000000000000294e                UART4_IRQHandler
                0x0000000000002950                UART5_IRQHandler
                0x0000000000002952                TIM6_IRQHandler
                0x0000000000002954                TIM7_IRQHandler
                0x0000000000002956                DMA2_Channel1_IRQHandler
                0x0000000000002958                DMA2_Channel2_IRQHandler
                0x000000000000295a                DMA2_Channel3_IRQHandler
                0x000000000000295c                DMA2_Channel4_IRQHandler
                0x000000000000295e                DMA2_Channel5_IRQHandler
                0x0000000000002960                ETH_IRQHandler
                0x0000000000002962                ETH_WKUP_IRQHandler
                0x0000000000002964                CAN2_TX_IRQHandler
                0x0000000000002966                CAN2_RX0_IRQHandler
                0x0000000000002968                CAN2_RX1_IRQHandler
                0x000000000000296a                CAN2_SCE_IRQHandler
                0x000000000000296c                OTG_FS_IRQHandler
                0x000000000000296e                USBHSWakeup_IRQHandler
                0x0000000000002970                USBHS_IRQHandler
                0x0000000000002972                DVP_IRQHandler
                0x0000000000002974                UART6_IRQHandler
                0x0000000000002976                UART7_IRQHandler
                0x0000000000002978                UART8_IRQHandler
                0x000000000000297a                TIM9_BRK_IRQHandler
                0x000000000000297c                TIM9_UP_IRQHandler
                0x000000000000297e                TIM9_TRG_COM_IRQHandler
                0x0000000000002980                TIM9_CC_IRQHandler
                0x0000000000002982                TIM10_BRK_IRQHandler
                0x0000000000002984                TIM10_UP_IRQHandler
                0x0000000000002986                TIM10_TRG_COM_IRQHandler
                0x0000000000002988                TIM10_CC_IRQHandler
                0x000000000000298a                DMA2_Channel6_IRQHandler
                0x000000000000298c                DMA2_Channel7_IRQHandler
                0x000000000000298e                DMA2_Channel8_IRQHandler
                0x0000000000002990                DMA2_Channel9_IRQHandler
                0x0000000000002992                DMA2_Channel10_IRQHandler
                0x0000000000002994                DMA2_Channel11_IRQHandler
 .text.handle_reset
                0x0000000000002996       0x8a ./Startup/startup_ch32v30x_D8C.o
                0x0000000000002996                handle_reset
 .text.FSMC_NORSRAMInit
                0x0000000000002a20       0xba ./Peripheral/src/ch32v30x_fsmc.o
                0x0000000000002a20                FSMC_NORSRAMInit
 .text.FSMC_NORSRAMCmd
                0x0000000000002ada       0x1e ./Peripheral/src/ch32v30x_fsmc.o
                0x0000000000002ada                FSMC_NORSRAMCmd
 .text.GPIO_Init
                0x0000000000002af8       0xc2 ./Peripheral/src/ch32v30x_gpio.o
                0x0000000000002af8                GPIO_Init
 .text.GPIO_SetBits
                0x0000000000002bba        0x4 ./Peripheral/src/ch32v30x_gpio.o
                0x0000000000002bba                GPIO_SetBits
 .text.GPIO_ResetBits
                0x0000000000002bbe        0x4 ./Peripheral/src/ch32v30x_gpio.o
                0x0000000000002bbe                GPIO_ResetBits
 .text.NVIC_PriorityGroupConfig
                0x0000000000002bc2        0x6 ./Peripheral/src/ch32v30x_misc.o
                0x0000000000002bc2                NVIC_PriorityGroupConfig
 .text.NVIC_Init
                0x0000000000002bc8       0xb8 ./Peripheral/src/ch32v30x_misc.o
                0x0000000000002bc8                NVIC_Init
 .text.RCC_GetClocksFreq
                0x0000000000002c80      0x10e ./Peripheral/src/ch32v30x_rcc.o
                0x0000000000002c80                RCC_GetClocksFreq
 .text.RCC_AHBPeriphClockCmd
                0x0000000000002d8e       0x1e ./Peripheral/src/ch32v30x_rcc.o
                0x0000000000002d8e                RCC_AHBPeriphClockCmd
 .text.RCC_APB2PeriphClockCmd
                0x0000000000002dac       0x1e ./Peripheral/src/ch32v30x_rcc.o
                0x0000000000002dac                RCC_APB2PeriphClockCmd
 .text.RCC_APB1PeriphClockCmd
                0x0000000000002dca       0x1e ./Peripheral/src/ch32v30x_rcc.o
                0x0000000000002dca                RCC_APB1PeriphClockCmd
 .text.USART_Init
                0x0000000000002de8       0xd8 ./Peripheral/src/ch32v30x_usart.o
                0x0000000000002de8                USART_Init
 .text.USART_Cmd
                0x0000000000002ec0       0x1c ./Peripheral/src/ch32v30x_usart.o
                0x0000000000002ec0                USART_Cmd
 .text.USART_ITConfig
                0x0000000000002edc       0x36 ./Peripheral/src/ch32v30x_usart.o
                0x0000000000002edc                USART_ITConfig
 .text.USART_SendData
                0x0000000000002f12        0xa ./Peripheral/src/ch32v30x_usart.o
                0x0000000000002f12                USART_SendData
 .text.USART_ReceiveData
                0x0000000000002f1c        0xa ./Peripheral/src/ch32v30x_usart.o
                0x0000000000002f1c                USART_ReceiveData
 .text.USART_GetFlagStatus
                0x0000000000002f26        0xc ./Peripheral/src/ch32v30x_usart.o
                0x0000000000002f26                USART_GetFlagStatus
 .text.USART_GetITStatus
                0x0000000000002f32       0x44 ./Peripheral/src/ch32v30x_usart.o
                0x0000000000002f32                USART_GetITStatus
 .text.USART_ClearITPendingBit
                0x0000000000002f76       0x16 ./Peripheral/src/ch32v30x_usart.o
                0x0000000000002f76                USART_ClearITPendingBit
 .text.USARTx_Init
                0x0000000000002f8c       0x98 ./Hardware/usart.o
                0x0000000000002f8c                USARTx_Init
 .text.USART2_IRQHandler
                0x0000000000003024       0x48 ./Hardware/usart.o
                0x0000000000003024                USART2_IRQHandler
 .text.Delay_Init
                0x000000000000306c       0x2a ./Debug/debug.o
                0x000000000000306c                Delay_Init
 .text.Delay_Us
                0x0000000000003096       0x2e ./Debug/debug.o
                0x0000000000003096                Delay_Us
 .text.Delay_Ms
                0x00000000000030c4       0x2e ./Debug/debug.o
                0x00000000000030c4                Delay_Ms
 .text.USART_Printf_Init
                0x00000000000030f2       0x5c ./Debug/debug.o
                0x00000000000030f2                USART_Printf_Init
 .text._write   0x000000000000314e       0x4c ./Debug/debug.o
                0x000000000000314e                _write
 .text._sbrk    0x000000000000319a       0x26 ./Debug/debug.o
                0x000000000000319a                _sbrk
 .text.__extendsfdf2
                0x00000000000031c0       0xac d:/mounriver/mounriver_studio/toolchain/risc-v embedded gcc/bin/../lib/gcc/riscv-none-embed/8.2.0/rv32imac/ilp32\libgcc.a(extendsfdf2.o)
                0x00000000000031c0                __extendsfdf2
 .text.__clzsi2
                0x000000000000326c       0x76 d:/mounriver/mounriver_studio/toolchain/risc-v embedded gcc/bin/../lib/gcc/riscv-none-embed/8.2.0/rv32imac/ilp32\libgcc.a(_clzsi2.o)
                0x000000000000326c                __clzsi2
 .text.printf   0x00000000000032e2       0x42 d:/mounriver/mounriver_studio/toolchain/risc-v embedded gcc/bin/../lib/gcc/riscv-none-embed/8.2.0/../../../../riscv-none-embed/lib/rv32imac/ilp32\libg_nano.a(lib_a-printf.o)
                0x00000000000032e2                iprintf
                0x00000000000032e2                printf
 .text._puts_r  0x0000000000003324       0xe4 d:/mounriver/mounriver_studio/toolchain/risc-v embedded gcc/bin/../lib/gcc/riscv-none-embed/8.2.0/../../../../riscv-none-embed/lib/rv32imac/ilp32\libg_nano.a(lib_a-puts.o)
                0x0000000000003324                _puts_r
 .text.puts     0x0000000000003408        0xa d:/mounriver/mounriver_studio/toolchain/risc-v embedded gcc/bin/../lib/gcc/riscv-none-embed/8.2.0/../../../../riscv-none-embed/lib/rv32imac/ilp32\libg_nano.a(lib_a-puts.o)
                0x0000000000003408                puts
 .text.strstr   0x0000000000003412       0x3e d:/mounriver/mounriver_studio/toolchain/risc-v embedded gcc/bin/../lib/gcc/riscv-none-embed/8.2.0/../../../../riscv-none-embed/lib/rv32imac/ilp32\libg_nano.a(lib_a-strstr.o)
                0x0000000000003412                strstr
 .text.sulp     0x0000000000003450       0x4e d:/mounriver/mounriver_studio/toolchain/risc-v embedded gcc/bin/../lib/gcc/riscv-none-embed/8.2.0/../../../../riscv-none-embed/lib/rv32imac/ilp32\libg_nano.a(lib_a-strtod.o)
 .text._strtod_l
                0x000000000000349e      0xc7e d:/mounriver/mounriver_studio/toolchain/risc-v embedded gcc/bin/../lib/gcc/riscv-none-embed/8.2.0/../../../../riscv-none-embed/lib/rv32imac/ilp32\libg_nano.a(lib_a-strtod.o)
                0x000000000000349e                _strtod_l
 .text.strtof   0x000000000000411c       0xe4 d:/mounriver/mounriver_studio/toolchain/risc-v embedded gcc/bin/../lib/gcc/riscv-none-embed/8.2.0/../../../../riscv-none-embed/lib/rv32imac/ilp32\libg_nano.a(lib_a-strtod.o)
                0x000000000000411c                strtof
 .text.__swbuf_r
                0x0000000000004200       0xc0 d:/mounriver/mounriver_studio/toolchain/risc-v embedded gcc/bin/../lib/gcc/riscv-none-embed/8.2.0/../../../../riscv-none-embed/lib/rv32imac/ilp32\libg_nano.a(lib_a-wbuf.o)
                0x0000000000004200                __swbuf_r
 .text.__swsetup_r
                0x00000000000042c0      0x110 d:/mounriver/mounriver_studio/toolchain/risc-v embedded gcc/bin/../lib/gcc/riscv-none-embed/8.2.0/../../../../riscv-none-embed/lib/rv32imac/ilp32\libg_nano.a(lib_a-wsetup.o)
                0x00000000000042c0                __swsetup_r
 .text.__sflush_r
                0x00000000000043d0      0x13e d:/mounriver/mounriver_studio/toolchain/risc-v embedded gcc/bin/../lib/gcc/riscv-none-embed/8.2.0/../../../../riscv-none-embed/lib/rv32imac/ilp32\libg_nano.a(lib_a-fflush.o)
                0x00000000000043d0                __sflush_r
 .text._fflush_r
                0x000000000000450e       0x64 d:/mounriver/mounriver_studio/toolchain/risc-v embedded gcc/bin/../lib/gcc/riscv-none-embed/8.2.0/../../../../riscv-none-embed/lib/rv32imac/ilp32\libg_nano.a(lib_a-fflush.o)
                0x000000000000450e                _fflush_r
 .text.std      0x0000000000004572       0x6a d:/mounriver/mounriver_studio/toolchain/risc-v embedded gcc/bin/../lib/gcc/riscv-none-embed/8.2.0/../../../../riscv-none-embed/lib/rv32imac/ilp32\libg_nano.a(lib_a-findfp.o)
 .text._cleanup_r
                0x00000000000045dc        0xa d:/mounriver/mounriver_studio/toolchain/risc-v embedded gcc/bin/../lib/gcc/riscv-none-embed/8.2.0/../../../../riscv-none-embed/lib/rv32imac/ilp32\libg_nano.a(lib_a-findfp.o)
                0x00000000000045dc                _cleanup_r
 .text.__sfmoreglue
                0x00000000000045e6       0x48 d:/mounriver/mounriver_studio/toolchain/risc-v embedded gcc/bin/../lib/gcc/riscv-none-embed/8.2.0/../../../../riscv-none-embed/lib/rv32imac/ilp32\libg_nano.a(lib_a-findfp.o)
                0x00000000000045e6                __sfmoreglue
 .text.__sinit  0x000000000000462e       0x66 d:/mounriver/mounriver_studio/toolchain/risc-v embedded gcc/bin/../lib/gcc/riscv-none-embed/8.2.0/../../../../riscv-none-embed/lib/rv32imac/ilp32\libg_nano.a(lib_a-findfp.o)
                0x000000000000462e                __sinit
 .text.__sfp    0x0000000000004694       0x9c d:/mounriver/mounriver_studio/toolchain/risc-v embedded gcc/bin/../lib/gcc/riscv-none-embed/8.2.0/../../../../riscv-none-embed/lib/rv32imac/ilp32\libg_nano.a(lib_a-findfp.o)
                0x0000000000004694                __sfp
 .text._fwalk_reent
                0x0000000000004730       0x6c d:/mounriver/mounriver_studio/toolchain/risc-v embedded gcc/bin/../lib/gcc/riscv-none-embed/8.2.0/../../../../riscv-none-embed/lib/rv32imac/ilp32\libg_nano.a(lib_a-fwalk.o)
                0x0000000000004730                _fwalk_reent
 .text.rshift   0x000000000000479c       0x76 d:/mounriver/mounriver_studio/toolchain/risc-v embedded gcc/bin/../lib/gcc/riscv-none-embed/8.2.0/../../../../riscv-none-embed/lib/rv32imac/ilp32\libg_nano.a(lib_a-gdtoa-gethex.o)
 .text.__hexdig_fun
                0x0000000000004812       0x40 d:/mounriver/mounriver_studio/toolchain/risc-v embedded gcc/bin/../lib/gcc/riscv-none-embed/8.2.0/../../../../riscv-none-embed/lib/rv32imac/ilp32\libg_nano.a(lib_a-gdtoa-gethex.o)
                0x0000000000004812                __hexdig_fun
 .text.__gethex
                0x0000000000004852      0x4be d:/mounriver/mounriver_studio/toolchain/risc-v embedded gcc/bin/../lib/gcc/riscv-none-embed/8.2.0/../../../../riscv-none-embed/lib/rv32imac/ilp32\libg_nano.a(lib_a-gdtoa-gethex.o)
                0x0000000000004852                __gethex
 .text.L_shift  0x0000000000004d10       0x2c d:/mounriver/mounriver_studio/toolchain/risc-v embedded gcc/bin/../lib/gcc/riscv-none-embed/8.2.0/../../../../riscv-none-embed/lib/rv32imac/ilp32\libg_nano.a(lib_a-gdtoa-hexnan.o)
 .text.__match  0x0000000000004d3c       0x30 d:/mounriver/mounriver_studio/toolchain/risc-v embedded gcc/bin/../lib/gcc/riscv-none-embed/8.2.0/../../../../riscv-none-embed/lib/rv32imac/ilp32\libg_nano.a(lib_a-gdtoa-hexnan.o)
                0x0000000000004d3c                __match
 .text.__hexnan
                0x0000000000004d6c      0x160 d:/mounriver/mounriver_studio/toolchain/risc-v embedded gcc/bin/../lib/gcc/riscv-none-embed/8.2.0/../../../../riscv-none-embed/lib/rv32imac/ilp32\libg_nano.a(lib_a-gdtoa-hexnan.o)
                0x0000000000004d6c                __hexnan
 .text.__localeconv_l
                0x0000000000004ecc        0x6 d:/mounriver/mounriver_studio/toolchain/risc-v embedded gcc/bin/../lib/gcc/riscv-none-embed/8.2.0/../../../../riscv-none-embed/lib/rv32imac/ilp32\libg_nano.a(lib_a-localeconv.o)
                0x0000000000004ecc                __localeconv_l
 .text.__swhatbuf_r
                0x0000000000004ed2       0x5a d:/mounriver/mounriver_studio/toolchain/risc-v embedded gcc/bin/../lib/gcc/riscv-none-embed/8.2.0/../../../../riscv-none-embed/lib/rv32imac/ilp32\libg_nano.a(lib_a-makebuf.o)
                0x0000000000004ed2                __swhatbuf_r
 .text.__smakebuf_r
                0x0000000000004f2c       0xa0 d:/mounriver/mounriver_studio/toolchain/risc-v embedded gcc/bin/../lib/gcc/riscv-none-embed/8.2.0/../../../../riscv-none-embed/lib/rv32imac/ilp32\libg_nano.a(lib_a-makebuf.o)
                0x0000000000004f2c                __smakebuf_r
 .text.__ascii_mbtowc
                0x0000000000004fcc       0x3a d:/mounriver/mounriver_studio/toolchain/risc-v embedded gcc/bin/../lib/gcc/riscv-none-embed/8.2.0/../../../../riscv-none-embed/lib/rv32imac/ilp32\libg_nano.a(lib_a-mbtowc_r.o)
                0x0000000000004fcc                __ascii_mbtowc
 .text.memcpy   0x0000000000005006       0xb6 d:/mounriver/mounriver_studio/toolchain/risc-v embedded gcc/bin/../lib/gcc/riscv-none-embed/8.2.0/../../../../riscv-none-embed/lib/rv32imac/ilp32\libg_nano.a(lib_a-memcpy.o)
                0x0000000000005006                memcpy
 .text._Balloc  0x00000000000050bc       0x8c d:/mounriver/mounriver_studio/toolchain/risc-v embedded gcc/bin/../lib/gcc/riscv-none-embed/8.2.0/../../../../riscv-none-embed/lib/rv32imac/ilp32\libg_nano.a(lib_a-mprec.o)
                0x00000000000050bc                _Balloc
 .text._Bfree   0x0000000000005148       0x44 d:/mounriver/mounriver_studio/toolchain/risc-v embedded gcc/bin/../lib/gcc/riscv-none-embed/8.2.0/../../../../riscv-none-embed/lib/rv32imac/ilp32\libg_nano.a(lib_a-mprec.o)
                0x0000000000005148                _Bfree
 .text.__multadd
                0x000000000000518c       0x98 d:/mounriver/mounriver_studio/toolchain/risc-v embedded gcc/bin/../lib/gcc/riscv-none-embed/8.2.0/../../../../riscv-none-embed/lib/rv32imac/ilp32\libg_nano.a(lib_a-mprec.o)
                0x000000000000518c                __multadd
 .text.__s2b    0x0000000000005224       0xa6 d:/mounriver/mounriver_studio/toolchain/risc-v embedded gcc/bin/../lib/gcc/riscv-none-embed/8.2.0/../../../../riscv-none-embed/lib/rv32imac/ilp32\libg_nano.a(lib_a-mprec.o)
                0x0000000000005224                __s2b
 .text.__hi0bits
                0x00000000000052ca       0x46 d:/mounriver/mounriver_studio/toolchain/risc-v embedded gcc/bin/../lib/gcc/riscv-none-embed/8.2.0/../../../../riscv-none-embed/lib/rv32imac/ilp32\libg_nano.a(lib_a-mprec.o)
                0x00000000000052ca                __hi0bits
 .text.__lo0bits
                0x0000000000005310       0x6a d:/mounriver/mounriver_studio/toolchain/risc-v embedded gcc/bin/../lib/gcc/riscv-none-embed/8.2.0/../../../../riscv-none-embed/lib/rv32imac/ilp32\libg_nano.a(lib_a-mprec.o)
                0x0000000000005310                __lo0bits
 .text.__i2b    0x000000000000537a       0x1c d:/mounriver/mounriver_studio/toolchain/risc-v embedded gcc/bin/../lib/gcc/riscv-none-embed/8.2.0/../../../../riscv-none-embed/lib/rv32imac/ilp32\libg_nano.a(lib_a-mprec.o)
                0x000000000000537a                __i2b
 .text.__multiply
                0x0000000000005396      0x144 d:/mounriver/mounriver_studio/toolchain/risc-v embedded gcc/bin/../lib/gcc/riscv-none-embed/8.2.0/../../../../riscv-none-embed/lib/rv32imac/ilp32\libg_nano.a(lib_a-mprec.o)
                0x0000000000005396                __multiply
 .text.__pow5mult
                0x00000000000054da       0xbe d:/mounriver/mounriver_studio/toolchain/risc-v embedded gcc/bin/../lib/gcc/riscv-none-embed/8.2.0/../../../../riscv-none-embed/lib/rv32imac/ilp32\libg_nano.a(lib_a-mprec.o)
                0x00000000000054da                __pow5mult
 .text.__lshift
                0x0000000000005598       0xce d:/mounriver/mounriver_studio/toolchain/risc-v embedded gcc/bin/../lib/gcc/riscv-none-embed/8.2.0/../../../../riscv-none-embed/lib/rv32imac/ilp32\libg_nano.a(lib_a-mprec.o)
                0x0000000000005598                __lshift
 .text.__mcmp   0x0000000000005666       0x32 d:/mounriver/mounriver_studio/toolchain/risc-v embedded gcc/bin/../lib/gcc/riscv-none-embed/8.2.0/../../../../riscv-none-embed/lib/rv32imac/ilp32\libg_nano.a(lib_a-mprec.o)
                0x0000000000005666                __mcmp
 .text.__mdiff  0x0000000000005698       0xf0 d:/mounriver/mounriver_studio/toolchain/risc-v embedded gcc/bin/../lib/gcc/riscv-none-embed/8.2.0/../../../../riscv-none-embed/lib/rv32imac/ilp32\libg_nano.a(lib_a-mprec.o)
                0x0000000000005698                __mdiff
 .text.__ulp    0x0000000000005788       0x46 d:/mounriver/mounriver_studio/toolchain/risc-v embedded gcc/bin/../lib/gcc/riscv-none-embed/8.2.0/../../../../riscv-none-embed/lib/rv32imac/ilp32\libg_nano.a(lib_a-mprec.o)
                0x0000000000005788                __ulp
 .text.__b2d    0x00000000000057ce       0xb4 d:/mounriver/mounriver_studio/toolchain/risc-v embedded gcc/bin/../lib/gcc/riscv-none-embed/8.2.0/../../../../riscv-none-embed/lib/rv32imac/ilp32\libg_nano.a(lib_a-mprec.o)
                0x00000000000057ce                __b2d
 .text.__d2b    0x0000000000005882       0xd4 d:/mounriver/mounriver_studio/toolchain/risc-v embedded gcc/bin/../lib/gcc/riscv-none-embed/8.2.0/../../../../riscv-none-embed/lib/rv32imac/ilp32\libg_nano.a(lib_a-mprec.o)
                0x0000000000005882                __d2b
 .text.__ratio  0x0000000000005956       0x74 d:/mounriver/mounriver_studio/toolchain/risc-v embedded gcc/bin/../lib/gcc/riscv-none-embed/8.2.0/../../../../riscv-none-embed/lib/rv32imac/ilp32\libg_nano.a(lib_a-mprec.o)
                0x0000000000005956                __ratio
 .text.__copybits
                0x00000000000059ca       0x36 d:/mounriver/mounriver_studio/toolchain/risc-v embedded gcc/bin/../lib/gcc/riscv-none-embed/8.2.0/../../../../riscv-none-embed/lib/rv32imac/ilp32\libg_nano.a(lib_a-mprec.o)
                0x00000000000059ca                __copybits
 .text.__any_on
                0x0000000000005a00       0x46 d:/mounriver/mounriver_studio/toolchain/risc-v embedded gcc/bin/../lib/gcc/riscv-none-embed/8.2.0/../../../../riscv-none-embed/lib/rv32imac/ilp32\libg_nano.a(lib_a-mprec.o)
                0x0000000000005a00                __any_on
 .text._calloc_r
                0x0000000000005a46       0x26 d:/mounriver/mounriver_studio/toolchain/risc-v embedded gcc/bin/../lib/gcc/riscv-none-embed/8.2.0/../../../../riscv-none-embed/lib/rv32imac/ilp32\libg_nano.a(lib_a-nano-callocr.o)
                0x0000000000005a46                _calloc_r
 .text._free_r  0x0000000000005a6c       0xa8 d:/mounriver/mounriver_studio/toolchain/risc-v embedded gcc/bin/../lib/gcc/riscv-none-embed/8.2.0/../../../../riscv-none-embed/lib/rv32imac/ilp32\libg_nano.a(lib_a-nano-freer.o)
                0x0000000000005a6c                _free_r
 .text._malloc_r
                0x0000000000005b14       0xd4 d:/mounriver/mounriver_studio/toolchain/risc-v embedded gcc/bin/../lib/gcc/riscv-none-embed/8.2.0/../../../../riscv-none-embed/lib/rv32imac/ilp32\libg_nano.a(lib_a-nano-mallocr.o)
                0x0000000000005b14                _malloc_r
 .text.__sfputc_r
                0x0000000000005be8       0x2a d:/mounriver/mounriver_studio/toolchain/risc-v embedded gcc/bin/../lib/gcc/riscv-none-embed/8.2.0/../../../../riscv-none-embed/lib/rv32imac/ilp32\libg_nano.a(lib_a-nano-vfprintf.o)
 .text.__sfputs_r
                0x0000000000005c12       0x44 d:/mounriver/mounriver_studio/toolchain/risc-v embedded gcc/bin/../lib/gcc/riscv-none-embed/8.2.0/../../../../riscv-none-embed/lib/rv32imac/ilp32\libg_nano.a(lib_a-nano-vfprintf.o)
                0x0000000000005c12                __sfputs_r
 .text._vfprintf_r
                0x0000000000005c56      0x29e d:/mounriver/mounriver_studio/toolchain/risc-v embedded gcc/bin/../lib/gcc/riscv-none-embed/8.2.0/../../../../riscv-none-embed/lib/rv32imac/ilp32\libg_nano.a(lib_a-nano-vfprintf.o)
                0x0000000000005c56                _vfprintf_r
                0x0000000000005c56                _vfiprintf_r
 .text._printf_common
                0x0000000000005ef4      0x10c d:/mounriver/mounriver_studio/toolchain/risc-v embedded gcc/bin/../lib/gcc/riscv-none-embed/8.2.0/../../../../riscv-none-embed/lib/rv32imac/ilp32\libg_nano.a(lib_a-nano-vfprintf_i.o)
                0x0000000000005ef4                _printf_common
 .text._printf_i
                0x0000000000006000      0x2aa d:/mounriver/mounriver_studio/toolchain/risc-v embedded gcc/bin/../lib/gcc/riscv-none-embed/8.2.0/../../../../riscv-none-embed/lib/rv32imac/ilp32\libg_nano.a(lib_a-nano-vfprintf_i.o)
                0x0000000000006000                _printf_i
 .text._sbrk_r  0x00000000000062aa       0x2a d:/mounriver/mounriver_studio/toolchain/risc-v embedded gcc/bin/../lib/gcc/riscv-none-embed/8.2.0/../../../../riscv-none-embed/lib/rv32imac/ilp32\libg_nano.a(lib_a-sbrkr.o)
                0x00000000000062aa                _sbrk_r
 .text.nanf     0x00000000000062d4        0xc d:/mounriver/mounriver_studio/toolchain/risc-v embedded gcc/bin/../lib/gcc/riscv-none-embed/8.2.0/../../../../riscv-none-embed/lib/rv32imac/ilp32\libg_nano.a(lib_a-sf_nan.o)
                0x00000000000062d4                nanf
 .text.__sread  0x00000000000062e0       0x30 d:/mounriver/mounriver_studio/toolchain/risc-v embedded gcc/bin/../lib/gcc/riscv-none-embed/8.2.0/../../../../riscv-none-embed/lib/rv32imac/ilp32\libg_nano.a(lib_a-stdio.o)
                0x00000000000062e0                __sread
 .text.__swrite
                0x0000000000006310       0x4e d:/mounriver/mounriver_studio/toolchain/risc-v embedded gcc/bin/../lib/gcc/riscv-none-embed/8.2.0/../../../../riscv-none-embed/lib/rv32imac/ilp32\libg_nano.a(lib_a-stdio.o)
                0x0000000000006310                __swrite
 .text.__sseek  0x000000000000635e       0x36 d:/mounriver/mounriver_studio/toolchain/risc-v embedded gcc/bin/../lib/gcc/riscv-none-embed/8.2.0/../../../../riscv-none-embed/lib/rv32imac/ilp32\libg_nano.a(lib_a-stdio.o)
                0x000000000000635e                __sseek
 .text.__sclose
                0x0000000000006394        0x6 d:/mounriver/mounriver_studio/toolchain/risc-v embedded gcc/bin/../lib/gcc/riscv-none-embed/8.2.0/../../../../riscv-none-embed/lib/rv32imac/ilp32\libg_nano.a(lib_a-stdio.o)
                0x0000000000006394                __sclose
 .text.strlen   0x000000000000639a       0x12 d:/mounriver/mounriver_studio/toolchain/risc-v embedded gcc/bin/../lib/gcc/riscv-none-embed/8.2.0/../../../../riscv-none-embed/lib/rv32imac/ilp32\libg_nano.a(lib_a-strlen.o)
                0x000000000000639a                strlen
 .text.strncmp  0x00000000000063ac       0x2c d:/mounriver/mounriver_studio/toolchain/risc-v embedded gcc/bin/../lib/gcc/riscv-none-embed/8.2.0/../../../../riscv-none-embed/lib/rv32imac/ilp32\libg_nano.a(lib_a-strncmp.o)
                0x00000000000063ac                strncmp
 .text.__ascii_wctomb
                0x00000000000063d8       0x20 d:/mounriver/mounriver_studio/toolchain/risc-v embedded gcc/bin/../lib/gcc/riscv-none-embed/8.2.0/../../../../riscv-none-embed/lib/rv32imac/ilp32\libg_nano.a(lib_a-wctomb_r.o)
                0x00000000000063d8                __ascii_wctomb
 .text._write_r
                0x00000000000063f8       0x2e d:/mounriver/mounriver_studio/toolchain/risc-v embedded gcc/bin/../lib/gcc/riscv-none-embed/8.2.0/../../../../riscv-none-embed/lib/rv32imac/ilp32\libg_nano.a(lib_a-writer.o)
                0x00000000000063f8                _write_r
 .text._close_r
                0x0000000000006426       0x2a d:/mounriver/mounriver_studio/toolchain/risc-v embedded gcc/bin/../lib/gcc/riscv-none-embed/8.2.0/../../../../riscv-none-embed/lib/rv32imac/ilp32\libg_nano.a(lib_a-closer.o)
                0x0000000000006426                _close_r
 .text._fstat_r
                0x0000000000006450       0x2c d:/mounriver/mounriver_studio/toolchain/risc-v embedded gcc/bin/../lib/gcc/riscv-none-embed/8.2.0/../../../../riscv-none-embed/lib/rv32imac/ilp32\libg_nano.a(lib_a-fstatr.o)
                0x0000000000006450                _fstat_r
 .text._isatty_r
                0x000000000000647c       0x2a d:/mounriver/mounriver_studio/toolchain/risc-v embedded gcc/bin/../lib/gcc/riscv-none-embed/8.2.0/../../../../riscv-none-embed/lib/rv32imac/ilp32\libg_nano.a(lib_a-isattyr.o)
                0x000000000000647c                _isatty_r
 .text._lseek_r
                0x00000000000064a6       0x2e d:/mounriver/mounriver_studio/toolchain/risc-v embedded gcc/bin/../lib/gcc/riscv-none-embed/8.2.0/../../../../riscv-none-embed/lib/rv32imac/ilp32\libg_nano.a(lib_a-lseekr.o)
                0x00000000000064a6                _lseek_r
 .text.malloc   0x00000000000064d4        0xc d:/mounriver/mounriver_studio/toolchain/risc-v embedded gcc/bin/../lib/gcc/riscv-none-embed/8.2.0/../../../../riscv-none-embed/lib/rv32imac/ilp32\libg_nano.a(lib_a-malloc.o)
                0x00000000000064d4                malloc
 .text.memchr   0x00000000000064e0       0x1a d:/mounriver/mounriver_studio/toolchain/risc-v embedded gcc/bin/../lib/gcc/riscv-none-embed/8.2.0/../../../../riscv-none-embed/lib/rv32imac/ilp32\libg_nano.a(lib_a-memchr.o)
                0x00000000000064e0                memchr
 .text.__malloc_lock
                0x00000000000064fa        0x2 d:/mounriver/mounriver_studio/toolchain/risc-v embedded gcc/bin/../lib/gcc/riscv-none-embed/8.2.0/../../../../riscv-none-embed/lib/rv32imac/ilp32\libg_nano.a(lib_a-mlock.o)
                0x00000000000064fa                __malloc_lock
 .text.__malloc_unlock
                0x00000000000064fc        0x2 d:/mounriver/mounriver_studio/toolchain/risc-v embedded gcc/bin/../lib/gcc/riscv-none-embed/8.2.0/../../../../riscv-none-embed/lib/rv32imac/ilp32\libg_nano.a(lib_a-mlock.o)
                0x00000000000064fc                __malloc_unlock
 .text._read_r  0x00000000000064fe       0x2e d:/mounriver/mounriver_studio/toolchain/risc-v embedded gcc/bin/../lib/gcc/riscv-none-embed/8.2.0/../../../../riscv-none-embed/lib/rv32imac/ilp32\libg_nano.a(lib_a-readr.o)
                0x00000000000064fe                _read_r
 .text.__adddf3
                0x000000000000652c      0x730 d:/mounriver/mounriver_studio/toolchain/risc-v embedded gcc/bin/../lib/gcc/riscv-none-embed/8.2.0/rv32imac/ilp32\libgcc.a(adddf3.o)
                0x000000000000652c                __adddf3
 .text.__divdf3
                0x0000000000006c5c      0x5b4 d:/mounriver/mounriver_studio/toolchain/risc-v embedded gcc/bin/../lib/gcc/riscv-none-embed/8.2.0/rv32imac/ilp32\libgcc.a(divdf3.o)
                0x0000000000006c5c                __divdf3
 .text.__eqdf2  0x0000000000007210       0x6a d:/mounriver/mounriver_studio/toolchain/risc-v embedded gcc/bin/../lib/gcc/riscv-none-embed/8.2.0/rv32imac/ilp32\libgcc.a(eqdf2.o)
                0x0000000000007210                __nedf2
                0x0000000000007210                __eqdf2
 .text.__gedf2  0x000000000000727a       0xae d:/mounriver/mounriver_studio/toolchain/risc-v embedded gcc/bin/../lib/gcc/riscv-none-embed/8.2.0/rv32imac/ilp32\libgcc.a(gedf2.o)
                0x000000000000727a                __gedf2
                0x000000000000727a                __gtdf2
 .text.__ledf2  0x0000000000007328       0xb6 d:/mounriver/mounriver_studio/toolchain/risc-v embedded gcc/bin/../lib/gcc/riscv-none-embed/8.2.0/rv32imac/ilp32\libgcc.a(ledf2.o)
                0x0000000000007328                __ledf2
                0x0000000000007328                __ltdf2
 .text.__muldf3
                0x00000000000073de      0x4b8 d:/mounriver/mounriver_studio/toolchain/risc-v embedded gcc/bin/../lib/gcc/riscv-none-embed/8.2.0/rv32imac/ilp32\libgcc.a(muldf3.o)
                0x00000000000073de                __muldf3
 .text.__subdf3
                0x0000000000007896      0x73e d:/mounriver/mounriver_studio/toolchain/risc-v embedded gcc/bin/../lib/gcc/riscv-none-embed/8.2.0/rv32imac/ilp32\libgcc.a(subdf3.o)
                0x0000000000007896                __subdf3
 .text.__unorddf2
                0x0000000000007fd4       0x3c d:/mounriver/mounriver_studio/toolchain/risc-v embedded gcc/bin/../lib/gcc/riscv-none-embed/8.2.0/rv32imac/ilp32\libgcc.a(unorddf2.o)
                0x0000000000007fd4                __unorddf2
 .text.__fixdfsi
                0x0000000000008010       0x68 d:/mounriver/mounriver_studio/toolchain/risc-v embedded gcc/bin/../lib/gcc/riscv-none-embed/8.2.0/rv32imac/ilp32\libgcc.a(fixdfsi.o)
                0x0000000000008010                __fixdfsi
 .text.__fixunsdfsi
                0x0000000000008078       0x5c d:/mounriver/mounriver_studio/toolchain/risc-v embedded gcc/bin/../lib/gcc/riscv-none-embed/8.2.0/rv32imac/ilp32\libgcc.a(fixunsdfsi.o)
                0x0000000000008078                __fixunsdfsi
 .text.__floatsidf
                0x00000000000080d4       0x72 d:/mounriver/mounriver_studio/toolchain/risc-v embedded gcc/bin/../lib/gcc/riscv-none-embed/8.2.0/rv32imac/ilp32\libgcc.a(floatsidf.o)
                0x00000000000080d4                __floatsidf
 .text.__floatunsidf
                0x0000000000008146       0x68 d:/mounriver/mounriver_studio/toolchain/risc-v embedded gcc/bin/../lib/gcc/riscv-none-embed/8.2.0/rv32imac/ilp32\libgcc.a(floatunsidf.o)
                0x0000000000008146                __floatunsidf
 .text.__lesf2  0x00000000000081ae       0x8c d:/mounriver/mounriver_studio/toolchain/risc-v embedded gcc/bin/../lib/gcc/riscv-none-embed/8.2.0/rv32imac/ilp32\libgcc.a(lesf2.o)
                0x00000000000081ae                __ltsf2
                0x00000000000081ae                __lesf2
 .text.__unordsf2
                0x000000000000823a       0x3c d:/mounriver/mounriver_studio/toolchain/risc-v embedded gcc/bin/../lib/gcc/riscv-none-embed/8.2.0/rv32imac/ilp32\libgcc.a(unordsf2.o)
                0x000000000000823a                __unordsf2
 .text.__truncdfsf2
                0x0000000000008276      0x16a d:/mounriver/mounriver_studio/toolchain/risc-v embedded gcc/bin/../lib/gcc/riscv-none-embed/8.2.0/rv32imac/ilp32\libgcc.a(truncdfsf2.o)
                0x0000000000008276                __truncdfsf2
 .text._close   0x00000000000083e0        0xc d:/mounriver/mounriver_studio/toolchain/risc-v embedded gcc/bin/../lib/gcc/riscv-none-embed/8.2.0/../../../../riscv-none-embed/lib/rv32imac/ilp32\libnosys.a(close.o)
                0x00000000000083e0                _close
 .text._fstat   0x00000000000083ec        0xc d:/mounriver/mounriver_studio/toolchain/risc-v embedded gcc/bin/../lib/gcc/riscv-none-embed/8.2.0/../../../../riscv-none-embed/lib/rv32imac/ilp32\libnosys.a(fstat.o)
                0x00000000000083ec                _fstat
 .text._isatty  0x00000000000083f8        0xc d:/mounriver/mounriver_studio/toolchain/risc-v embedded gcc/bin/../lib/gcc/riscv-none-embed/8.2.0/../../../../riscv-none-embed/lib/rv32imac/ilp32\libnosys.a(isatty.o)
                0x00000000000083f8                _isatty
 .text._lseek   0x0000000000008404        0xc d:/mounriver/mounriver_studio/toolchain/risc-v embedded gcc/bin/../lib/gcc/riscv-none-embed/8.2.0/../../../../riscv-none-embed/lib/rv32imac/ilp32\libnosys.a(lseek.o)
                0x0000000000008404                _lseek
 .text._read    0x0000000000008410        0xc d:/mounriver/mounriver_studio/toolchain/risc-v embedded gcc/bin/../lib/gcc/riscv-none-embed/8.2.0/../../../../riscv-none-embed/lib/rv32imac/ilp32\libnosys.a(read.o)
                0x0000000000008410                _read
 *(.rodata)
 *(.rodata*)
 .rodata.L610_Init.str1.4
                0x000000000000841c       0x10 ./User/L610.o
 .rodata.L610_Lookup.str1.4
                0x000000000000842c       0x5f ./User/L610.o
 *fill*         0x000000000000848b        0x1 
 .rodata.L610_Pub.str1.4
                0x000000000000848c       0xbd ./User/L610.o
 *fill*         0x0000000000008549        0x3 
 .rodata.L610_Recive.str1.4
                0x000000000000854c      0x163 ./User/L610.o
 *fill*         0x00000000000086af        0x1 
 .rodata.L610_RequestIP.str1.4
                0x00000000000086b0       0x47 ./User/L610.o
 *fill*         0x00000000000086f7        0x1 
 .rodata.L610_SetAndConnect.str1.4
                0x00000000000086f8       0xed ./User/L610.o
 *fill*         0x00000000000087e5        0x3 
 .rodata.L610_Sub.str1.4
                0x00000000000087e8       0x69 ./User/L610.o
 *fill*         0x0000000000008851        0x3 
 .rodata.asc2_1206
                0x0000000000008854      0x474 ./User/lcd.o
                0x0000000000008854                asc2_1206
 .rodata.asc2_1608
                0x0000000000008cc8      0x5f0 ./User/lcd.o
                0x0000000000008cc8                asc2_1608
 .rodata.asc2_2412
                0x00000000000092b8      0xd5c ./User/lcd.o
                0x00000000000092b8                asc2_2412
 .rodata.asc2_3216
                0x000000000000a014     0x17c0 ./User/lcd.o
                0x000000000000a014                asc2_3216
 .rodata.main.str1.4
                0x000000000000b7d4       0x44 ./User/main.o
 .rodata.renderMainPage.str1.4
                0x000000000000b818       0x41 ./User/pages.o
 *fill*         0x000000000000b859        0x3 
 .rodata.__clz_tab
                0x000000000000b85c      0x100 d:/mounriver/mounriver_studio/toolchain/risc-v embedded gcc/bin/../lib/gcc/riscv-none-embed/8.2.0/rv32imac/ilp32\libgcc.a(_clz.o)
                0x000000000000b85c                __clz_tab
 .rodata._strtod_l
                0x000000000000b95c       0x14 d:/mounriver/mounriver_studio/toolchain/risc-v embedded gcc/bin/../lib/gcc/riscv-none-embed/8.2.0/../../../../riscv-none-embed/lib/rv32imac/ilp32\libg_nano.a(lib_a-strtod.o)
 *fill*         0x000000000000b970        0x0 
 .rodata._strtod_l.cst8
                0x000000000000b970       0x38 d:/mounriver/mounriver_studio/toolchain/risc-v embedded gcc/bin/../lib/gcc/riscv-none-embed/8.2.0/../../../../riscv-none-embed/lib/rv32imac/ilp32\libg_nano.a(lib_a-strtod.o)
 .rodata._strtod_l.str1.4
                0x000000000000b9a8        0xf d:/mounriver/mounriver_studio/toolchain/risc-v embedded gcc/bin/../lib/gcc/riscv-none-embed/8.2.0/../../../../riscv-none-embed/lib/rv32imac/ilp32\libg_nano.a(lib_a-strtod.o)
 *fill*         0x000000000000b9b7        0x1 
 .rodata.fpi.3395
                0x000000000000b9b8       0x14 d:/mounriver/mounriver_studio/toolchain/risc-v embedded gcc/bin/../lib/gcc/riscv-none-embed/8.2.0/../../../../riscv-none-embed/lib/rv32imac/ilp32\libg_nano.a(lib_a-strtod.o)
 .rodata.fpinan.3431
                0x000000000000b9cc       0x14 d:/mounriver/mounriver_studio/toolchain/risc-v embedded gcc/bin/../lib/gcc/riscv-none-embed/8.2.0/../../../../riscv-none-embed/lib/rv32imac/ilp32\libg_nano.a(lib_a-strtod.o)
 .rodata.strtof_l.cst4
                0x000000000000b9e0        0x4 d:/mounriver/mounriver_studio/toolchain/risc-v embedded gcc/bin/../lib/gcc/riscv-none-embed/8.2.0/../../../../riscv-none-embed/lib/rv32imac/ilp32\libg_nano.a(lib_a-strtod.o)
 *fill*         0x000000000000b9e4        0x4 
 .rodata.strtof_l.cst8
                0x000000000000b9e8        0x8 d:/mounriver/mounriver_studio/toolchain/risc-v embedded gcc/bin/../lib/gcc/riscv-none-embed/8.2.0/../../../../riscv-none-embed/lib/rv32imac/ilp32\libg_nano.a(lib_a-strtod.o)
 .rodata.tinytens
                0x000000000000b9f0       0x28 d:/mounriver/mounriver_studio/toolchain/risc-v embedded gcc/bin/../lib/gcc/riscv-none-embed/8.2.0/../../../../riscv-none-embed/lib/rv32imac/ilp32\libg_nano.a(lib_a-strtod.o)
 .rodata.__sf_fake_stderr
                0x000000000000ba18       0x20 d:/mounriver/mounriver_studio/toolchain/risc-v embedded gcc/bin/../lib/gcc/riscv-none-embed/8.2.0/../../../../riscv-none-embed/lib/rv32imac/ilp32\libg_nano.a(lib_a-findfp.o)
                0x000000000000ba18                __sf_fake_stderr
 .rodata.__sf_fake_stdin
                0x000000000000ba38       0x20 d:/mounriver/mounriver_studio/toolchain/risc-v embedded gcc/bin/../lib/gcc/riscv-none-embed/8.2.0/../../../../riscv-none-embed/lib/rv32imac/ilp32\libg_nano.a(lib_a-findfp.o)
                0x000000000000ba38                __sf_fake_stdin
 .rodata.__sf_fake_stdout
                0x000000000000ba58       0x20 d:/mounriver/mounriver_studio/toolchain/risc-v embedded gcc/bin/../lib/gcc/riscv-none-embed/8.2.0/../../../../riscv-none-embed/lib/rv32imac/ilp32\libg_nano.a(lib_a-findfp.o)
                0x000000000000ba58                __sf_fake_stdout
 .rodata._setlocale_r.str1.4
                0x000000000000ba78        0xa d:/mounriver/mounriver_studio/toolchain/risc-v embedded gcc/bin/../lib/gcc/riscv-none-embed/8.2.0/../../../../riscv-none-embed/lib/rv32imac/ilp32\libg_nano.a(lib_a-locale.o)
                                          0xd (size before relaxing)
 *fill*         0x000000000000ba82        0x2 
 .rodata.str1.4
                0x000000000000ba84        0x2 d:/mounriver/mounriver_studio/toolchain/risc-v embedded gcc/bin/../lib/gcc/riscv-none-embed/8.2.0/../../../../riscv-none-embed/lib/rv32imac/ilp32\libg_nano.a(lib_a-locale.o)
 *fill*         0x000000000000ba86        0x2 
 .rodata.__mprec_bigtens
                0x000000000000ba88       0x28 d:/mounriver/mounriver_studio/toolchain/risc-v embedded gcc/bin/../lib/gcc/riscv-none-embed/8.2.0/../../../../riscv-none-embed/lib/rv32imac/ilp32\libg_nano.a(lib_a-mprec.o)
                0x000000000000ba88                __mprec_bigtens
 .rodata.__mprec_tens
                0x000000000000bab0       0xc8 d:/mounriver/mounriver_studio/toolchain/risc-v embedded gcc/bin/../lib/gcc/riscv-none-embed/8.2.0/../../../../riscv-none-embed/lib/rv32imac/ilp32\libg_nano.a(lib_a-mprec.o)
                0x000000000000bab0                __mprec_tens
 .rodata.p05.3319
                0x000000000000bb78        0xc d:/mounriver/mounriver_studio/toolchain/risc-v embedded gcc/bin/../lib/gcc/riscv-none-embed/8.2.0/../../../../riscv-none-embed/lib/rv32imac/ilp32\libg_nano.a(lib_a-mprec.o)
 .rodata._vfprintf_r.str1.4
                0x000000000000bb84       0x13 d:/mounriver/mounriver_studio/toolchain/risc-v embedded gcc/bin/../lib/gcc/riscv-none-embed/8.2.0/../../../../riscv-none-embed/lib/rv32imac/ilp32\libg_nano.a(lib_a-nano-vfprintf.o)
 *fill*         0x000000000000bb97        0x1 
 .rodata._printf_i.str1.4
                0x000000000000bb98       0x28 d:/mounriver/mounriver_studio/toolchain/risc-v embedded gcc/bin/../lib/gcc/riscv-none-embed/8.2.0/../../../../riscv-none-embed/lib/rv32imac/ilp32\libg_nano.a(lib_a-nano-vfprintf_i.o)
                                         0x25 (size before relaxing)
 .rodata.nanf.cst4
                0x000000000000bbc0        0x4 d:/mounriver/mounriver_studio/toolchain/risc-v embedded gcc/bin/../lib/gcc/riscv-none-embed/8.2.0/../../../../riscv-none-embed/lib/rv32imac/ilp32\libg_nano.a(lib_a-sf_nan.o)
 .rodata._ctype_
                0x000000000000bbc4      0x101 d:/mounriver/mounriver_studio/toolchain/risc-v embedded gcc/bin/../lib/gcc/riscv-none-embed/8.2.0/../../../../riscv-none-embed/lib/rv32imac/ilp32\libg_nano.a(lib_a-ctype_.o)
                0x000000000000bbc4                _ctype_
 *fill*         0x000000000000bcc5        0x3 
 .rodata.__divdf3
                0x000000000000bcc8       0x40 d:/mounriver/mounriver_studio/toolchain/risc-v embedded gcc/bin/../lib/gcc/riscv-none-embed/8.2.0/rv32imac/ilp32\libgcc.a(divdf3.o)
 .rodata.__muldf3
                0x000000000000bd08       0x40 d:/mounriver/mounriver_studio/toolchain/risc-v embedded gcc/bin/../lib/gcc/riscv-none-embed/8.2.0/rv32imac/ilp32\libgcc.a(muldf3.o)
 *(.glue_7)
 *(.glue_7t)
 *(.gnu.linkonce.t.*)
                0x000000000000bd48                . = ALIGN (0x4)

.rela.dyn       0x000000000000bd48        0x0
 .rela.text.L610_Lookup
                0x000000000000bd48        0x0 ./User/L610.o
 .rela.text.L610_RequestIP
                0x000000000000bd48        0x0 ./User/L610.o
 .rela.text.L610_SetAndConnect
                0x000000000000bd48        0x0 ./User/L610.o
 .rela.text.L610_Sub
                0x000000000000bd48        0x0 ./User/L610.o
 .rela.text.L610_Pub
                0x000000000000bd48        0x0 ./User/L610.o
 .rela.text.L610_Recive
                0x000000000000bd48        0x0 ./User/L610.o
 .rela.text.LCD_WriteRAM_Prepare
                0x000000000000bd48        0x0 ./User/L610.o
 .rela.text.LCD_SetCursor
                0x000000000000bd48        0x0 ./User/L610.o
 .rela.text.LCD_Scan_Dir
                0x000000000000bd48        0x0 ./User/L610.o
 .rela.text.LCD_Display_Dir
                0x000000000000bd48        0x0 ./User/L610.o
 .rela.text.LCD_Clear
                0x000000000000bd48        0x0 ./User/L610.o
 .rela.text.LCD_Init
                0x000000000000bd48        0x0 ./User/L610.o
 .rela.text.LCD_Fast_DrawPoint
                0x000000000000bd48        0x0 ./User/L610.o
 .rela.text.LCD_ShowChar
                0x000000000000bd48        0x0 ./User/L610.o
 .rela.init     0x000000000000bd48        0x0 ./User/L610.o
 .rela.vector   0x000000000000bd48        0x0 ./User/L610.o
 .rela.text.handle_reset
                0x000000000000bd48        0x0 ./User/L610.o
 .rela.text.USART2_IRQHandler
                0x000000000000bd48        0x0 ./User/L610.o
 .rela.text._sbrk
                0x000000000000bd48        0x0 ./User/L610.o
 .rela.sdata.curbrk.5226
                0x000000000000bd48        0x0 ./User/L610.o
 .rela.text._vfprintf_r
                0x000000000000bd48        0x0 ./User/L610.o
 .rela.text._sbrk_r
                0x000000000000bd48        0x0 ./User/L610.o
 .rela.text._write_r
                0x000000000000bd48        0x0 ./User/L610.o
 .rela.text._close_r
                0x000000000000bd48        0x0 ./User/L610.o
 .rela.text._fstat_r
                0x000000000000bd48        0x0 ./User/L610.o
 .rela.text._isatty_r
                0x000000000000bd48        0x0 ./User/L610.o
 .rela.text._lseek_r
                0x000000000000bd48        0x0 ./User/L610.o
 .rela.text._read_r
                0x000000000000bd48        0x0 ./User/L610.o
 .rela.text._close
                0x000000000000bd48        0x0 ./User/L610.o
 .rela.text._fstat
                0x000000000000bd48        0x0 ./User/L610.o
 .rela.text._isatty
                0x000000000000bd48        0x0 ./User/L610.o
 .rela.text._lseek
                0x000000000000bd48        0x0 ./User/L610.o
 .rela.text._read
                0x000000000000bd48        0x0 ./User/L610.o

.fini           0x000000000000bd48        0x0
 *(SORT_NONE(.fini))
                0x000000000000bd48                . = ALIGN (0x4)
                [!provide]                        PROVIDE (_etext = .)
                [!provide]                        PROVIDE (_eitcm = .)

.preinit_array  0x000000000000bd48        0x0
                [!provide]                        PROVIDE (__preinit_array_start = .)
 *(.preinit_array)
                [!provide]                        PROVIDE (__preinit_array_end = .)

.init_array     0x000000000000bd48        0x0
                [!provide]                        PROVIDE (__init_array_start = .)
 *(SORT_BY_INIT_PRIORITY(.init_array.*) SORT_BY_INIT_PRIORITY(.ctors.*))
 *(.init_array EXCLUDE_FILE(*crtend?.o *crtend.o *crtbegin?.o *crtbegin.o) .ctors)
                [!provide]                        PROVIDE (__init_array_end = .)

.fini_array     0x000000000000bd48        0x0
                [!provide]                        PROVIDE (__fini_array_start = .)
 *(SORT_BY_INIT_PRIORITY(.fini_array.*) SORT_BY_INIT_PRIORITY(.dtors.*))
 *(.fini_array EXCLUDE_FILE(*crtend?.o *crtend.o *crtbegin?.o *crtbegin.o) .dtors)
                [!provide]                        PROVIDE (__fini_array_end = .)

.ctors
 *crtbegin.o(.ctors)
 *crtbegin?.o(.ctors)
 *(EXCLUDE_FILE(*crtend?.o *crtend.o) .ctors)
 *(SORT_BY_NAME(.ctors.*))
 *(.ctors)

.dtors
 *crtbegin.o(.dtors)
 *crtbegin?.o(.dtors)
 *(EXCLUDE_FILE(*crtend?.o *crtend.o) .dtors)
 *(SORT_BY_NAME(.dtors.*))
 *(.dtors)

.dalign         0x0000000020000000        0x0 load address 0x000000000000bd48
                0x0000000020000000                . = ALIGN (0x4)
                0x0000000020000000                PROVIDE (_data_vma = .)

.dlalign        0x000000000000bd48        0x0
                0x000000000000bd48                . = ALIGN (0x4)
                0x000000000000bd48                PROVIDE (_data_lma = .)

.data           0x0000000020000000      0x208 load address 0x000000000000bd48
 *(.gnu.linkonce.r.*)
 *(.data .data.*)
 .data.AHBPrescTable
                0x0000000020000000       0x10 ./User/system_ch32v30x.o
                0x0000000020000000                AHBPrescTable
 .data.APBAHBPrescTable
                0x0000000020000010       0x10 ./Peripheral/src/ch32v30x_rcc.o
 .data.impure_data
                0x0000000020000020       0x60 d:/mounriver/mounriver_studio/toolchain/risc-v embedded gcc/bin/../lib/gcc/riscv-none-embed/8.2.0/../../../../riscv-none-embed/lib/rv32imac/ilp32\libg_nano.a(lib_a-impure.o)
 .data.__global_locale
                0x0000000020000080      0x16c d:/mounriver/mounriver_studio/toolchain/risc-v embedded gcc/bin/../lib/gcc/riscv-none-embed/8.2.0/../../../../riscv-none-embed/lib/rv32imac/ilp32\libg_nano.a(lib_a-locale.o)
                0x0000000020000080                __global_locale
 *(.gnu.linkonce.d.*)
                0x00000000200001f0                . = ALIGN (0x8)
 *fill*         0x00000000200001ec        0x4 
                0x00000000200009f0                PROVIDE (__global_pointer$ = (. + 0x800))
 *(.sdata .sdata.*)
 .sdata.BACK_COLOR
                0x00000000200001f0        0x2 ./User/lcd.o
                0x00000000200001f0                BACK_COLOR
 *fill*         0x00000000200001f2        0x2 
 .sdata.SystemCoreClock
                0x00000000200001f4        0x4 ./User/system_ch32v30x.o
                0x00000000200001f4                SystemCoreClock
 .sdata.ADCPrescTable
                0x00000000200001f8        0x4 ./Peripheral/src/ch32v30x_rcc.o
 .sdata.curbrk.5226
                0x00000000200001fc        0x4 ./Debug/debug.o
 .sdata._impure_ptr
                0x0000000020000200        0x4 d:/mounriver/mounriver_studio/toolchain/risc-v embedded gcc/bin/../lib/gcc/riscv-none-embed/8.2.0/../../../../riscv-none-embed/lib/rv32imac/ilp32\libg_nano.a(lib_a-impure.o)
                0x0000000020000200                _impure_ptr
 *(.sdata2.*)
 .sdata2._global_impure_ptr
                0x0000000020000204        0x4 d:/mounriver/mounriver_studio/toolchain/risc-v embedded gcc/bin/../lib/gcc/riscv-none-embed/8.2.0/../../../../riscv-none-embed/lib/rv32imac/ilp32\libg_nano.a(lib_a-impure.o)
                0x0000000020000204                _global_impure_ptr
 *(.gnu.linkonce.s.*)
                0x0000000020000208                . = ALIGN (0x8)
 *(.srodata.cst16)
 *(.srodata.cst8)
 *(.srodata.cst4)
 *(.srodata.cst2)
 *(.srodata .srodata.*)
                0x0000000020000208                . = ALIGN (0x4)
                0x0000000020000208                PROVIDE (_edata = .)

.bss            0x0000000020000208      0x5dc load address 0x000000000000bf50
                0x0000000020000208                . = ALIGN (0x4)
                0x0000000020000208                PROVIDE (_sbss = .)
 *(.sbss*)
 .sbss.POINT_COLOR
                0x0000000020000208        0x2 ./User/lcd.o
                0x0000000020000208                POINT_COLOR
 *fill*         0x000000002000020a        0x2 
 .sbss.NVIC_Priority_Group
                0x000000002000020c        0x4 ./Peripheral/src/ch32v30x_misc.o
                0x000000002000020c                NVIC_Priority_Group
 .sbss.USART_Rbuffer_Num
                0x0000000020000210        0x1 ./Hardware/usart.o
                0x0000000020000210                USART_Rbuffer_Num
 *fill*         0x0000000020000211        0x1 
 .sbss.p_ms     0x0000000020000212        0x2 ./Debug/debug.o
 .sbss.p_us     0x0000000020000214        0x1 ./Debug/debug.o
 *fill*         0x0000000020000215        0x3 
 .sbss.__malloc_free_list
                0x0000000020000218        0x4 d:/mounriver/mounriver_studio/toolchain/risc-v embedded gcc/bin/../lib/gcc/riscv-none-embed/8.2.0/../../../../riscv-none-embed/lib/rv32imac/ilp32\libg_nano.a(lib_a-nano-mallocr.o)
                0x0000000020000218                __malloc_free_list
 .sbss.__malloc_sbrk_start
                0x000000002000021c        0x4 d:/mounriver/mounriver_studio/toolchain/risc-v embedded gcc/bin/../lib/gcc/riscv-none-embed/8.2.0/../../../../riscv-none-embed/lib/rv32imac/ilp32\libg_nano.a(lib_a-nano-mallocr.o)
                0x000000002000021c                __malloc_sbrk_start
 *(.gnu.linkonce.sb.*)
 *(.bss*)
 .bss.productInfo.5880
                0x0000000020000220      0x1a0 ./User/L610.o
 *(.gnu.linkonce.b.*)
 *(COMMON*)
 COMMON         0x00000000200003c0      0x410 ./User/L610.o
                0x00000000200003c0                endptr
                0x00000000200003c4                number
                0x00000000200003c8                strx
                0x00000000200003cc                USART_Rbuffer
                0x00000000200007cc                len
 COMMON         0x00000000200007d0        0xe ./User/lcd.o
                0x00000000200007d0                lcddev
 *fill*         0x00000000200007de        0x2 
 COMMON         0x00000000200007e0        0x4 d:/mounriver/mounriver_studio/toolchain/risc-v embedded gcc/bin/../lib/gcc/riscv-none-embed/8.2.0/../../../../riscv-none-embed/lib/rv32imac/ilp32\libg_nano.a(lib_a-reent.o)
                0x00000000200007e0                errno
                0x00000000200007e4                . = ALIGN (0x4)
                0x00000000200007e4                PROVIDE (_ebss = .)
                0x00000000200007e4                PROVIDE (_end = _ebss)
                [!provide]                        PROVIDE (end = .)

.stack          0x0000000020007800      0x800
                0x0000000020007800                PROVIDE (_heap_end = .)
                0x0000000020007800                . = ALIGN (0x4)
                [!provide]                        PROVIDE (_susrstack = .)
                0x0000000020008000                . = (. + __stack_size)
 *fill*         0x0000000020007800      0x800 
                0x0000000020008000                PROVIDE (_eusrstack = .)
OUTPUT(L610Example.elf elf32-littleriscv)

.debug_info     0x0000000000000000    0x11b30
 .debug_info    0x0000000000000000     0x1670 ./User/L610.o
 .debug_info    0x0000000000001670      0x962 ./User/ch32v30x_it.o
 .debug_info    0x0000000000001fd2     0x593d ./User/lcd.o
 .debug_info    0x000000000000790f      0xf61 ./User/main.o
 .debug_info    0x0000000000008870      0xc51 ./User/pages.o
 .debug_info    0x00000000000094c1      0xb63 ./User/system_ch32v30x.o
 .debug_info    0x000000000000a024       0x22 ./Startup/startup_ch32v30x_D8C.o
 .debug_info    0x000000000000a046     0x104d ./Peripheral/src/ch32v30x_fsmc.o
 .debug_info    0x000000000000b093     0x1093 ./Peripheral/src/ch32v30x_gpio.o
 .debug_info    0x000000000000c126      0xf67 ./Peripheral/src/ch32v30x_misc.o
 .debug_info    0x000000000000d08d     0x155d ./Peripheral/src/ch32v30x_rcc.o
 .debug_info    0x000000000000e5ea     0x1420 ./Peripheral/src/ch32v30x_usart.o
 .debug_info    0x000000000000fa0a     0x11e5 ./Hardware/usart.o
 .debug_info    0x0000000000010bef      0xf41 ./Debug/debug.o

.debug_abbrev   0x0000000000000000     0x26b3
 .debug_abbrev  0x0000000000000000      0x310 ./User/L610.o
 .debug_abbrev  0x0000000000000310      0x1cf ./User/ch32v30x_it.o
 .debug_abbrev  0x00000000000004df      0x4ce ./User/lcd.o
 .debug_abbrev  0x00000000000009ad      0x2d4 ./User/main.o
 .debug_abbrev  0x0000000000000c81      0x230 ./User/pages.o
 .debug_abbrev  0x0000000000000eb1      0x2c0 ./User/system_ch32v30x.o
 .debug_abbrev  0x0000000000001171       0x12 ./Startup/startup_ch32v30x_D8C.o
 .debug_abbrev  0x0000000000001183      0x2d9 ./Peripheral/src/ch32v30x_fsmc.o
 .debug_abbrev  0x000000000000145c      0x31a ./Peripheral/src/ch32v30x_gpio.o
 .debug_abbrev  0x0000000000001776      0x2fb ./Peripheral/src/ch32v30x_misc.o
 .debug_abbrev  0x0000000000001a71      0x351 ./Peripheral/src/ch32v30x_rcc.o
 .debug_abbrev  0x0000000000001dc2      0x325 ./Peripheral/src/ch32v30x_usart.o
 .debug_abbrev  0x00000000000020e7      0x2d3 ./Hardware/usart.o
 .debug_abbrev  0x00000000000023ba      0x2f9 ./Debug/debug.o

.debug_loc      0x0000000000000000     0x6e6e
 .debug_loc     0x0000000000000000      0x26b ./User/L610.o
 .debug_loc     0x000000000000026b     0x4aa0 ./User/lcd.o
 .debug_loc     0x0000000000004d0b       0x1e ./User/main.o
 .debug_loc     0x0000000000004d29       0xe5 ./User/system_ch32v30x.o
 .debug_loc     0x0000000000004e0e      0x454 ./Peripheral/src/ch32v30x_fsmc.o
 .debug_loc     0x0000000000005262      0x67b ./Peripheral/src/ch32v30x_gpio.o
 .debug_loc     0x00000000000058dd       0xce ./Peripheral/src/ch32v30x_misc.o
 .debug_loc     0x00000000000059ab      0xa54 ./Peripheral/src/ch32v30x_rcc.o
 .debug_loc     0x00000000000063ff      0x7f8 ./Peripheral/src/ch32v30x_usart.o
 .debug_loc     0x0000000000006bf7       0xcf ./Hardware/usart.o
 .debug_loc     0x0000000000006cc6      0x1a8 ./Debug/debug.o

.debug_aranges  0x0000000000000000      0x648
 .debug_aranges
                0x0000000000000000       0x50 ./User/L610.o
 .debug_aranges
                0x0000000000000050       0x28 ./User/ch32v30x_it.o
 .debug_aranges
                0x0000000000000078       0xa0 ./User/lcd.o
 .debug_aranges
                0x0000000000000118       0x28 ./User/main.o
 .debug_aranges
                0x0000000000000140       0x28 ./User/pages.o
 .debug_aranges
                0x0000000000000168       0x28 ./User/system_ch32v30x.o
 .debug_aranges
                0x0000000000000190       0x30 ./Startup/startup_ch32v30x_D8C.o
 .debug_aranges
                0x00000000000001c0       0x90 ./Peripheral/src/ch32v30x_fsmc.o
 .debug_aranges
                0x0000000000000250       0xa8 ./Peripheral/src/ch32v30x_gpio.o
 .debug_aranges
                0x00000000000002f8       0x28 ./Peripheral/src/ch32v30x_misc.o
 .debug_aranges
                0x0000000000000320      0x1a8 ./Peripheral/src/ch32v30x_rcc.o
 .debug_aranges
                0x00000000000004c8      0x100 ./Peripheral/src/ch32v30x_usart.o
 .debug_aranges
                0x00000000000005c8       0x38 ./Hardware/usart.o
 .debug_aranges
                0x0000000000000600       0x48 ./Debug/debug.o

.debug_ranges   0x0000000000000000      0xbc8
 .debug_ranges  0x0000000000000000       0x78 ./User/L610.o
 .debug_ranges  0x0000000000000078       0x18 ./User/ch32v30x_it.o
 .debug_ranges  0x0000000000000090      0x660 ./User/lcd.o
 .debug_ranges  0x00000000000006f0       0x18 ./User/main.o
 .debug_ranges  0x0000000000000708       0x18 ./User/pages.o
 .debug_ranges  0x0000000000000720       0x38 ./User/system_ch32v30x.o
 .debug_ranges  0x0000000000000758       0x28 ./Startup/startup_ch32v30x_D8C.o
 .debug_ranges  0x0000000000000780       0x80 ./Peripheral/src/ch32v30x_fsmc.o
 .debug_ranges  0x0000000000000800       0x98 ./Peripheral/src/ch32v30x_gpio.o
 .debug_ranges  0x0000000000000898       0x48 ./Peripheral/src/ch32v30x_misc.o
 .debug_ranges  0x00000000000008e0      0x198 ./Peripheral/src/ch32v30x_rcc.o
 .debug_ranges  0x0000000000000a78       0xf0 ./Peripheral/src/ch32v30x_usart.o
 .debug_ranges  0x0000000000000b68       0x28 ./Hardware/usart.o
 .debug_ranges  0x0000000000000b90       0x38 ./Debug/debug.o

.debug_line     0x0000000000000000     0xe317
 .debug_line    0x0000000000000000      0xe82 ./User/L610.o
 .debug_line    0x0000000000000e82      0x241 ./User/ch32v30x_it.o
 .debug_line    0x00000000000010c3     0x65b6 ./User/lcd.o
 .debug_line    0x0000000000007679      0x5ea ./User/main.o
 .debug_line    0x0000000000007c63      0x391 ./User/pages.o
 .debug_line    0x0000000000007ff4      0x76d ./User/system_ch32v30x.o
 .debug_line    0x0000000000008761      0x356 ./Startup/startup_ch32v30x_D8C.o
 .debug_line    0x0000000000008ab7      0xe72 ./Peripheral/src/ch32v30x_fsmc.o
 .debug_line    0x0000000000009929      0xdf1 ./Peripheral/src/ch32v30x_gpio.o
 .debug_line    0x000000000000a71a      0x510 ./Peripheral/src/ch32v30x_misc.o
 .debug_line    0x000000000000ac2a     0x1831 ./Peripheral/src/ch32v30x_rcc.o
 .debug_line    0x000000000000c45b     0x10ea ./Peripheral/src/ch32v30x_usart.o
 .debug_line    0x000000000000d545      0x690 ./Hardware/usart.o
 .debug_line    0x000000000000dbd5      0x742 ./Debug/debug.o

.debug_str      0x0000000000000000     0x25a8
 .debug_str     0x0000000000000000      0x684 ./User/L610.o
                                        0x6f1 (size before relaxing)
 .debug_str     0x0000000000000684       0x34 ./User/ch32v30x_it.o
                                        0x5bd (size before relaxing)
 .debug_str     0x00000000000006b8      0x5e9 ./User/lcd.o
                                        0xbc3 (size before relaxing)
 .debug_str     0x0000000000000ca1       0x9e ./User/main.o
                                        0x93c (size before relaxing)
 .debug_str     0x0000000000000d3f       0x21 ./User/pages.o
                                        0x65d (size before relaxing)
 .debug_str     0x0000000000000d60       0xd9 ./User/system_ch32v30x.o
                                        0x6b7 (size before relaxing)
 .debug_str     0x0000000000000e39       0x8c ./Startup/startup_ch32v30x_D8C.o
 .debug_str     0x0000000000000ec5      0x2fc ./Peripheral/src/ch32v30x_fsmc.o
                                        0xacf (size before relaxing)
 .debug_str     0x00000000000011c1      0x233 ./Peripheral/src/ch32v30x_gpio.o
                                        0x978 (size before relaxing)
 .debug_str     0x00000000000013f4      0x6e1 ./Peripheral/src/ch32v30x_misc.o
                                        0xcc3 (size before relaxing)
 .debug_str     0x0000000000001ad5      0x5ca ./Peripheral/src/ch32v30x_rcc.o
                                        0xcc8 (size before relaxing)
 .debug_str     0x000000000000209f      0x421 ./Peripheral/src/ch32v30x_usart.o
                                        0xb1e (size before relaxing)
 .debug_str     0x00000000000024c0       0x86 ./Hardware/usart.o
                                        0xf13 (size before relaxing)
 .debug_str     0x0000000000002546       0x62 ./Debug/debug.o
                                        0x91d (size before relaxing)

.comment        0x0000000000000000       0x33
 .comment       0x0000000000000000       0x33 ./User/L610.o
                                         0x34 (size before relaxing)
 .comment       0x0000000000000033       0x34 ./User/ch32v30x_it.o
 .comment       0x0000000000000033       0x34 ./User/lcd.o
 .comment       0x0000000000000033       0x34 ./User/main.o
 .comment       0x0000000000000033       0x34 ./User/pages.o
 .comment       0x0000000000000033       0x34 ./User/system_ch32v30x.o
 .comment       0x0000000000000033       0x34 ./Peripheral/src/ch32v30x_fsmc.o
 .comment       0x0000000000000033       0x34 ./Peripheral/src/ch32v30x_gpio.o
 .comment       0x0000000000000033       0x34 ./Peripheral/src/ch32v30x_misc.o
 .comment       0x0000000000000033       0x34 ./Peripheral/src/ch32v30x_rcc.o
 .comment       0x0000000000000033       0x34 ./Peripheral/src/ch32v30x_usart.o
 .comment       0x0000000000000033       0x34 ./Hardware/usart.o
 .comment       0x0000000000000033       0x34 ./Debug/debug.o

.debug_frame    0x0000000000000000     0x218c
 .debug_frame   0x0000000000000000      0x188 ./User/L610.o
 .debug_frame   0x0000000000000188       0x30 ./User/ch32v30x_it.o
 .debug_frame   0x00000000000001b8      0x278 ./User/lcd.o
 .debug_frame   0x0000000000000430       0x54 ./User/main.o
 .debug_frame   0x0000000000000484       0x44 ./User/pages.o
 .debug_frame   0x00000000000004c8       0x3c ./User/system_ch32v30x.o
 .debug_frame   0x0000000000000504      0x100 ./Peripheral/src/ch32v30x_fsmc.o
 .debug_frame   0x0000000000000604      0x150 ./Peripheral/src/ch32v30x_gpio.o
 .debug_frame   0x0000000000000754       0x30 ./Peripheral/src/ch32v30x_misc.o
 .debug_frame   0x0000000000000784      0x340 ./Peripheral/src/ch32v30x_rcc.o
 .debug_frame   0x0000000000000ac4      0x210 ./Peripheral/src/ch32v30x_usart.o
 .debug_frame   0x0000000000000cd4       0x94 ./Hardware/usart.o
 .debug_frame   0x0000000000000d68       0xa4 ./Debug/debug.o
 .debug_frame   0x0000000000000e0c       0x38 d:/mounriver/mounriver_studio/toolchain/risc-v embedded gcc/bin/../lib/gcc/riscv-none-embed/8.2.0/rv32imac/ilp32\libgcc.a(extendsfdf2.o)
 .debug_frame   0x0000000000000e44       0x20 d:/mounriver/mounriver_studio/toolchain/risc-v embedded gcc/bin/../lib/gcc/riscv-none-embed/8.2.0/rv32imac/ilp32\libgcc.a(_clzsi2.o)
 .debug_frame   0x0000000000000e64       0x54 d:/mounriver/mounriver_studio/toolchain/risc-v embedded gcc/bin/../lib/gcc/riscv-none-embed/8.2.0/../../../../riscv-none-embed/lib/rv32imac/ilp32\libg_nano.a(lib_a-printf.o)
 .debug_frame   0x0000000000000eb8       0x54 d:/mounriver/mounriver_studio/toolchain/risc-v embedded gcc/bin/../lib/gcc/riscv-none-embed/8.2.0/../../../../riscv-none-embed/lib/rv32imac/ilp32\libg_nano.a(lib_a-puts.o)
 .debug_frame   0x0000000000000f0c       0x20 d:/mounriver/mounriver_studio/toolchain/risc-v embedded gcc/bin/../lib/gcc/riscv-none-embed/8.2.0/../../../../riscv-none-embed/lib/rv32imac/ilp32\libg_nano.a(lib_a-strstr.o)
 .debug_frame   0x0000000000000f2c      0x154 d:/mounriver/mounriver_studio/toolchain/risc-v embedded gcc/bin/../lib/gcc/riscv-none-embed/8.2.0/../../../../riscv-none-embed/lib/rv32imac/ilp32\libg_nano.a(lib_a-strtod.o)
 .debug_frame   0x0000000000001080       0x50 d:/mounriver/mounriver_studio/toolchain/risc-v embedded gcc/bin/../lib/gcc/riscv-none-embed/8.2.0/../../../../riscv-none-embed/lib/rv32imac/ilp32\libg_nano.a(lib_a-wbuf.o)
 .debug_frame   0x00000000000010d0       0x3c d:/mounriver/mounriver_studio/toolchain/risc-v embedded gcc/bin/../lib/gcc/riscv-none-embed/8.2.0/../../../../riscv-none-embed/lib/rv32imac/ilp32\libg_nano.a(lib_a-wsetup.o)
 .debug_frame   0x000000000000110c       0x7c d:/mounriver/mounriver_studio/toolchain/risc-v embedded gcc/bin/../lib/gcc/riscv-none-embed/8.2.0/../../../../riscv-none-embed/lib/rv32imac/ilp32\libg_nano.a(lib_a-fflush.o)
 .debug_frame   0x0000000000001188      0x148 d:/mounriver/mounriver_studio/toolchain/risc-v embedded gcc/bin/../lib/gcc/riscv-none-embed/8.2.0/../../../../riscv-none-embed/lib/rv32imac/ilp32\libg_nano.a(lib_a-findfp.o)
 .debug_frame   0x00000000000012d0       0x88 d:/mounriver/mounriver_studio/toolchain/risc-v embedded gcc/bin/../lib/gcc/riscv-none-embed/8.2.0/../../../../riscv-none-embed/lib/rv32imac/ilp32\libg_nano.a(lib_a-fwalk.o)
 .debug_frame   0x0000000000001358       0x84 d:/mounriver/mounriver_studio/toolchain/risc-v embedded gcc/bin/../lib/gcc/riscv-none-embed/8.2.0/../../../../riscv-none-embed/lib/rv32imac/ilp32\libg_nano.a(lib_a-gdtoa-gethex.o)
 .debug_frame   0x00000000000013dc       0x80 d:/mounriver/mounriver_studio/toolchain/risc-v embedded gcc/bin/../lib/gcc/riscv-none-embed/8.2.0/../../../../riscv-none-embed/lib/rv32imac/ilp32\libg_nano.a(lib_a-gdtoa-hexnan.o)
 .debug_frame   0x000000000000145c       0x78 d:/mounriver/mounriver_studio/toolchain/risc-v embedded gcc/bin/../lib/gcc/riscv-none-embed/8.2.0/../../../../riscv-none-embed/lib/rv32imac/ilp32\libg_nano.a(lib_a-locale.o)
 .debug_frame   0x00000000000014d4       0x40 d:/mounriver/mounriver_studio/toolchain/risc-v embedded gcc/bin/../lib/gcc/riscv-none-embed/8.2.0/../../../../riscv-none-embed/lib/rv32imac/ilp32\libg_nano.a(lib_a-localeconv.o)
 .debug_frame   0x0000000000001514       0x64 d:/mounriver/mounriver_studio/toolchain/risc-v embedded gcc/bin/../lib/gcc/riscv-none-embed/8.2.0/../../../../riscv-none-embed/lib/rv32imac/ilp32\libg_nano.a(lib_a-makebuf.o)
 .debug_frame   0x0000000000001578       0x38 d:/mounriver/mounriver_studio/toolchain/risc-v embedded gcc/bin/../lib/gcc/riscv-none-embed/8.2.0/../../../../riscv-none-embed/lib/rv32imac/ilp32\libg_nano.a(lib_a-mbtowc_r.o)
 .debug_frame   0x00000000000015b0       0x20 d:/mounriver/mounriver_studio/toolchain/risc-v embedded gcc/bin/../lib/gcc/riscv-none-embed/8.2.0/../../../../riscv-none-embed/lib/rv32imac/ilp32\libg_nano.a(lib_a-memcpy.o)
 .debug_frame   0x00000000000015d0      0x2e0 d:/mounriver/mounriver_studio/toolchain/risc-v embedded gcc/bin/../lib/gcc/riscv-none-embed/8.2.0/../../../../riscv-none-embed/lib/rv32imac/ilp32\libg_nano.a(lib_a-mprec.o)
 .debug_frame   0x00000000000018b0       0x30 d:/mounriver/mounriver_studio/toolchain/risc-v embedded gcc/bin/../lib/gcc/riscv-none-embed/8.2.0/../../../../riscv-none-embed/lib/rv32imac/ilp32\libg_nano.a(lib_a-nano-callocr.o)
 .debug_frame   0x00000000000018e0       0x40 d:/mounriver/mounriver_studio/toolchain/risc-v embedded gcc/bin/../lib/gcc/riscv-none-embed/8.2.0/../../../../riscv-none-embed/lib/rv32imac/ilp32\libg_nano.a(lib_a-nano-freer.o)
 .debug_frame   0x0000000000001920       0x40 d:/mounriver/mounriver_studio/toolchain/risc-v embedded gcc/bin/../lib/gcc/riscv-none-embed/8.2.0/../../../../riscv-none-embed/lib/rv32imac/ilp32\libg_nano.a(lib_a-nano-mallocr.o)
 .debug_frame   0x0000000000001960       0xd0 d:/mounriver/mounriver_studio/toolchain/risc-v embedded gcc/bin/../lib/gcc/riscv-none-embed/8.2.0/../../../../riscv-none-embed/lib/rv32imac/ilp32\libg_nano.a(lib_a-nano-vfprintf.o)
 .debug_frame   0x0000000000001a30       0x8c d:/mounriver/mounriver_studio/toolchain/risc-v embedded gcc/bin/../lib/gcc/riscv-none-embed/8.2.0/../../../../riscv-none-embed/lib/rv32imac/ilp32\libg_nano.a(lib_a-nano-vfprintf_i.o)
 .debug_frame   0x0000000000001abc       0x30 d:/mounriver/mounriver_studio/toolchain/risc-v embedded gcc/bin/../lib/gcc/riscv-none-embed/8.2.0/../../../../riscv-none-embed/lib/rv32imac/ilp32\libg_nano.a(lib_a-sbrkr.o)
 .debug_frame   0x0000000000001aec       0x20 d:/mounriver/mounriver_studio/toolchain/risc-v embedded gcc/bin/../lib/gcc/riscv-none-embed/8.2.0/../../../../riscv-none-embed/lib/rv32imac/ilp32\libg_nano.a(lib_a-sf_nan.o)
 .debug_frame   0x0000000000001b0c       0xa4 d:/mounriver/mounriver_studio/toolchain/risc-v embedded gcc/bin/../lib/gcc/riscv-none-embed/8.2.0/../../../../riscv-none-embed/lib/rv32imac/ilp32\libg_nano.a(lib_a-stdio.o)
 .debug_frame   0x0000000000001bb0       0x20 d:/mounriver/mounriver_studio/toolchain/risc-v embedded gcc/bin/../lib/gcc/riscv-none-embed/8.2.0/../../../../riscv-none-embed/lib/rv32imac/ilp32\libg_nano.a(lib_a-strlen.o)
 .debug_frame   0x0000000000001bd0       0x20 d:/mounriver/mounriver_studio/toolchain/risc-v embedded gcc/bin/../lib/gcc/riscv-none-embed/8.2.0/../../../../riscv-none-embed/lib/rv32imac/ilp32\libg_nano.a(lib_a-strncmp.o)
 .debug_frame   0x0000000000001bf0       0x30 d:/mounriver/mounriver_studio/toolchain/risc-v embedded gcc/bin/../lib/gcc/riscv-none-embed/8.2.0/../../../../riscv-none-embed/lib/rv32imac/ilp32\libg_nano.a(lib_a-wctomb_r.o)
 .debug_frame   0x0000000000001c20       0x30 d:/mounriver/mounriver_studio/toolchain/risc-v embedded gcc/bin/../lib/gcc/riscv-none-embed/8.2.0/../../../../riscv-none-embed/lib/rv32imac/ilp32\libg_nano.a(lib_a-writer.o)
 .debug_frame   0x0000000000001c50       0x30 d:/mounriver/mounriver_studio/toolchain/risc-v embedded gcc/bin/../lib/gcc/riscv-none-embed/8.2.0/../../../../riscv-none-embed/lib/rv32imac/ilp32\libg_nano.a(lib_a-closer.o)
 .debug_frame   0x0000000000001c80       0x30 d:/mounriver/mounriver_studio/toolchain/risc-v embedded gcc/bin/../lib/gcc/riscv-none-embed/8.2.0/../../../../riscv-none-embed/lib/rv32imac/ilp32\libg_nano.a(lib_a-fstatr.o)
 .debug_frame   0x0000000000001cb0       0x30 d:/mounriver/mounriver_studio/toolchain/risc-v embedded gcc/bin/../lib/gcc/riscv-none-embed/8.2.0/../../../../riscv-none-embed/lib/rv32imac/ilp32\libg_nano.a(lib_a-isattyr.o)
 .debug_frame   0x0000000000001ce0       0x30 d:/mounriver/mounriver_studio/toolchain/risc-v embedded gcc/bin/../lib/gcc/riscv-none-embed/8.2.0/../../../../riscv-none-embed/lib/rv32imac/ilp32\libg_nano.a(lib_a-lseekr.o)
 .debug_frame   0x0000000000001d10       0x30 d:/mounriver/mounriver_studio/toolchain/risc-v embedded gcc/bin/../lib/gcc/riscv-none-embed/8.2.0/../../../../riscv-none-embed/lib/rv32imac/ilp32\libg_nano.a(lib_a-malloc.o)
 .debug_frame   0x0000000000001d40       0x20 d:/mounriver/mounriver_studio/toolchain/risc-v embedded gcc/bin/../lib/gcc/riscv-none-embed/8.2.0/../../../../riscv-none-embed/lib/rv32imac/ilp32\libg_nano.a(lib_a-memchr.o)
 .debug_frame   0x0000000000001d60       0x30 d:/mounriver/mounriver_studio/toolchain/risc-v embedded gcc/bin/../lib/gcc/riscv-none-embed/8.2.0/../../../../riscv-none-embed/lib/rv32imac/ilp32\libg_nano.a(lib_a-mlock.o)
 .debug_frame   0x0000000000001d90       0x30 d:/mounriver/mounriver_studio/toolchain/risc-v embedded gcc/bin/../lib/gcc/riscv-none-embed/8.2.0/../../../../riscv-none-embed/lib/rv32imac/ilp32\libg_nano.a(lib_a-readr.o)
 .debug_frame   0x0000000000001dc0       0x70 d:/mounriver/mounriver_studio/toolchain/risc-v embedded gcc/bin/../lib/gcc/riscv-none-embed/8.2.0/../../../../riscv-none-embed/lib/rv32imac/ilp32\libg_nano.a(lib_a-reent.o)
 .debug_frame   0x0000000000001e30       0x44 d:/mounriver/mounriver_studio/toolchain/risc-v embedded gcc/bin/../lib/gcc/riscv-none-embed/8.2.0/rv32imac/ilp32\libgcc.a(adddf3.o)
 .debug_frame   0x0000000000001e74       0x50 d:/mounriver/mounriver_studio/toolchain/risc-v embedded gcc/bin/../lib/gcc/riscv-none-embed/8.2.0/rv32imac/ilp32\libgcc.a(divdf3.o)
 .debug_frame   0x0000000000001ec4       0x20 d:/mounriver/mounriver_studio/toolchain/risc-v embedded gcc/bin/../lib/gcc/riscv-none-embed/8.2.0/rv32imac/ilp32\libgcc.a(eqdf2.o)
 .debug_frame   0x0000000000001ee4       0x20 d:/mounriver/mounriver_studio/toolchain/risc-v embedded gcc/bin/../lib/gcc/riscv-none-embed/8.2.0/rv32imac/ilp32\libgcc.a(gedf2.o)
 .debug_frame   0x0000000000001f04       0x20 d:/mounriver/mounriver_studio/toolchain/risc-v embedded gcc/bin/../lib/gcc/riscv-none-embed/8.2.0/rv32imac/ilp32\libgcc.a(ledf2.o)
 .debug_frame   0x0000000000001f24       0x54 d:/mounriver/mounriver_studio/toolchain/risc-v embedded gcc/bin/../lib/gcc/riscv-none-embed/8.2.0/rv32imac/ilp32\libgcc.a(muldf3.o)
 .debug_frame   0x0000000000001f78       0x44 d:/mounriver/mounriver_studio/toolchain/risc-v embedded gcc/bin/../lib/gcc/riscv-none-embed/8.2.0/rv32imac/ilp32\libgcc.a(subdf3.o)
 .debug_frame   0x0000000000001fbc       0x20 d:/mounriver/mounriver_studio/toolchain/risc-v embedded gcc/bin/../lib/gcc/riscv-none-embed/8.2.0/rv32imac/ilp32\libgcc.a(unorddf2.o)
 .debug_frame   0x0000000000001fdc       0x20 d:/mounriver/mounriver_studio/toolchain/risc-v embedded gcc/bin/../lib/gcc/riscv-none-embed/8.2.0/rv32imac/ilp32\libgcc.a(fixdfsi.o)
 .debug_frame   0x0000000000001ffc       0x20 d:/mounriver/mounriver_studio/toolchain/risc-v embedded gcc/bin/../lib/gcc/riscv-none-embed/8.2.0/rv32imac/ilp32\libgcc.a(fixunsdfsi.o)
 .debug_frame   0x000000000000201c       0x38 d:/mounriver/mounriver_studio/toolchain/risc-v embedded gcc/bin/../lib/gcc/riscv-none-embed/8.2.0/rv32imac/ilp32\libgcc.a(floatsidf.o)
 .debug_frame   0x0000000000002054       0x38 d:/mounriver/mounriver_studio/toolchain/risc-v embedded gcc/bin/../lib/gcc/riscv-none-embed/8.2.0/rv32imac/ilp32\libgcc.a(floatunsidf.o)
 .debug_frame   0x000000000000208c       0x20 d:/mounriver/mounriver_studio/toolchain/risc-v embedded gcc/bin/../lib/gcc/riscv-none-embed/8.2.0/rv32imac/ilp32\libgcc.a(lesf2.o)
 .debug_frame   0x00000000000020ac       0x20 d:/mounriver/mounriver_studio/toolchain/risc-v embedded gcc/bin/../lib/gcc/riscv-none-embed/8.2.0/rv32imac/ilp32\libgcc.a(unordsf2.o)
 .debug_frame   0x00000000000020cc       0x20 d:/mounriver/mounriver_studio/toolchain/risc-v embedded gcc/bin/../lib/gcc/riscv-none-embed/8.2.0/rv32imac/ilp32\libgcc.a(truncdfsf2.o)
 .debug_frame   0x00000000000020ec       0x20 d:/mounriver/mounriver_studio/toolchain/risc-v embedded gcc/bin/../lib/gcc/riscv-none-embed/8.2.0/../../../../riscv-none-embed/lib/rv32imac/ilp32\libnosys.a(close.o)
 .debug_frame   0x000000000000210c       0x20 d:/mounriver/mounriver_studio/toolchain/risc-v embedded gcc/bin/../lib/gcc/riscv-none-embed/8.2.0/../../../../riscv-none-embed/lib/rv32imac/ilp32\libnosys.a(fstat.o)
 .debug_frame   0x000000000000212c       0x20 d:/mounriver/mounriver_studio/toolchain/risc-v embedded gcc/bin/../lib/gcc/riscv-none-embed/8.2.0/../../../../riscv-none-embed/lib/rv32imac/ilp32\libnosys.a(isatty.o)
 .debug_frame   0x000000000000214c       0x20 d:/mounriver/mounriver_studio/toolchain/risc-v embedded gcc/bin/../lib/gcc/riscv-none-embed/8.2.0/../../../../riscv-none-embed/lib/rv32imac/ilp32\libnosys.a(lseek.o)
 .debug_frame   0x000000000000216c       0x20 d:/mounriver/mounriver_studio/toolchain/risc-v embedded gcc/bin/../lib/gcc/riscv-none-embed/8.2.0/../../../../riscv-none-embed/lib/rv32imac/ilp32\libnosys.a(read.o)

.stab           0x0000000000000000       0x84
 .stab          0x0000000000000000       0x24 d:/mounriver/mounriver_studio/toolchain/risc-v embedded gcc/bin/../lib/gcc/riscv-none-embed/8.2.0/../../../../riscv-none-embed/lib/rv32imac/ilp32\libnosys.a(close.o)
 .stab          0x0000000000000024       0x18 d:/mounriver/mounriver_studio/toolchain/risc-v embedded gcc/bin/../lib/gcc/riscv-none-embed/8.2.0/../../../../riscv-none-embed/lib/rv32imac/ilp32\libnosys.a(fstat.o)
                                         0x24 (size before relaxing)
 .stab          0x000000000000003c       0x18 d:/mounriver/mounriver_studio/toolchain/risc-v embedded gcc/bin/../lib/gcc/riscv-none-embed/8.2.0/../../../../riscv-none-embed/lib/rv32imac/ilp32\libnosys.a(isatty.o)
                                         0x24 (size before relaxing)
 .stab          0x0000000000000054       0x18 d:/mounriver/mounriver_studio/toolchain/risc-v embedded gcc/bin/../lib/gcc/riscv-none-embed/8.2.0/../../../../riscv-none-embed/lib/rv32imac/ilp32\libnosys.a(lseek.o)
                                         0x24 (size before relaxing)
 .stab          0x000000000000006c       0x18 d:/mounriver/mounriver_studio/toolchain/risc-v embedded gcc/bin/../lib/gcc/riscv-none-embed/8.2.0/../../../../riscv-none-embed/lib/rv32imac/ilp32\libnosys.a(read.o)
                                         0x24 (size before relaxing)

.stabstr        0x0000000000000000      0x117
 .stabstr       0x0000000000000000      0x117 d:/mounriver/mounriver_studio/toolchain/risc-v embedded gcc/bin/../lib/gcc/riscv-none-embed/8.2.0/../../../../riscv-none-embed/lib/rv32imac/ilp32\libnosys.a(close.o)
