Archive member included to satisfy reference by file (symbol)

d:/mounriver_studio/toolchain/risc-v embedded gcc/bin/../lib/gcc/riscv-none-embed/8.2.0/rv32imac/ilp32\libgcc.a(fixunssfsi.o)
                              ./User/L610.o (__fixunssfsi)
d:/mounriver_studio/toolchain/risc-v embedded gcc/bin/../lib/gcc/riscv-none-embed/8.2.0/../../../../riscv-none-embed/lib/rv32imac/ilp32\libg_nano.a(lib_a-exit.o)
                              ./User/allshow.o (exit)
d:/mounriver_studio/toolchain/risc-v embedded gcc/bin/../lib/gcc/riscv-none-embed/8.2.0/../../../../riscv-none-embed/lib/rv32imac/ilp32\libg_nano.a(lib_a-fputs.o)
                              ./User/HX77.o (fputs)
d:/mounriver_studio/toolchain/risc-v embedded gcc/bin/../lib/gcc/riscv-none-embed/8.2.0/../../../../riscv-none-embed/lib/rv32imac/ilp32\libg_nano.a(lib_a-impure.o)
                              d:/mounriver_studio/toolchain/risc-v embedded gcc/bin/../lib/gcc/riscv-none-embed/8.2.0/../../../../riscv-none-embed/lib/rv32imac/ilp32\libg_nano.a(lib_a-exit.o) (_global_impure_ptr)
d:/mounriver_studio/toolchain/risc-v embedded gcc/bin/../lib/gcc/riscv-none-embed/8.2.0/../../../../riscv-none-embed/lib/rv32imac/ilp32\libg_nano.a(lib_a-locale.o)
                              ./Hardware/usart.o (__locale_ctype_ptr)
d:/mounriver_studio/toolchain/risc-v embedded gcc/bin/../lib/gcc/riscv-none-embed/8.2.0/../../../../riscv-none-embed/lib/rv32imac/ilp32\libg_nano.a(lib_a-malloc.o)
                              ./User/allshow.o (malloc)
d:/mounriver_studio/toolchain/risc-v embedded gcc/bin/../lib/gcc/riscv-none-embed/8.2.0/../../../../riscv-none-embed/lib/rv32imac/ilp32\libg_nano.a(lib_a-mbtowc_r.o)
                              d:/mounriver_studio/toolchain/risc-v embedded gcc/bin/../lib/gcc/riscv-none-embed/8.2.0/../../../../riscv-none-embed/lib/rv32imac/ilp32\libg_nano.a(lib_a-locale.o) (__ascii_mbtowc)
d:/mounriver_studio/toolchain/risc-v embedded gcc/bin/../lib/gcc/riscv-none-embed/8.2.0/../../../../riscv-none-embed/lib/rv32imac/ilp32\libg_nano.a(lib_a-memcpy.o)
                              ./User/L610.o (memcpy)
d:/mounriver_studio/toolchain/risc-v embedded gcc/bin/../lib/gcc/riscv-none-embed/8.2.0/../../../../riscv-none-embed/lib/rv32imac/ilp32\libg_nano.a(lib_a-memset.o)
                              ./User/L610.o (memset)
d:/mounriver_studio/toolchain/risc-v embedded gcc/bin/../lib/gcc/riscv-none-embed/8.2.0/../../../../riscv-none-embed/lib/rv32imac/ilp32\libg_nano.a(lib_a-nano-freer.o)
                              d:/mounriver_studio/toolchain/risc-v embedded gcc/bin/../lib/gcc/riscv-none-embed/8.2.0/../../../../riscv-none-embed/lib/rv32imac/ilp32\libg_nano.a(lib_a-malloc.o) (_free_r)
d:/mounriver_studio/toolchain/risc-v embedded gcc/bin/../lib/gcc/riscv-none-embed/8.2.0/../../../../riscv-none-embed/lib/rv32imac/ilp32\libg_nano.a(lib_a-nano-mallocr.o)
                              d:/mounriver_studio/toolchain/risc-v embedded gcc/bin/../lib/gcc/riscv-none-embed/8.2.0/../../../../riscv-none-embed/lib/rv32imac/ilp32\libg_nano.a(lib_a-malloc.o) (_malloc_r)
d:/mounriver_studio/toolchain/risc-v embedded gcc/bin/../lib/gcc/riscv-none-embed/8.2.0/../../../../riscv-none-embed/lib/rv32imac/ilp32\libg_nano.a(lib_a-printf.o)
                              ./User/L610.o (printf)
d:/mounriver_studio/toolchain/risc-v embedded gcc/bin/../lib/gcc/riscv-none-embed/8.2.0/../../../../riscv-none-embed/lib/rv32imac/ilp32\libg_nano.a(lib_a-puts.o)
                              ./User/L610.o (puts)
d:/mounriver_studio/toolchain/risc-v embedded gcc/bin/../lib/gcc/riscv-none-embed/8.2.0/../../../../riscv-none-embed/lib/rv32imac/ilp32\libg_nano.a(lib_a-sbrkr.o)
                              d:/mounriver_studio/toolchain/risc-v embedded gcc/bin/../lib/gcc/riscv-none-embed/8.2.0/../../../../riscv-none-embed/lib/rv32imac/ilp32\libg_nano.a(lib_a-nano-mallocr.o) (_sbrk_r)
d:/mounriver_studio/toolchain/risc-v embedded gcc/bin/../lib/gcc/riscv-none-embed/8.2.0/../../../../riscv-none-embed/lib/rv32imac/ilp32\libg_nano.a(lib_a-snprintf.o)
                              ./User/pages.o (snprintf)
d:/mounriver_studio/toolchain/risc-v embedded gcc/bin/../lib/gcc/riscv-none-embed/8.2.0/../../../../riscv-none-embed/lib/rv32imac/ilp32\libg_nano.a(lib_a-strcmp.o)
                              ./User/allshow.o (strcmp)
d:/mounriver_studio/toolchain/risc-v embedded gcc/bin/../lib/gcc/riscv-none-embed/8.2.0/../../../../riscv-none-embed/lib/rv32imac/ilp32\libg_nano.a(lib_a-strlen.o)
                              ./User/pages.o (strlen)
d:/mounriver_studio/toolchain/risc-v embedded gcc/bin/../lib/gcc/riscv-none-embed/8.2.0/../../../../riscv-none-embed/lib/rv32imac/ilp32\libg_nano.a(lib_a-strstr.o)
                              ./User/L610.o (strstr)
d:/mounriver_studio/toolchain/risc-v embedded gcc/bin/../lib/gcc/riscv-none-embed/8.2.0/../../../../riscv-none-embed/lib/rv32imac/ilp32\libg_nano.a(lib_a-strtod.o)
                              ./User/L610.o (strtof)
[...]
Memory Configuration

Name             Origin             Length             Attributes
FLASH            0x0000000000000000 0x0000000000048000 xr
RAM              0x0000000020000000 0x0000000000008000 xrw
*default*        0x0000000000000000 0xffffffffffffffff

Linker script and memory map

LOAD ./User/HX77.o
LOAD ./User/Key_Get.o
LOAD ./User/L610.o
LOAD ./User/allshow.o
LOAD ./User/ch32v30x_it.o
LOAD ./User/dma.o
LOAD ./User/lcd.o
LOAD ./User/main.o
LOAD ./User/pages.o
LOAD ./User/sys.o
LOAD ./User/system_ch32v30x.o
LOAD ./Startup/startup_ch32v30x_D8C.o
LOAD ./Peripheral/src/ch32v30x_adc.o
LOAD ./Peripheral/src/ch32v30x_bkp.o
LOAD ./Peripheral/src/ch32v30x_can.o
LOAD ./Peripheral/src/ch32v30x_crc.o
LOAD ./Peripheral/src/ch32v30x_dac.o
LOAD ./Peripheral/src/ch32v30x_dbgmcu.o
LOAD ./Peripheral/src/ch32v30x_dma.o
LOAD ./Peripheral/src/ch32v30x_dvp.o
LOAD ./Peripheral/src/ch32v30x_eth.o
LOAD ./Peripheral/src/ch32v30x_exti.o
LOAD ./Peripheral/src/ch32v30x_flash.o
LOAD ./Peripheral/src/ch32v30x_fsmc.o
LOAD ./Peripheral/src/ch32v30x_gpio.o
LOAD ./Peripheral/src/ch32v30x_i2c.o
LOAD ./Peripheral/src/ch32v30x_iwdg.o
LOAD ./Peripheral/src/ch32v30x_misc.o
LOAD ./Peripheral/src/ch32v30x_opa.o
LOAD ./Peripheral/src/ch32v30x_pwr.o
LOAD ./Peripheral/src/ch32v30x_rcc.o
LOAD ./Peripheral/src/ch32v30x_rng.o
LOAD ./Peripheral/src/ch32v30x_rtc.o
LOAD ./Peripheral/src/ch32v30x_sdio.o
LOAD ./Peripheral/src/ch32v30x_spi.o
LOAD ./Peripheral/src/ch32v30x_tim.o
LOAD ./Peripheral/src/ch32v30x_usart.o
LOAD ./Peripheral/src/ch32v30x_wwdg.o
LOAD ./Hardware/exit.o
LOAD ./Hardware/usart.o
LOAD ./Debug/debug.o
LOAD ./Core/core_riscv.o
LOAD d:/mounriver_studio/toolchain/risc-v embedded gcc/bin/../lib/gcc/riscv-none-embed/8.2.0/rv32imac/ilp32\libgcc.a
LOAD d:/mounriver_studio/toolchain/risc-v embedded gcc/bin/../lib/gcc/riscv-none-embed/8.2.0/../../../../riscv-none-embed/lib/rv32imac/ilp32\libg_nano.a
LOAD d:/mounriver_studio/toolchain/risc-v embedded gcc/bin/../lib/gcc/riscv-none-embed/8.2.0/../../../../riscv-none-embed/lib/rv32imac/ilp32\libc_nano.a
LOAD d:/mounriver_studio/toolchain/risc-v embedded gcc/bin/../lib/gcc/riscv-none-embed/8.2.0/rv32imac/ilp32\libgcc.a
START GROUP
LOAD d:/mounriver_studio/toolchain/risc-v embedded gcc/bin/../lib/gcc/riscv-none-embed/8.2.0/rv32imac/ilp32\libgcc.a
LOAD d:/mounriver_studio/toolchain/risc-v embedded gcc/bin/../lib/gcc/riscv-none-embed/8.2.0/../../../../riscv-none-embed/lib/rv32imac/ilp32\libc_nano.a
LOAD d:/mounriver_studio/toolchain/risc-v embedded gcc/bin/../lib/gcc/riscv-none-embed/8.2.0/../../../../riscv-none-embed/lib/rv32imac/ilp32\libnosys.a
END GROUP
START GROUP
LOAD d:/mounriver_studio/toolchain/risc-v embedded gcc/bin/../lib/gcc/riscv-none-embed/8.2.0/rv32imac/ilp32\libgcc.a
LOAD d:/mounriver_studio/toolchain/risc-v embedded gcc/bin/../lib/gcc/riscv-none-embed/8.2.0/../../../../riscv-none-embed/lib/rv32imac/ilp32\libc_nano.a
LOAD d:/mounriver_studio/toolchain/risc-v embedded gcc/bin/../lib/gcc/riscv-none-embed/8.2.0/../../../../riscv-none-embed/lib/rv32imac/ilp32\libnosys.a
END GROUP
                0x0000000000000800                __stack_size = 0x800
                [!provide]                        PROVIDE (_stack_size = __stack_size)

.init           0x0000000000000000       0x38
                0x0000000000000000                _sinit = .
                0x0000000000000000                . = ALIGN (0x4)
 *(SORT_NONE(.init))
 .init          0x0000000000000000       0x38 ./Startup/startup_ch32v30x_D8C.o
                0x0000000000000000                _start
                0x0000000000000038                . = ALIGN (0x4)
                0x0000000000000038                _einit = .

.vector         0x0000000000000038      0x1c8
 *(.vector)
 .vector        0x0000000000000038      0x1a0 ./Startup/startup_ch32v30x_D8C.o
                0x0000000000000200                . = ALIGN (0x40)
 *fill*         0x00000000000001d8       0x28 

.text           0x0000000000000200     0xcbd4
                0x0000000000000200                . = ALIGN (0x4)
 *(.text)
 .text          0x0000000000000200       0xa8 d:/mounriver_studio/toolchain/risc-v embedded gcc/bin/../lib/gcc/riscv-none-embed/8.2.0/../../../../riscv-none-embed/lib/rv32imac/ilp32\libg_nano.a(lib_a-memset.o)
                0x0000000000000200                memset
 .text          0x00000000000002a8      0x11e d:/mounriver_studio/toolchain/risc-v embedded gcc/bin/../lib/gcc/riscv-none-embed/8.2.0/../../../../riscv-none-embed/lib/rv32imac/ilp32\libg_nano.a(lib_a-strcmp.o)
                0x00000000000002a8                strcmp
 *(.text.*)
 .text.HX711_GPIO_Init
                0x00000000000003c6       0x4c ./User/HX77.o
                0x00000000000003c6                HX711_GPIO_Init
 .text.HX711_W_PD_SCK
                0x0000000000000412       0x10 ./User/HX77.o
                0x0000000000000412                HX711_W_PD_SCK
 .text.HX711_R_DOUT
                0x0000000000000422       0x3c ./User/HX77.o
                0x0000000000000422                HX711_R_DOUT
 .text.HX711_ReadData
                0x000000000000045e       0x4c ./User/HX77.o
                0x000000000000045e                HX711_ReadData
 .text.charArrayToU8
                0x00000000000004aa       0x3c ./User/HX77.o
                0x00000000000004aa                charArrayToU8
 .text.weight_check_add
                0x00000000000004e6       0x3c ./User/HX77.o
                0x00000000000004e6                weight_check_add
 .text.weight_check_delete
                0x0000000000000522       0x3c ./User/HX77.o
                0x0000000000000522                weight_check_delete
 .text.L610_Pub
                0x000000000000055e       0x10 ./User/L610.o
                0x000000000000055e                L610_Pub
 .text.L610_Recive
                0x000000000000056e      0x1d0 ./User/L610.o
                0x000000000000056e                L610_Recive
 .text.insertProduct.part.0
                0x000000000000073e       0x1c ./User/allshow.o
 .text.initProductList
                0x000000000000075a        0xa ./User/allshow.o
                0x000000000000075a                initProductList
 .text.insertProduct
                0x0000000000000764       0x50 ./User/allshow.o
                0x0000000000000764                insertProduct
 .text.deleteProduct
                0x00000000000007b4       0x7a ./User/allshow.o
                0x00000000000007b4                deleteProduct
 .text.NMI_Handler
                0x000000000000082e        0x4 ./User/ch32v30x_it.o
                0x000000000000082e                NMI_Handler
 .text.HardFault_Handler
                0x0000000000000832        0x2 ./User/ch32v30x_it.o
                0x0000000000000832                HardFault_Handler
 .text.LCD_Reset_GPIO_Init
                0x0000000000000834       0x42 ./User/lcd.o
                0x0000000000000834                LCD_Reset_GPIO_Init
 .text.LCD_RD_DATA
                0x0000000000000876       0x1c ./User/lcd.o
                0x0000000000000876                LCD_RD_DATA
 .text.LCD_ReadReg
                0x0000000000000892       0x18 ./User/lcd.o
                0x0000000000000892                LCD_ReadReg
 .text.LCD_WriteRAM_Prepare
                0x00000000000008aa        0xe ./User/lcd.o
                0x00000000000008aa                LCD_WriteRAM_Prepare
 .text.LCD_SetCursor
                0x00000000000008b8       0x4e ./User/lcd.o
                0x00000000000008b8                LCD_SetCursor
 .text.LCD_Scan_Dir
                0x0000000000000906       0xb8 ./User/lcd.o
                0x0000000000000906                LCD_Scan_Dir
 .text.LCD_Display_Dir
                0x00000000000009be       0x4a ./User/lcd.o
                0x00000000000009be                LCD_Display_Dir
 .text.LCD_Clear
                0x0000000000000a08       0x3e ./User/lcd.o
                0x0000000000000a08                LCD_Clear
 .text.LCD_Init
                0x0000000000000a46     0x1694 ./User/lcd.o
                0x0000000000000a46                LCD_Init
 .text.LCD_Fast_DrawPoint
                0x00000000000020da       0x70 ./User/lcd.o
                0x00000000000020da                LCD_Fast_DrawPoint
 .text.LCD_ShowChar
                0x000000000000214a      0x172 ./User/lcd.o
                0x000000000000214a                LCD_ShowChar
 .text.LCD_ShowString
                0x00000000000022bc       0x88 ./User/lcd.o
                0x00000000000022bc                LCD_ShowString
 .text.LCD_Color_Fill
                0x0000000000002344       0x76 ./User/lcd.o
                0x0000000000002344                LCD_Color_Fill
 .text.LCD_DrawLine
                0x00000000000023ba       0xb2 ./User/lcd.o
                0x00000000000023ba                LCD_DrawLine
 .text.LCD_DrawRectangle
                0x000000000000246c       0x42 ./User/lcd.o
                0x000000000000246c                LCD_DrawRectangle
 .text.LCD_Draw_Circle
                0x00000000000024ae      0x10e ./User/lcd.o
                0x00000000000024ae                LCD_Draw_Circle
 .text.startup.main
                0x00000000000025bc      0x266 ./User/main.o
                0x00000000000025bc                main
 .text.renderMainPage
                0x0000000000002822      0x240 ./User/pages.o
                0x0000000000002822                renderMainPage
 .text.Pages_add
                0x0000000000002a62       0xd4 ./User/pages.o
                0x0000000000002a62                Pages_add
 .text.Pages_X_add
                0x0000000000002b36       0x9a ./User/pages.o
                0x0000000000002b36                Pages_X_add
 .text.Pages_delete
                0x0000000000002bd0       0xd4 ./User/pages.o
                0x0000000000002bd0                Pages_delete
 .text.Pages_X_delete
                0x0000000000002ca4       0x98 ./User/pages.o
                0x0000000000002ca4                Pages_X_delete
 .text.Pages_Pay
                0x0000000000002d3c       0x6e ./User/pages.o
                0x0000000000002d3c                Pages_Pay
 .text.renderCurrentProductsPage
                0x0000000000002daa      0x210 ./User/pages.o
                0x0000000000002daa                renderCurrentProductsPage
 .text.Pages_error
                0x0000000000002fba       0x5c ./User/pages.o
                0x0000000000002fba                Pages_error
 .text.SystemInit
                0x0000000000003016       0xfa ./User/system_ch32v30x.o
                0x0000000000003016                SystemInit
 .text.SystemCoreClockUpdate
                0x0000000000003110       0xb0 ./User/system_ch32v30x.o
                0x0000000000003110                SystemCoreClockUpdate
 .text.vector_handler
                0x00000000000031c0       0xbe ./Startup/startup_ch32v30x_D8C.o
                0x00000000000031c4                Ecall_M_Mode_Handler
                0x00000000000031c6                Ecall_U_Mode_Handler
                0x00000000000031c8                Break_Point_Handler
                0x00000000000031ca                SysTick_Handler
                0x00000000000031cc                SW_Handler
                0x00000000000031ce                WWDG_IRQHandler
                0x00000000000031d0                PVD_IRQHandler
                0x00000000000031d2                TAMPER_IRQHandler
                0x00000000000031d4                RTC_IRQHandler
                0x00000000000031d6                FLASH_IRQHandler
                0x00000000000031d8                RCC_IRQHandler
                0x00000000000031e4                DMA1_Channel1_IRQHandler
                0x00000000000031e6                DMA1_Channel2_IRQHandler
                0x00000000000031e8                DMA1_Channel3_IRQHandler
                0x00000000000031ea                DMA1_Channel4_IRQHandler
                0x00000000000031ec                DMA1_Channel5_IRQHandler
                0x00000000000031ee                DMA1_Channel6_IRQHandler
                0x00000000000031f0                DMA1_Channel7_IRQHandler
                0x00000000000031f2                ADC1_2_IRQHandler
                0x00000000000031f4                USB_HP_CAN1_TX_IRQHandler
                0x00000000000031f6                USB_LP_CAN1_RX0_IRQHandler
                0x00000000000031f8                CAN1_RX1_IRQHandler
                0x00000000000031fa                CAN1_SCE_IRQHandler
                0x00000000000031fc                EXTI9_5_IRQHandler
                0x00000000000031fe                TIM1_BRK_IRQHandler
                0x0000000000003200                TIM1_UP_IRQHandler
                0x0000000000003202                TIM1_TRG_COM_IRQHandler
                0x0000000000003204                TIM1_CC_IRQHandler
                0x0000000000003206                TIM2_IRQHandler
                0x0000000000003208                TIM3_IRQHandler
                0x000000000000320a                TIM4_IRQHandler
                0x000000000000320c                I2C1_EV_IRQHandler
                0x000000000000320e                I2C1_ER_IRQHandler
                0x0000000000003210                I2C2_EV_IRQHandler
                0x0000000000003212                I2C2_ER_IRQHandler
                0x0000000000003214                SPI1_IRQHandler
                0x0000000000003216                SPI2_IRQHandler
                0x000000000000321c                USART3_IRQHandler
                0x000000000000321e                EXTI15_10_IRQHandler
                0x0000000000003220                RTCAlarm_IRQHandler
                0x0000000000003222                USBWakeUp_IRQHandler
                0x0000000000003224                TIM8_BRK_IRQHandler
                0x0000000000003226                TIM8_UP_IRQHandler
                0x0000000000003228                TIM8_TRG_COM_IRQHandler
                0x000000000000322a                TIM8_CC_IRQHandler
                0x000000000000322c                RNG_IRQHandler
                0x000000000000322e                FSMC_IRQHandler
                0x0000000000003230                SDIO_IRQHandler
                0x0000000000003232                TIM5_IRQHandler
                0x0000000000003234                SPI3_IRQHandler
                0x0000000000003236                UART4_IRQHandler
                0x0000000000003238                UART5_IRQHandler
                0x000000000000323a                TIM6_IRQHandler
                0x000000000000323c                TIM7_IRQHandler
                0x000000000000323e                DMA2_Channel1_IRQHandler
                0x0000000000003240                DMA2_Channel2_IRQHandler
                0x0000000000003242                DMA2_Channel3_IRQHandler
                0x0000000000003244                DMA2_Channel4_IRQHandler
                0x0000000000003246                DMA2_Channel5_IRQHandler
                0x0000000000003248                ETH_IRQHandler
                0x000000000000324a                ETH_WKUP_IRQHandler
                0x000000000000324c                CAN2_TX_IRQHandler
                0x000000000000324e                CAN2_RX0_IRQHandler
                0x0000000000003250                CAN2_RX1_IRQHandler
                0x0000000000003252                CAN2_SCE_IRQHandler
                0x0000000000003254                OTG_FS_IRQHandler
                0x0000000000003256                USBHSWakeup_IRQHandler
                0x0000000000003258                USBHS_IRQHandler
                0x000000000000325a                DVP_IRQHandler
                0x000000000000325c                UART6_IRQHandler
                0x000000000000325e                UART7_IRQHandler
                0x0000000000003260                UART8_IRQHandler
                0x0000000000003262                TIM9_BRK_IRQHandler
                0x0000000000003264                TIM9_UP_IRQHandler
                0x0000000000003266                TIM9_TRG_COM_IRQHandler
                0x0000000000003268                TIM9_CC_IRQHandler
                0x000000000000326a                TIM10_BRK_IRQHandler
                0x000000000000326c                TIM10_UP_IRQHandler
                0x000000000000326e                TIM10_TRG_COM_IRQHandler
                0x0000000000003270                TIM10_CC_IRQHandler
                0x0000000000003272                DMA2_Channel6_IRQHandler
                0x0000000000003274                DMA2_Channel7_IRQHandler
                0x0000000000003276                DMA2_Channel8_IRQHandler
                0x0000000000003278                DMA2_Channel9_IRQHandler
                0x000000000000327a                DMA2_Channel10_IRQHandler
                0x000000000000327c                DMA2_Channel11_IRQHandler
 .text.handle_reset
                0x000000000000327e       0x8a ./Startup/startup_ch32v30x_D8C.o
                0x000000000000327e                handle_reset
 .text.DMA_Cmd  0x0000000000003308       0x14 ./Peripheral/src/ch32v30x_dma.o
                0x0000000000003308                DMA_Cmd
 .text.EXTI_Init
                0x000000000000331c       0x6a ./Peripheral/src/ch32v30x_exti.o
                0x000000000000331c                EXTI_Init
 .text.EXTI_GetITStatus
                0x0000000000003386       0x1e ./Peripheral/src/ch32v30x_exti.o
                0x0000000000003386                EXTI_GetITStatus
 .text.EXTI_ClearITPendingBit
                0x00000000000033a4        0xa ./Peripheral/src/ch32v30x_exti.o
                0x00000000000033a4                EXTI_ClearITPendingBit
 .text.FSMC_NORSRAMInit
                0x00000000000033ae       0xba ./Peripheral/src/ch32v30x_fsmc.o
                0x00000000000033ae                FSMC_NORSRAMInit
 .text.FSMC_NORSRAMCmd
                0x0000000000003468       0x1e ./Peripheral/src/ch32v30x_fsmc.o
                0x0000000000003468                FSMC_NORSRAMCmd
 .text.GPIO_Init
                0x0000000000003486       0xc2 ./Peripheral/src/ch32v30x_gpio.o
                0x0000000000003486                GPIO_Init
 .text.GPIO_ReadInputDataBit
                0x0000000000003548        0xa ./Peripheral/src/ch32v30x_gpio.o
                0x0000000000003548                GPIO_ReadInputDataBit
 .text.GPIO_SetBits
                0x0000000000003552        0x4 ./Peripheral/src/ch32v30x_gpio.o
                0x0000000000003552                GPIO_SetBits
 .text.GPIO_ResetBits
                0x0000000000003556        0x4 ./Peripheral/src/ch32v30x_gpio.o
                0x0000000000003556                GPIO_ResetBits
 .text.GPIO_WriteBit
                0x000000000000355a        0xa ./Peripheral/src/ch32v30x_gpio.o
                0x000000000000355a                GPIO_WriteBit
 .text.GPIO_EXTILineConfig
                0x0000000000003564       0x2c ./Peripheral/src/ch32v30x_gpio.o
                0x0000000000003564                GPIO_EXTILineConfig
 .text.NVIC_PriorityGroupConfig
                0x0000000000003590        0x6 ./Peripheral/src/ch32v30x_misc.o
                0x0000000000003590                NVIC_PriorityGroupConfig
 .text.NVIC_Init
                0x0000000000003596       0xb8 ./Peripheral/src/ch32v30x_misc.o
                0x0000000000003596                NVIC_Init
 .text.RCC_GetClocksFreq
                0x000000000000364e      0x10e ./Peripheral/src/ch32v30x_rcc.o
                0x000000000000364e                RCC_GetClocksFreq
 .text.RCC_AHBPeriphClockCmd
                0x000000000000375c       0x1e ./Peripheral/src/ch32v30x_rcc.o
                0x000000000000375c                RCC_AHBPeriphClockCmd
 .text.RCC_APB2PeriphClockCmd
                0x000000000000377a       0x1e ./Peripheral/src/ch32v30x_rcc.o
                0x000000000000377a                RCC_APB2PeriphClockCmd
 .text.RCC_APB1PeriphClockCmd
                0x0000000000003798       0x1e ./Peripheral/src/ch32v30x_rcc.o
                0x0000000000003798                RCC_APB1PeriphClockCmd
 .text.USART_Init
                0x00000000000037b6       0xd8 ./Peripheral/src/ch32v30x_usart.o
                0x00000000000037b6                USART_Init
 .text.USART_Cmd
                0x000000000000388e       0x1c ./Peripheral/src/ch32v30x_usart.o
                0x000000000000388e                USART_Cmd
 .text.USART_ITConfig
                0x00000000000038aa       0x36 ./Peripheral/src/ch32v30x_usart.o
                0x00000000000038aa                USART_ITConfig
 .text.USART_SendData
                0x00000000000038e0        0xa ./Peripheral/src/ch32v30x_usart.o
                0x00000000000038e0                USART_SendData
 .text.USART_ReceiveData
                0x00000000000038ea        0xa ./Peripheral/src/ch32v30x_usart.o
                0x00000000000038ea                USART_ReceiveData
 .text.USART_GetFlagStatus
                0x00000000000038f4        0xc ./Peripheral/src/ch32v30x_usart.o
                0x00000000000038f4                USART_GetFlagStatus
 .text.USART_GetITStatus
                0x0000000000003900       0x44 ./Peripheral/src/ch32v30x_usart.o
                0x0000000000003900                USART_GetITStatus
 .text.USART_ClearITPendingBit
                0x0000000000003944       0x16 ./Peripheral/src/ch32v30x_usart.o
                0x0000000000003944                USART_ClearITPendingBit
 .text.EXTI0_IRQHandler
                0x000000000000395a       0x28 ./Hardware/exit.o
                0x000000000000395a                EXTI0_IRQHandler
 .text.EXTI1_IRQHandler
                0x0000000000003982       0x20 ./Hardware/exit.o
                0x0000000000003982                EXTI1_IRQHandler
 .text.EXTI2_IRQHandler
                0x00000000000039a2       0x20 ./Hardware/exit.o
                0x00000000000039a2                EXTI2_IRQHandler
 .text.EXTI3_IRQHandler
                0x00000000000039c2       0x20 ./Hardware/exit.o
                0x00000000000039c2                EXTI3_IRQHandler
 .text.EXTI4_IRQHandler
                0x00000000000039e2       0x28 ./Hardware/exit.o
                0x00000000000039e2                EXTI4_IRQHandler
 .text.extix_init
                0x0000000000003a0a      0x164 ./Hardware/exit.o
                0x0000000000003a0a                extix_init
 .text.USARTx_Init
                0x0000000000003b6e      0x13a ./Hardware/usart.o
                0x0000000000003b6e                USARTx_Init
 .text.USART1_IRQHandler
                0x0000000000003ca8       0x94 ./Hardware/usart.o
                0x0000000000003ca8                USART1_IRQHandler
 .text.USART2_IRQHandler
                0x0000000000003d3c       0x4c ./Hardware/usart.o
                0x0000000000003d3c                USART2_IRQHandler
 .text.Delay_Init
                0x0000000000003d88       0x2a ./Debug/debug.o
                0x0000000000003d88                Delay_Init
 .text.Delay_Us
                0x0000000000003db2       0x2e ./Debug/debug.o
                0x0000000000003db2                Delay_Us
 .text.Delay_Ms
                0x0000000000003de0       0x2e ./Debug/debug.o
                0x0000000000003de0                Delay_Ms
 .text._write   0x0000000000003e0e       0x50 ./Debug/debug.o
                0x0000000000003e0e                _write
 .text._sbrk    0x0000000000003e5e       0x26 ./Debug/debug.o
                0x0000000000003e5e                _sbrk
 .text.__fixunssfsi
                0x0000000000003e84       0x56 d:/mounriver_studio/toolchain/risc-v embedded gcc/bin/../lib/gcc/riscv-none-embed/8.2.0/rv32imac/ilp32\libgcc.a(fixunssfsi.o)
                0x0000000000003e84                __fixunssfsi
 .text.exit     0x0000000000003eda       0x2e d:/mounriver_studio/toolchain/risc-v embedded gcc/bin/../lib/gcc/riscv-none-embed/8.2.0/../../../../riscv-none-embed/lib/rv32imac/ilp32\libg_nano.a(lib_a-exit.o)
                0x0000000000003eda                exit
 .text._fputs_r
                0x0000000000003f08       0xb4 d:/mounriver_studio/toolchain/risc-v embedded gcc/bin/../lib/gcc/riscv-none-embed/8.2.0/../../../../riscv-none-embed/lib/rv32imac/ilp32\libg_nano.a(lib_a-fputs.o)
                0x0000000000003f08                _fputs_r
 .text.fputs    0x0000000000003fbc        0xc d:/mounriver_studio/toolchain/risc-v embedded gcc/bin/../lib/gcc/riscv-none-embed/8.2.0/../../../../riscv-none-embed/lib/rv32imac/ilp32\libg_nano.a(lib_a-fputs.o)
                0x0000000000003fbc                fputs
 .text.__locale_ctype_ptr_l
                0x0000000000003fc8        0x6 d:/mounriver_studio/toolchain/risc-v embedded gcc/bin/../lib/gcc/riscv-none-embed/8.2.0/../../../../riscv-none-embed/lib/rv32imac/ilp32\libg_nano.a(lib_a-locale.o)
                0x0000000000003fc8                __locale_ctype_ptr_l
 .text.__locale_ctype_ptr
                0x0000000000003fce       0x18 d:/mounriver_studio/toolchain/risc-v embedded gcc/bin/../lib/gcc/riscv-none-embed/8.2.0/../../../../riscv-none-embed/lib/rv32imac/ilp32\libg_nano.a(lib_a-locale.o)
                0x0000000000003fce                __locale_ctype_ptr
 .text.malloc   0x0000000000003fe6        0xa d:/mounriver_studio/toolchain/risc-v embedded gcc/bin/../lib/gcc/riscv-none-embed/8.2.0/../../../../riscv-none-embed/lib/rv32imac/ilp32\libg_nano.a(lib_a-malloc.o)
                0x0000000000003fe6                malloc
 .text.free     0x0000000000003ff0        0xa d:/mounriver_studio/toolchain/risc-v embedded gcc/bin/../lib/gcc/riscv-none-embed/8.2.0/../../../../riscv-none-embed/lib/rv32imac/ilp32\libg_nano.a(lib_a-malloc.o)
                0x0000000000003ff0                free
 .text.__ascii_mbtowc
                0x0000000000003ffa       0x3a d:/mounriver_studio/toolchain/risc-v embedded gcc/bin/../lib/gcc/riscv-none-embed/8.2.0/../../../../riscv-none-embed/lib/rv32imac/ilp32\libg_nano.a(lib_a-mbtowc_r.o)
                0x0000000000003ffa                __ascii_mbtowc
 .text.memcpy   0x0000000000004034       0xb6 d:/mounriver_studio/toolchain/risc-v embedded gcc/bin/../lib/gcc/riscv-none-embed/8.2.0/../../../../riscv-none-embed/lib/rv32imac/ilp32\libg_nano.a(lib_a-memcpy.o)
                0x0000000000004034                memcpy
 .text._free_r  0x00000000000040ea       0xa8 d:/mounriver_studio/toolchain/risc-v embedded gcc/bin/../lib/gcc/riscv-none-embed/8.2.0/../../../../riscv-none-embed/lib/rv32imac/ilp32\libg_nano.a(lib_a-nano-freer.o)
                0x00000000000040ea                _free_r
 .text._malloc_r
                0x0000000000004192       0xd4 d:/mounriver_studio/toolchain/risc-v embedded gcc/bin/../lib/gcc/riscv-none-embed/8.2.0/../../../../riscv-none-embed/lib/rv32imac/ilp32\libg_nano.a(lib_a-nano-mallocr.o)
                0x0000000000004192                _malloc_r
 .text.printf   0x0000000000004266       0x42 d:/mounriver_studio/toolchain/risc-v embedded gcc/bin/../lib/gcc/riscv-none-embed/8.2.0/../../../../riscv-none-embed/lib/rv32imac/ilp32\libg_nano.a(lib_a-printf.o)
                0x0000000000004266                iprintf
                0x0000000000004266                printf
 .text._sbrk_r  0x00000000000042a8       0x2a d:/mounriver_studio/toolchain/risc-v embedded gcc/bin/../lib/gcc/riscv-none-embed/8.2.0/../../../../riscv-none-embed/lib/rv32imac/ilp32\libg_nano.a(lib_a-sbrkr.o)
                0x00000000000042a8                _sbrk_r
 .text.snprintf
                0x00000000000042d2       0x70 d:/mounriver_studio/toolchain/risc-v embedded gcc/bin/../lib/gcc/riscv-none-embed/8.2.0/../../../../riscv-none-embed/lib/rv32imac/ilp32\libg_nano.a(lib_a-snprintf.o)
                0x00000000000042d2                sniprintf
                0x00000000000042d2                snprintf
 .text.strlen   0x0000000000004342       0x12 d:/mounriver_studio/toolchain/risc-v embedded gcc/bin/../lib/gcc/riscv-none-embed/8.2.0/../../../../riscv-none-embed/lib/rv32imac/ilp32\libg_nano.a(lib_a-strlen.o)
                0x0000000000004342                strlen
 .text.strstr   0x0000000000004354       0x3e d:/mounriver_studio/toolchain/risc-v embedded gcc/bin/../lib/gcc/riscv-none-embed/8.2.0/../../../../riscv-none-embed/lib/rv32imac/ilp32\libg_nano.a(lib_a-strstr.o)
                0x0000000000004354                strstr
 .text.sulp     0x0000000000004392       0x4e d:/mounriver_studio/toolchain/risc-v embedded gcc/bin/../lib/gcc/riscv-none-embed/8.2.0/../../../../riscv-none-embed/lib/rv32imac/ilp32\libg_nano.a(lib_a-strtod.o)
 .text._strtod_l
                0x00000000000043e0      0xc7c d:/mounriver_studio/toolchain/risc-v embedded gcc/bin/../lib/gcc/riscv-none-embed/8.2.0/../../../../riscv-none-embed/lib/rv32imac/ilp32\libg_nano.a(lib_a-strtod.o)
                0x00000000000043e0                _strtod_l
 .text.strtof   0x000000000000505c       0xe4 d:/mounriver_studio/toolchain/risc-v embedded gcc/bin/../lib/gcc/riscv-none-embed/8.2.0/../../../../riscv-none-embed/lib/rv32imac/ilp32\libg_nano.a(lib_a-strtod.o)
                0x000000000000505c                strtof
 .text._strtol_l.isra.0
                0x0000000000005140      0x144 d:/mounriver_studio/toolchain/risc-v embedded gcc/bin/../lib/gcc/riscv-none-embed/8.2.0/../../../../riscv-none-embed/lib/rv32imac/ilp32\libg_nano.a(lib_a-strtol.o)
 .text.strtol   0x0000000000005284       0x1e d:/mounriver_studio/toolchain/risc-v embedded gcc/bin/../lib/gcc/riscv-none-embed/8.2.0/../../../../riscv-none-embed/lib/rv32imac/ilp32\libg_nano.a(lib_a-strtol.o)
                0x0000000000005284                strtol
 .text.__swbuf_r
                0x00000000000052a2       0xc0 d:/mounriver_studio/toolchain/risc-v embedded gcc/bin/../lib/gcc/riscv-none-embed/8.2.0/../../../../riscv-none-embed/lib/rv32imac/ilp32\libg_nano.a(lib_a-wbuf.o)
                0x00000000000052a2                __swbuf_r
 .text.__ascii_wctomb
                0x0000000000005362       0x20 d:/mounriver_studio/toolchain/risc-v embedded gcc/bin/../lib/gcc/riscv-none-embed/8.2.0/../../../../riscv-none-embed/lib/rv32imac/ilp32\libg_nano.a(lib_a-wctomb_r.o)
                0x0000000000005362                __ascii_wctomb
 .text.__swsetup_r
                0x0000000000005382      0x110 d:/mounriver_studio/toolchain/risc-v embedded gcc/bin/../lib/gcc/riscv-none-embed/8.2.0/../../../../riscv-none-embed/lib/rv32imac/ilp32\libg_nano.a(lib_a-wsetup.o)
                0x0000000000005382                __swsetup_r
 .text.__sflush_r
                0x0000000000005492      0x13e d:/mounriver_studio/toolchain/risc-v embedded gcc/bin/../lib/gcc/riscv-none-embed/8.2.0/../../../../riscv-none-embed/lib/rv32imac/ilp32\libg_nano.a(lib_a-fflush.o)
                0x0000000000005492                __sflush_r
 .text._fflush_r
                0x00000000000055d0       0x66 d:/mounriver_studio/toolchain/risc-v embedded gcc/bin/../lib/gcc/riscv-none-embed/8.2.0/../../../../riscv-none-embed/lib/rv32imac/ilp32\libg_nano.a(lib_a-fflush.o)
                0x00000000000055d0                _fflush_r
 .text.std      0x0000000000005636       0x6a d:/mounriver_studio/toolchain/risc-v embedded gcc/bin/../lib/gcc/riscv-none-embed/8.2.0/../../../../riscv-none-embed/lib/rv32imac/ilp32\libg_nano.a(lib_a-findfp.o)
 .text._cleanup_r
                0x00000000000056a0        0xa d:/mounriver_studio/toolchain/risc-v embedded gcc/bin/../lib/gcc/riscv-none-embed/8.2.0/../../../../riscv-none-embed/lib/rv32imac/ilp32\libg_nano.a(lib_a-findfp.o)
                0x00000000000056a0                _cleanup_r
 .text.__sfmoreglue
                0x00000000000056aa       0x48 d:/mounriver_studio/toolchain/risc-v embedded gcc/bin/../lib/gcc/riscv-none-embed/8.2.0/../../../../riscv-none-embed/lib/rv32imac/ilp32\libg_nano.a(lib_a-findfp.o)
                0x00000000000056aa                __sfmoreglue
 .text.__sinit  0x00000000000056f2       0x6c d:/mounriver_studio/toolchain/risc-v embedded gcc/bin/../lib/gcc/riscv-none-embed/8.2.0/../../../../riscv-none-embed/lib/rv32imac/ilp32\libg_nano.a(lib_a-findfp.o)
                0x00000000000056f2                __sinit
 .text.__sfp    0x000000000000575e       0xa0 d:/mounriver_studio/toolchain/risc-v embedded gcc/bin/../lib/gcc/riscv-none-embed/8.2.0/../../../../riscv-none-embed/lib/rv32imac/ilp32\libg_nano.a(lib_a-findfp.o)
                0x000000000000575e                __sfp
 .text._fwalk_reent
                0x00000000000057fe       0x6c d:/mounriver_studio/toolchain/risc-v embedded gcc/bin/../lib/gcc/riscv-none-embed/8.2.0/../../../../riscv-none-embed/lib/rv32imac/ilp32\libg_nano.a(lib_a-fwalk.o)
                0x00000000000057fe                _fwalk_reent
 .text.rshift   0x000000000000586a       0x76 d:/mounriver_studio/toolchain/risc-v embedded gcc/bin/../lib/gcc/riscv-none-embed/8.2.0/../../../../riscv-none-embed/lib/rv32imac/ilp32\libg_nano.a(lib_a-gdtoa-gethex.o)
 .text.__hexdig_fun
                0x00000000000058e0       0x40 d:/mounriver_studio/toolchain/risc-v embedded gcc/bin/../lib/gcc/riscv-none-embed/8.2.0/../../../../riscv-none-embed/lib/rv32imac/ilp32\libg_nano.a(lib_a-gdtoa-gethex.o)
                0x00000000000058e0                __hexdig_fun
 .text.__gethex
                0x0000000000005920      0x4ce d:/mounriver_studio/toolchain/risc-v embedded gcc/bin/../lib/gcc/riscv-none-embed/8.2.0/../../../../riscv-none-embed/lib/rv32imac/ilp32\libg_nano.a(lib_a-gdtoa-gethex.o)
                0x0000000000005920                __gethex
 .text.L_shift  0x0000000000005dee       0x2c d:/mounriver_studio/toolchain/risc-v embedded gcc/bin/../lib/gcc/riscv-none-embed/8.2.0/../../../../riscv-none-embed/lib/rv32imac/ilp32\libg_nano.a(lib_a-gdtoa-hexnan.o)
 .text.__match  0x0000000000005e1a       0x30 d:/mounriver_studio/toolchain/risc-v embedded gcc/bin/../lib/gcc/riscv-none-embed/8.2.0/../../../../riscv-none-embed/lib/rv32imac/ilp32\libg_nano.a(lib_a-gdtoa-hexnan.o)
                0x0000000000005e1a                __match
 .text.__hexnan
                0x0000000000005e4a      0x160 d:/mounriver_studio/toolchain/risc-v embedded gcc/bin/../lib/gcc/riscv-none-embed/8.2.0/../../../../riscv-none-embed/lib/rv32imac/ilp32\libg_nano.a(lib_a-gdtoa-hexnan.o)
                0x0000000000005e4a                __hexnan
 .text.__localeconv_l
                0x0000000000005faa        0x6 d:/mounriver_studio/toolchain/risc-v embedded gcc/bin/../lib/gcc/riscv-none-embed/8.2.0/../../../../riscv-none-embed/lib/rv32imac/ilp32\libg_nano.a(lib_a-localeconv.o)
                0x0000000000005faa                __localeconv_l
 .text.__swhatbuf_r
                0x0000000000005fb0       0x5a d:/mounriver_studio/toolchain/risc-v embedded gcc/bin/../lib/gcc/riscv-none-embed/8.2.0/../../../../riscv-none-embed/lib/rv32imac/ilp32\libg_nano.a(lib_a-makebuf.o)
                0x0000000000005fb0                __swhatbuf_r
 .text.__smakebuf_r
                0x000000000000600a       0xa2 d:/mounriver_studio/toolchain/risc-v embedded gcc/bin/../lib/gcc/riscv-none-embed/8.2.0/../../../../riscv-none-embed/lib/rv32imac/ilp32\libg_nano.a(lib_a-makebuf.o)
                0x000000000000600a                __smakebuf_r
 .text.__malloc_lock
                0x00000000000060ac        0x2 d:/mounriver_studio/toolchain/risc-v embedded gcc/bin/../lib/gcc/riscv-none-embed/8.2.0/../../../../riscv-none-embed/lib/rv32imac/ilp32\libg_nano.a(lib_a-mlock.o)
                0x00000000000060ac                __malloc_lock
 .text.__malloc_unlock
                0x00000000000060ae        0x2 d:/mounriver_studio/toolchain/risc-v embedded gcc/bin/../lib/gcc/riscv-none-embed/8.2.0/../../../../riscv-none-embed/lib/rv32imac/ilp32\libg_nano.a(lib_a-mlock.o)
                0x00000000000060ae                __malloc_unlock
 .text._Balloc  0x00000000000060b0       0x8c d:/mounriver_studio/toolchain/risc-v embedded gcc/bin/../lib/gcc/riscv-none-embed/8.2.0/../../../../riscv-none-embed/lib/rv32imac/ilp32\libg_nano.a(lib_a-mprec.o)
                0x00000000000060b0                _Balloc
 .text._Bfree   0x000000000000613c       0x44 d:/mounriver_studio/toolchain/risc-v embedded gcc/bin/../lib/gcc/riscv-none-embed/8.2.0/../../../../riscv-none-embed/lib/rv32imac/ilp32\libg_nano.a(lib_a-mprec.o)
                0x000000000000613c                _Bfree
 .text.__multadd
                0x0000000000006180       0x98 d:/mounriver_studio/toolchain/risc-v embedded gcc/bin/../lib/gcc/riscv-none-embed/8.2.0/../../../../riscv-none-embed/lib/rv32imac/ilp32\libg_nano.a(lib_a-mprec.o)
                0x0000000000006180                __multadd
 .text.__s2b    0x0000000000006218       0xa6 d:/mounriver_studio/toolchain/risc-v embedded gcc/bin/../lib/gcc/riscv-none-embed/8.2.0/../../../../riscv-none-embed/lib/rv32imac/ilp32\libg_nano.a(lib_a-mprec.o)
                0x0000000000006218                __s2b
 .text.__hi0bits
                0x00000000000062be       0x46 d:/mounriver_studio/toolchain/risc-v embedded gcc/bin/../lib/gcc/riscv-none-embed/8.2.0/../../../../riscv-none-embed/lib/rv32imac/ilp32\libg_nano.a(lib_a-mprec.o)
                0x00000000000062be                __hi0bits
 .text.__lo0bits
                0x0000000000006304       0x6a d:/mounriver_studio/toolchain/risc-v embedded gcc/bin/../lib/gcc/riscv-none-embed/8.2.0/../../../../riscv-none-embed/lib/rv32imac/ilp32\libg_nano.a(lib_a-mprec.o)
                0x0000000000006304                __lo0bits
 .text.__i2b    0x000000000000636e       0x1c d:/mounriver_studio/toolchain/risc-v embedded gcc/bin/../lib/gcc/riscv-none-embed/8.2.0/../../../../riscv-none-embed/lib/rv32imac/ilp32\libg_nano.a(lib_a-mprec.o)
                0x000000000000636e                __i2b
 .text.__multiply
                0x000000000000638a      0x144 d:/mounriver_studio/toolchain/risc-v embedded gcc/bin/../lib/gcc/riscv-none-embed/8.2.0/../../../../riscv-none-embed/lib/rv32imac/ilp32\libg_nano.a(lib_a-mprec.o)
                0x000000000000638a                __multiply
 .text.__pow5mult
                0x00000000000064ce       0xbe d:/mounriver_studio/toolchain/risc-v embedded gcc/bin/../lib/gcc/riscv-none-embed/8.2.0/../../../../riscv-none-embed/lib/rv32imac/ilp32\libg_nano.a(lib_a-mprec.o)
                0x00000000000064ce                __pow5mult
 .text.__lshift
                0x000000000000658c       0xce d:/mounriver_studio/toolchain/risc-v embedded gcc/bin/../lib/gcc/riscv-none-embed/8.2.0/../../../../riscv-none-embed/lib/rv32imac/ilp32\libg_nano.a(lib_a-mprec.o)
                0x000000000000658c                __lshift
 .text.__mcmp   0x000000000000665a       0x32 d:/mounriver_studio/toolchain/risc-v embedded gcc/bin/../lib/gcc/riscv-none-embed/8.2.0/../../../../riscv-none-embed/lib/rv32imac/ilp32\libg_nano.a(lib_a-mprec.o)
                0x000000000000665a                __mcmp
 .text.__mdiff  0x000000000000668c       0xf2 d:/mounriver_studio/toolchain/risc-v embedded gcc/bin/../lib/gcc/riscv-none-embed/8.2.0/../../../../riscv-none-embed/lib/rv32imac/ilp32\libg_nano.a(lib_a-mprec.o)
                0x000000000000668c                __mdiff
 .text.__ulp    0x000000000000677e       0x46 d:/mounriver_studio/toolchain/risc-v embedded gcc/bin/../lib/gcc/riscv-none-embed/8.2.0/../../../../riscv-none-embed/lib/rv32imac/ilp32\libg_nano.a(lib_a-mprec.o)
                0x000000000000677e                __ulp
 .text.__b2d    0x00000000000067c4       0xb4 d:/mounriver_studio/toolchain/risc-v embedded gcc/bin/../lib/gcc/riscv-none-embed/8.2.0/../../../../riscv-none-embed/lib/rv32imac/ilp32\libg_nano.a(lib_a-mprec.o)
                0x00000000000067c4                __b2d
 .text.__d2b    0x0000000000006878       0xd4 d:/mounriver_studio/toolchain/risc-v embedded gcc/bin/../lib/gcc/riscv-none-embed/8.2.0/../../../../riscv-none-embed/lib/rv32imac/ilp32\libg_nano.a(lib_a-mprec.o)
                0x0000000000006878                __d2b
 .text.__ratio  0x000000000000694c       0x74 d:/mounriver_studio/toolchain/risc-v embedded gcc/bin/../lib/gcc/riscv-none-embed/8.2.0/../../../../riscv-none-embed/lib/rv32imac/ilp32\libg_nano.a(lib_a-mprec.o)
                0x000000000000694c                __ratio
 .text.__copybits
                0x00000000000069c0       0x36 d:/mounriver_studio/toolchain/risc-v embedded gcc/bin/../lib/gcc/riscv-none-embed/8.2.0/../../../../riscv-none-embed/lib/rv32imac/ilp32\libg_nano.a(lib_a-mprec.o)
                0x00000000000069c0                __copybits
 .text.__any_on
                0x00000000000069f6       0x46 d:/mounriver_studio/toolchain/risc-v embedded gcc/bin/../lib/gcc/riscv-none-embed/8.2.0/../../../../riscv-none-embed/lib/rv32imac/ilp32\libg_nano.a(lib_a-mprec.o)
                0x00000000000069f6                __any_on
 .text._calloc_r
                0x0000000000006a3c       0x28 d:/mounriver_studio/toolchain/risc-v embedded gcc/bin/../lib/gcc/riscv-none-embed/8.2.0/../../../../riscv-none-embed/lib/rv32imac/ilp32\libg_nano.a(lib_a-nano-callocr.o)
                0x0000000000006a3c                _calloc_r
 .text.__ssputs_r
                0x0000000000006a64       0xee d:/mounriver_studio/toolchain/risc-v embedded gcc/bin/../lib/gcc/riscv-none-embed/8.2.0/../../../../riscv-none-embed/lib/rv32imac/ilp32\libg_nano.a(lib_a-nano-svfprintf.o)
                0x0000000000006a64                __ssputs_r
 .text._svfprintf_r
                0x0000000000006b52      0x280 d:/mounriver_studio/toolchain/risc-v embedded gcc/bin/../lib/gcc/riscv-none-embed/8.2.0/../../../../riscv-none-embed/lib/rv32imac/ilp32\libg_nano.a(lib_a-nano-svfprintf.o)
                0x0000000000006b52                _svfiprintf_r
                0x0000000000006b52                _svfprintf_r
 .text.__sfputc_r
                0x0000000000006dd2       0x2a d:/mounriver_studio/toolchain/risc-v embedded gcc/bin/../lib/gcc/riscv-none-embed/8.2.0/../../../../riscv-none-embed/lib/rv32imac/ilp32\libg_nano.a(lib_a-nano-vfprintf.o)
 .text.__sfputs_r
                0x0000000000006dfc       0x44 d:/mounriver_studio/toolchain/risc-v embedded gcc/bin/../lib/gcc/riscv-none-embed/8.2.0/../../../../riscv-none-embed/lib/rv32imac/ilp32\libg_nano.a(lib_a-nano-vfprintf.o)
                0x0000000000006dfc                __sfputs_r
 .text._vfprintf_r
                0x0000000000006e40      0x29c d:/mounriver_studio/toolchain/risc-v embedded gcc/bin/../lib/gcc/riscv-none-embed/8.2.0/../../../../riscv-none-embed/lib/rv32imac/ilp32\libg_nano.a(lib_a-nano-vfprintf.o)
                0x0000000000006e40                _vfprintf_r
                0x0000000000006e40                _vfiprintf_r
 .text._printf_common
                0x00000000000070dc      0x10c d:/mounriver_studio/toolchain/risc-v embedded gcc/bin/../lib/gcc/riscv-none-embed/8.2.0/../../../../riscv-none-embed/lib/rv32imac/ilp32\libg_nano.a(lib_a-nano-vfprintf_i.o)
                0x00000000000070dc                _printf_common
 .text._printf_i
                0x00000000000071e8      0x2aa d:/mounriver_studio/toolchain/risc-v embedded gcc/bin/../lib/gcc/riscv-none-embed/8.2.0/../../../../riscv-none-embed/lib/rv32imac/ilp32\libg_nano.a(lib_a-nano-vfprintf_i.o)
                0x00000000000071e8                _printf_i
 .text.nanf     0x0000000000007492        0xc d:/mounriver_studio/toolchain/risc-v embedded gcc/bin/../lib/gcc/riscv-none-embed/8.2.0/../../../../riscv-none-embed/lib/rv32imac/ilp32\libg_nano.a(lib_a-sf_nan.o)
                0x0000000000007492                nanf
 .text.__sread  0x000000000000749e       0x30 d:/mounriver_studio/toolchain/risc-v embedded gcc/bin/../lib/gcc/riscv-none-embed/8.2.0/../../../../riscv-none-embed/lib/rv32imac/ilp32\libg_nano.a(lib_a-stdio.o)
                0x000000000000749e                __sread
 .text.__swrite
                0x00000000000074ce       0x4e d:/mounriver_studio/toolchain/risc-v embedded gcc/bin/../lib/gcc/riscv-none-embed/8.2.0/../../../../riscv-none-embed/lib/rv32imac/ilp32\libg_nano.a(lib_a-stdio.o)
                0x00000000000074ce                __swrite
 .text.__sseek  0x000000000000751c       0x36 d:/mounriver_studio/toolchain/risc-v embedded gcc/bin/../lib/gcc/riscv-none-embed/8.2.0/../../../../riscv-none-embed/lib/rv32imac/ilp32\libg_nano.a(lib_a-stdio.o)
                0x000000000000751c                __sseek
 .text.__sclose
                0x0000000000007552        0x6 d:/mounriver_studio/toolchain/risc-v embedded gcc/bin/../lib/gcc/riscv-none-embed/8.2.0/../../../../riscv-none-embed/lib/rv32imac/ilp32\libg_nano.a(lib_a-stdio.o)
                0x0000000000007552                __sclose
 .text.strncmp  0x0000000000007558       0x2c d:/mounriver_studio/toolchain/risc-v embedded gcc/bin/../lib/gcc/riscv-none-embed/8.2.0/../../../../riscv-none-embed/lib/rv32imac/ilp32\libg_nano.a(lib_a-strncmp.o)
                0x0000000000007558                strncmp
 .text._write_r
                0x0000000000007584       0x2e d:/mounriver_studio/toolchain/risc-v embedded gcc/bin/../lib/gcc/riscv-none-embed/8.2.0/../../../../riscv-none-embed/lib/rv32imac/ilp32\libg_nano.a(lib_a-writer.o)
                0x0000000000007584                _write_r
 .text._close_r
                0x00000000000075b2       0x2a d:/mounriver_studio/toolchain/risc-v embedded gcc/bin/../lib/gcc/riscv-none-embed/8.2.0/../../../../riscv-none-embed/lib/rv32imac/ilp32\libg_nano.a(lib_a-closer.o)
                0x00000000000075b2                _close_r
 .text._fstat_r
                0x00000000000075dc       0x2c d:/mounriver_studio/toolchain/risc-v embedded gcc/bin/../lib/gcc/riscv-none-embed/8.2.0/../../../../riscv-none-embed/lib/rv32imac/ilp32\libg_nano.a(lib_a-fstatr.o)
                0x00000000000075dc                _fstat_r
 .text._isatty_r
                0x0000000000007608       0x2a d:/mounriver_studio/toolchain/risc-v embedded gcc/bin/../lib/gcc/riscv-none-embed/8.2.0/../../../../riscv-none-embed/lib/rv32imac/ilp32\libg_nano.a(lib_a-isattyr.o)
                0x0000000000007608                _isatty_r
 .text._lseek_r
                0x0000000000007632       0x2e d:/mounriver_studio/toolchain/risc-v embedded gcc/bin/../lib/gcc/riscv-none-embed/8.2.0/../../../../riscv-none-embed/lib/rv32imac/ilp32\libg_nano.a(lib_a-lseekr.o)
                0x0000000000007632                _lseek_r
 .text.memchr   0x0000000000007660       0x1a d:/mounriver_studio/toolchain/risc-v embedded gcc/bin/../lib/gcc/riscv-none-embed/8.2.0/../../../../riscv-none-embed/lib/rv32imac/ilp32\libg_nano.a(lib_a-memchr.o)
                0x0000000000007660                memchr
 .text.memmove  0x000000000000767a       0x4a d:/mounriver_studio/toolchain/risc-v embedded gcc/bin/../lib/gcc/riscv-none-embed/8.2.0/../../../../riscv-none-embed/lib/rv32imac/ilp32\libg_nano.a(lib_a-memmove.o)
                0x000000000000767a                memmove
 .text._realloc_r
                0x00000000000076c4       0x58 d:/mounriver_studio/toolchain/risc-v embedded gcc/bin/../lib/gcc/riscv-none-embed/8.2.0/../../../../riscv-none-embed/lib/rv32imac/ilp32\libg_nano.a(lib_a-nano-reallocr.o)
                0x00000000000076c4                _realloc_r
 .text._read_r  0x000000000000771c       0x2e d:/mounriver_studio/toolchain/risc-v embedded gcc/bin/../lib/gcc/riscv-none-embed/8.2.0/../../../../riscv-none-embed/lib/rv32imac/ilp32\libg_nano.a(lib_a-readr.o)
                0x000000000000771c                _read_r
 .text._malloc_usable_size_r
                0x000000000000774a       0x14 d:/mounriver_studio/toolchain/risc-v embedded gcc/bin/../lib/gcc/riscv-none-embed/8.2.0/../../../../riscv-none-embed/lib/rv32imac/ilp32\libg_nano.a(lib_a-nano-msizer.o)
                0x000000000000774a                _malloc_usable_size_r
 .text.__adddf3
                0x000000000000775e      0x730 d:/mounriver_studio/toolchain/risc-v embedded gcc/bin/../lib/gcc/riscv-none-embed/8.2.0/rv32imac/ilp32\libgcc.a(adddf3.o)
                0x000000000000775e                __adddf3
 .text.__divdf3
                0x0000000000007e8e      0x5b4 d:/mounriver_studio/toolchain/risc-v embedded gcc/bin/../lib/gcc/riscv-none-embed/8.2.0/rv32imac/ilp32\libgcc.a(divdf3.o)
                0x0000000000007e8e                __divdf3
 .text.__eqdf2  0x0000000000008442       0x6a d:/mounriver_studio/toolchain/risc-v embedded gcc/bin/../lib/gcc/riscv-none-embed/8.2.0/rv32imac/ilp32\libgcc.a(eqdf2.o)
                0x0000000000008442                __nedf2
                0x0000000000008442                __eqdf2
 .text.__gedf2  0x00000000000084ac       0xae d:/mounriver_studio/toolchain/risc-v embedded gcc/bin/../lib/gcc/riscv-none-embed/8.2.0/rv32imac/ilp32\libgcc.a(gedf2.o)
                0x00000000000084ac                __gedf2
                0x00000000000084ac                __gtdf2
 .text.__ledf2  0x000000000000855a       0xb6 d:/mounriver_studio/toolchain/risc-v embedded gcc/bin/../lib/gcc/riscv-none-embed/8.2.0/rv32imac/ilp32\libgcc.a(ledf2.o)
                0x000000000000855a                __ledf2
                0x000000000000855a                __ltdf2
 .text.__muldf3
                0x0000000000008610      0x4b8 d:/mounriver_studio/toolchain/risc-v embedded gcc/bin/../lib/gcc/riscv-none-embed/8.2.0/rv32imac/ilp32\libgcc.a(muldf3.o)
                0x0000000000008610                __muldf3
 .text.__subdf3
                0x0000000000008ac8      0x73c d:/mounriver_studio/toolchain/risc-v embedded gcc/bin/../lib/gcc/riscv-none-embed/8.2.0/rv32imac/ilp32\libgcc.a(subdf3.o)
                0x0000000000008ac8                __subdf3
 .text.__unorddf2
                0x0000000000009204       0x3c d:/mounriver_studio/toolchain/risc-v embedded gcc/bin/../lib/gcc/riscv-none-embed/8.2.0/rv32imac/ilp32\libgcc.a(unorddf2.o)
                0x0000000000009204                __unorddf2
 .text.__fixdfsi
                0x0000000000009240       0x68 d:/mounriver_studio/toolchain/risc-v embedded gcc/bin/../lib/gcc/riscv-none-embed/8.2.0/rv32imac/ilp32\libgcc.a(fixdfsi.o)
                0x0000000000009240                __fixdfsi
 .text.__fixunsdfsi
                0x00000000000092a8       0x5c d:/mounriver_studio/toolchain/risc-v embedded gcc/bin/../lib/gcc/riscv-none-embed/8.2.0/rv32imac/ilp32\libgcc.a(fixunsdfsi.o)
                0x00000000000092a8                __fixunsdfsi
 .text.__floatsidf
                0x0000000000009304       0x70 d:/mounriver_studio/toolchain/risc-v embedded gcc/bin/../lib/gcc/riscv-none-embed/8.2.0/rv32imac/ilp32\libgcc.a(floatsidf.o)
                0x0000000000009304                __floatsidf
 .text.__floatunsidf
                0x0000000000009374       0x66 d:/mounriver_studio/toolchain/risc-v embedded gcc/bin/../lib/gcc/riscv-none-embed/8.2.0/rv32imac/ilp32\libgcc.a(floatunsidf.o)
                0x0000000000009374                __floatunsidf
 .text.__lesf2  0x00000000000093da       0x8c d:/mounriver_studio/toolchain/risc-v embedded gcc/bin/../lib/gcc/riscv-none-embed/8.2.0/rv32imac/ilp32\libgcc.a(lesf2.o)
                0x00000000000093da                __ltsf2
                0x00000000000093da                __lesf2
 .text.__unordsf2
                0x0000000000009466       0x3c d:/mounriver_studio/toolchain/risc-v embedded gcc/bin/../lib/gcc/riscv-none-embed/8.2.0/rv32imac/ilp32\libgcc.a(unordsf2.o)
                0x0000000000009466                __unordsf2
 .text.__truncdfsf2
                0x00000000000094a2      0x16a d:/mounriver_studio/toolchain/risc-v embedded gcc/bin/../lib/gcc/riscv-none-embed/8.2.0/rv32imac/ilp32\libgcc.a(truncdfsf2.o)
                0x00000000000094a2                __truncdfsf2
 .text.__clzsi2
                0x000000000000960c       0x76 d:/mounriver_studio/toolchain/risc-v embedded gcc/bin/../lib/gcc/riscv-none-embed/8.2.0/rv32imac/ilp32\libgcc.a(_clzsi2.o)
                0x000000000000960c                __clzsi2
 .text._close   0x0000000000009682        0xc d:/mounriver_studio/toolchain/risc-v embedded gcc/bin/../lib/gcc/riscv-none-embed/8.2.0/../../../../riscv-none-embed/lib/rv32imac/ilp32\libnosys.a(close.o)
                0x0000000000009682                _close
 .text._fstat   0x000000000000968e        0xc d:/mounriver_studio/toolchain/risc-v embedded gcc/bin/../lib/gcc/riscv-none-embed/8.2.0/../../../../riscv-none-embed/lib/rv32imac/ilp32\libnosys.a(fstat.o)
                0x000000000000968e                _fstat
 .text._isatty  0x000000000000969a        0xc d:/mounriver_studio/toolchain/risc-v embedded gcc/bin/../lib/gcc/riscv-none-embed/8.2.0/../../../../riscv-none-embed/lib/rv32imac/ilp32\libnosys.a(isatty.o)
                0x000000000000969a                _isatty
 .text._lseek   0x00000000000096a6        0xc d:/mounriver_studio/toolchain/risc-v embedded gcc/bin/../lib/gcc/riscv-none-embed/8.2.0/../../../../riscv-none-embed/lib/rv32imac/ilp32\libnosys.a(lseek.o)
                0x00000000000096a6                _lseek
 .text._read    0x00000000000096b2        0xc d:/mounriver_studio/toolchain/risc-v embedded gcc/bin/../lib/gcc/riscv-none-embed/8.2.0/../../../../riscv-none-embed/lib/rv32imac/ilp32\libnosys.a(read.o)
                0x00000000000096b2                _read
 .text._exit    0x00000000000096be        0x2 d:/mounriver_studio/toolchain/risc-v embedded gcc/bin/../lib/gcc/riscv-none-embed/8.2.0/../../../../riscv-none-embed/lib/rv32imac/ilp32\libnosys.a(_exit.o)
                0x00000000000096be                _exit
 *(.rodata)
 *(.rodata*)
 .rodata.charArrayToU8.str1.4
                0x00000000000096c0       0x20 ./User/HX77.o
 .rodata.L610_Pub.str1.4
                0x00000000000096e0       0xa6 ./User/L610.o
 *fill*         0x0000000000009786        0x2 
 .rodata.L610_Recive.str1.4
                0x0000000000009788       0xa4 ./User/L610.o
 .rodata.deleteProduct.str1.4
                0x000000000000982c       0x3f ./User/allshow.o
 *fill*         0x000000000000986b        0x1 
 .rodata.insertProduct.part.0.str1.4
                0x000000000000986c       0x1b ./User/allshow.o
 *fill*         0x0000000000009887        0x1 
 .rodata.asc2_1206
                0x0000000000009888      0x474 ./User/lcd.o
                0x0000000000009888                asc2_1206
 .rodata.asc2_1608
                0x0000000000009cfc      0x5f0 ./User/lcd.o
                0x0000000000009cfc                asc2_1608
 .rodata.asc2_2412
                0x000000000000a2ec      0xd5c ./User/lcd.o
                0x000000000000a2ec                asc2_2412
 .rodata.asc2_3216
                0x000000000000b048     0x17c0 ./User/lcd.o
                0x000000000000b048                asc2_3216
 .rodata.main.str1.4
                0x000000000000c808       0x2c ./User/main.o
 .rodata.Pages_Pay.str1.4
                0x000000000000c834       0x14 ./User/pages.o
 .rodata.Pages_X_add.str1.4
                0x000000000000c848        0x5 ./User/pages.o
 *fill*         0x000000000000c84d        0x3 
 .rodata.Pages_add.str1.4
                0x000000000000c850        0xc ./User/pages.o
 .rodata.Pages_error.str1.4
                0x000000000000c85c        0xe ./User/pages.o
 *fill*         0x000000000000c86a        0x2 
 .rodata.renderCurrentProductsPage.str1.4
                0x000000000000c86c       0x22 ./User/pages.o
 *fill*         0x000000000000c88e        0x2 
 .rodata.renderMainPage.str1.4
                0x000000000000c890       0x52 ./User/pages.o
 *fill*         0x000000000000c8e2        0x2 
 .rodata._setlocale_r.str1.4
                0x000000000000c8e4        0xa d:/mounriver_studio/toolchain/risc-v embedded gcc/bin/../lib/gcc/riscv-none-embed/8.2.0/../../../../riscv-none-embed/lib/rv32imac/ilp32\libg_nano.a(lib_a-locale.o)
                                          0xd (size before relaxing)
 *fill*         0x000000000000c8ee        0x2 
 .rodata.str1.4
                0x000000000000c8f0        0x2 d:/mounriver_studio/toolchain/risc-v embedded gcc/bin/../lib/gcc/riscv-none-embed/8.2.0/../../../../riscv-none-embed/lib/rv32imac/ilp32\libg_nano.a(lib_a-locale.o)
 *fill*         0x000000000000c8f2        0x2 
 .rodata._strtod_l
                0x000000000000c8f4       0x14 d:/mounriver_studio/toolchain/risc-v embedded gcc/bin/../lib/gcc/riscv-none-embed/8.2.0/../../../../riscv-none-embed/lib/rv32imac/ilp32\libg_nano.a(lib_a-strtod.o)
 *fill*         0x000000000000c908        0x0 
 .rodata._strtod_l.cst8
                0x000000000000c908       0x38 d:/mounriver_studio/toolchain/risc-v embedded gcc/bin/../lib/gcc/riscv-none-embed/8.2.0/../../../../riscv-none-embed/lib/rv32imac/ilp32\libg_nano.a(lib_a-strtod.o)
 .rodata._strtod_l.str1.4
                0x000000000000c940        0xf d:/mounriver_studio/toolchain/risc-v embedded gcc/bin/../lib/gcc/riscv-none-embed/8.2.0/../../../../riscv-none-embed/lib/rv32imac/ilp32\libg_nano.a(lib_a-strtod.o)
 *fill*         0x000000000000c94f        0x1 
 .rodata.fpi.3395
                0x000000000000c950       0x14 d:/mounriver_studio/toolchain/risc-v embedded gcc/bin/../lib/gcc/riscv-none-embed/8.2.0/../../../../riscv-none-embed/lib/rv32imac/ilp32\libg_nano.a(lib_a-strtod.o)
 .rodata.fpinan.3431
                0x000000000000c964       0x14 d:/mounriver_studio/toolchain/risc-v embedded gcc/bin/../lib/gcc/riscv-none-embed/8.2.0/../../../../riscv-none-embed/lib/rv32imac/ilp32\libg_nano.a(lib_a-strtod.o)
 .rodata.strtof_l.cst4
                0x000000000000c978        0x4 d:/mounriver_studio/toolchain/risc-v embedded gcc/bin/../lib/gcc/riscv-none-embed/8.2.0/../../../../riscv-none-embed/lib/rv32imac/ilp32\libg_nano.a(lib_a-strtod.o)
 *fill*         0x000000000000c97c        0x4 
 .rodata.strtof_l.cst8
                0x000000000000c980        0x8 d:/mounriver_studio/toolchain/risc-v embedded gcc/bin/../lib/gcc/riscv-none-embed/8.2.0/../../../../riscv-none-embed/lib/rv32imac/ilp32\libg_nano.a(lib_a-strtod.o)
 .rodata.tinytens
                0x000000000000c988       0x28 d:/mounriver_studio/toolchain/risc-v embedded gcc/bin/../lib/gcc/riscv-none-embed/8.2.0/../../../../riscv-none-embed/lib/rv32imac/ilp32\libg_nano.a(lib_a-strtod.o)
 .rodata._ctype_
                0x000000000000c9b0      0x101 d:/mounriver_studio/toolchain/risc-v embedded gcc/bin/../lib/gcc/riscv-none-embed/8.2.0/../../../../riscv-none-embed/lib/rv32imac/ilp32\libg_nano.a(lib_a-ctype_.o)
                0x000000000000c9b0                _ctype_
 *fill*         0x000000000000cab1        0x3 
 .rodata.__sf_fake_stderr
                0x000000000000cab4       0x20 d:/mounriver_studio/toolchain/risc-v embedded gcc/bin/../lib/gcc/riscv-none-embed/8.2.0/../../../../riscv-none-embed/lib/rv32imac/ilp32\libg_nano.a(lib_a-findfp.o)
                0x000000000000cab4                __sf_fake_stderr
 .rodata.__sf_fake_stdin
                0x000000000000cad4       0x20 d:/mounriver_studio/toolchain/risc-v embedded gcc/bin/../lib/gcc/riscv-none-embed/8.2.0/../../../../riscv-none-embed/lib/rv32imac/ilp32\libg_nano.a(lib_a-findfp.o)
                0x000000000000cad4                __sf_fake_stdin
 .rodata.__sf_fake_stdout
                0x000000000000caf4       0x20 d:/mounriver_studio/toolchain/risc-v embedded gcc/bin/../lib/gcc/riscv-none-embed/8.2.0/../../../../riscv-none-embed/lib/rv32imac/ilp32\libg_nano.a(lib_a-findfp.o)
                0x000000000000caf4                __sf_fake_stdout
 *fill*         0x000000000000cb14        0x4 
 .rodata.__mprec_bigtens
                0x000000000000cb18       0x28 d:/mounriver_studio/toolchain/risc-v embedded gcc/bin/../lib/gcc/riscv-none-embed/8.2.0/../../../../riscv-none-embed/lib/rv32imac/ilp32\libg_nano.a(lib_a-mprec.o)
                0x000000000000cb18                __mprec_bigtens
 .rodata.__mprec_tens
                0x000000000000cb40       0xc8 d:/mounriver_studio/toolchain/risc-v embedded gcc/bin/../lib/gcc/riscv-none-embed/8.2.0/../../../../riscv-none-embed/lib/rv32imac/ilp32\libg_nano.a(lib_a-mprec.o)
                0x000000000000cb40                __mprec_tens
 .rodata.p05.3319
                0x000000000000cc08        0xc d:/mounriver_studio/toolchain/risc-v embedded gcc/bin/../lib/gcc/riscv-none-embed/8.2.0/../../../../riscv-none-embed/lib/rv32imac/ilp32\libg_nano.a(lib_a-mprec.o)
 .rodata._svfprintf_r.str1.4
                0x000000000000cc14       0x13 d:/mounriver_studio/toolchain/risc-v embedded gcc/bin/../lib/gcc/riscv-none-embed/8.2.0/../../../../riscv-none-embed/lib/rv32imac/ilp32\libg_nano.a(lib_a-nano-svfprintf.o)
 .rodata._vfprintf_r.str1.4
                0x000000000000cc27       0x13 d:/mounriver_studio/toolchain/risc-v embedded gcc/bin/../lib/gcc/riscv-none-embed/8.2.0/../../../../riscv-none-embed/lib/rv32imac/ilp32\libg_nano.a(lib_a-nano-vfprintf.o)
 *fill*         0x000000000000cc27        0x1 
 .rodata._printf_i.str1.4
                0x000000000000cc28       0x28 d:/mounriver_studio/toolchain/risc-v embedded gcc/bin/../lib/gcc/riscv-none-embed/8.2.0/../../../../riscv-none-embed/lib/rv32imac/ilp32\libg_nano.a(lib_a-nano-vfprintf_i.o)
                                         0x25 (size before relaxing)
 .rodata.nanf.cst4
                0x000000000000cc50        0x4 d:/mounriver_studio/toolchain/risc-v embedded gcc/bin/../lib/gcc/riscv-none-embed/8.2.0/../../../../riscv-none-embed/lib/rv32imac/ilp32\libg_nano.a(lib_a-sf_nan.o)
 .rodata.__divdf3
                0x000000000000cc54       0x40 d:/mounriver_studio/toolchain/risc-v embedded gcc/bin/../lib/gcc/riscv-none-embed/8.2.0/rv32imac/ilp32\libgcc.a(divdf3.o)
 .rodata.__muldf3
                0x000000000000cc94       0x40 d:/mounriver_studio/toolchain/risc-v embedded gcc/bin/../lib/gcc/riscv-none-embed/8.2.0/rv32imac/ilp32\libgcc.a(muldf3.o)
 .rodata.__clz_tab
                0x000000000000ccd4      0x100 d:/mounriver_studio/toolchain/risc-v embedded gcc/bin/../lib/gcc/riscv-none-embed/8.2.0/rv32imac/ilp32\libgcc.a(_clz.o)
                0x000000000000ccd4                __clz_tab
 *(.glue_7)
 *(.glue_7t)
 *(.gnu.linkonce.t.*)
                0x000000000000cdd4                . = ALIGN (0x4)

.rela.dyn       0x000000000000cdd4        0x0
 .rela.text.weight_check_add
                0x000000000000cdd4        0x0 ./User/HX77.o
 .rela.text.weight_check_delete
                0x000000000000cdd4        0x0 ./User/HX77.o
 .rela.text.L610_Recive
                0x000000000000cdd4        0x0 ./User/HX77.o
 .rela.text.LCD_WriteRAM_Prepare
                0x000000000000cdd4        0x0 ./User/HX77.o
 .rela.text.LCD_SetCursor
                0x000000000000cdd4        0x0 ./User/HX77.o
 .rela.text.LCD_Scan_Dir
                0x000000000000cdd4        0x0 ./User/HX77.o
 .rela.text.LCD_Display_Dir
                0x000000000000cdd4        0x0 ./User/HX77.o
 .rela.text.LCD_Clear
                0x000000000000cdd4        0x0 ./User/HX77.o
 .rela.text.LCD_Init
                0x000000000000cdd4        0x0 ./User/HX77.o
 .rela.text.LCD_Fast_DrawPoint
                0x000000000000cdd4        0x0 ./User/HX77.o
 .rela.text.LCD_ShowChar
                0x000000000000cdd4        0x0 ./User/HX77.o
 .rela.text.startup.main
                0x000000000000cdd4        0x0 ./User/HX77.o
 .rela.init     0x000000000000cdd4        0x0 ./User/HX77.o
 .rela.vector   0x000000000000cdd4        0x0 ./User/HX77.o
 .rela.text.handle_reset
                0x000000000000cdd4        0x0 ./User/HX77.o
 .rela.text.USART1_IRQHandler
                0x000000000000cdd4        0x0 ./User/HX77.o
 .rela.text.USART2_IRQHandler
                0x000000000000cdd4        0x0 ./User/HX77.o
 .rela.text._sbrk
                0x000000000000cdd4        0x0 ./User/HX77.o
 .rela.sdata.curbrk.5226
                0x000000000000cdd4        0x0 ./User/HX77.o
 .rela.text.exit
                0x000000000000cdd4        0x0 ./User/HX77.o
 .rela.text._sbrk_r
                0x000000000000cdd4        0x0 ./User/HX77.o
 .rela.text._svfprintf_r
                0x000000000000cdd4        0x0 ./User/HX77.o
 .rela.text._vfprintf_r
                0x000000000000cdd4        0x0 ./User/HX77.o
 .rela.text._write_r
                0x000000000000cdd4        0x0 ./User/HX77.o
 .rela.text._close_r
                0x000000000000cdd4        0x0 ./User/HX77.o
 .rela.text._fstat_r
                0x000000000000cdd4        0x0 ./User/HX77.o
 .rela.text._isatty_r
                0x000000000000cdd4        0x0 ./User/HX77.o
 .rela.text._lseek_r
                0x000000000000cdd4        0x0 ./User/HX77.o
 .rela.text._read_r
                0x000000000000cdd4        0x0 ./User/HX77.o
 .rela.text._close
                0x000000000000cdd4        0x0 ./User/HX77.o
 .rela.text._fstat
                0x000000000000cdd4        0x0 ./User/HX77.o
 .rela.text._isatty
                0x000000000000cdd4        0x0 ./User/HX77.o
 .rela.text._lseek
                0x000000000000cdd4        0x0 ./User/HX77.o
 .rela.text._read
                0x000000000000cdd4        0x0 ./User/HX77.o

.fini           0x000000000000cdd4        0x0
 *(SORT_NONE(.fini))
                0x000000000000cdd4                . = ALIGN (0x4)
                [!provide]                        PROVIDE (_etext = .)
                [!provide]                        PROVIDE (_eitcm = .)

.preinit_array  0x000000000000cdd4        0x0
                [!provide]                        PROVIDE (__preinit_array_start = .)
 *(.preinit_array)
                [!provide]                        PROVIDE (__preinit_array_end = .)

.init_array     0x000000000000cdd4        0x0
                [!provide]                        PROVIDE (__init_array_start = .)
 *(SORT_BY_INIT_PRIORITY(.init_array.*) SORT_BY_INIT_PRIORITY(.ctors.*))
 *(.init_array EXCLUDE_FILE(*crtend?.o *crtend.o *crtbegin?.o *crtbegin.o) .ctors)
                [!provide]                        PROVIDE (__init_array_end = .)

.fini_array     0x000000000000cdd4        0x0
                [!provide]                        PROVIDE (__fini_array_start = .)
 *(SORT_BY_INIT_PRIORITY(.fini_array.*) SORT_BY_INIT_PRIORITY(.dtors.*))
 *(.fini_array EXCLUDE_FILE(*crtend?.o *crtend.o *crtbegin?.o *crtbegin.o) .dtors)
                [!provide]                        PROVIDE (__fini_array_end = .)

.ctors
 *crtbegin.o(.ctors)
 *crtbegin?.o(.ctors)
 *(EXCLUDE_FILE(*crtend?.o *crtend.o) .ctors)
 *(SORT_BY_NAME(.ctors.*))
 *(.ctors)

.dtors
 *crtbegin.o(.dtors)
 *crtbegin?.o(.dtors)
 *(EXCLUDE_FILE(*crtend?.o *crtend.o) .dtors)
 *(SORT_BY_NAME(.dtors.*))
 *(.dtors)

.dalign         0x0000000020000000        0x0 load address 0x000000000000cdd4
                0x0000000020000000                . = ALIGN (0x4)
                0x0000000020000000                PROVIDE (_data_vma = .)

.dlalign        0x000000000000cdd4        0x0
                0x000000000000cdd4                . = ALIGN (0x4)
                0x000000000000cdd4                PROVIDE (_data_lma = .)

.data           0x0000000020000000      0x208 load address 0x000000000000cdd4
 *(.gnu.linkonce.r.*)
 *(.data .data.*)
 .data.AHBPrescTable
                0x0000000020000000       0x10 ./User/system_ch32v30x.o
                0x0000000020000000                AHBPrescTable
 .data.APBAHBPrescTable
                0x0000000020000010       0x10 ./Peripheral/src/ch32v30x_rcc.o
 .data.impure_data
                0x0000000020000020       0x60 d:/mounriver_studio/toolchain/risc-v embedded gcc/bin/../lib/gcc/riscv-none-embed/8.2.0/../../../../riscv-none-embed/lib/rv32imac/ilp32\libg_nano.a(lib_a-impure.o)
 .data.__global_locale
                0x0000000020000080      0x16c d:/mounriver_studio/toolchain/risc-v embedded gcc/bin/../lib/gcc/riscv-none-embed/8.2.0/../../../../riscv-none-embed/lib/rv32imac/ilp32\libg_nano.a(lib_a-locale.o)
                0x0000000020000080                __global_locale
 *(.gnu.linkonce.d.*)
                0x00000000200001f0                . = ALIGN (0x8)
 *fill*         0x00000000200001ec        0x4 
                0x00000000200009f0                PROVIDE (__global_pointer$ = (. + 0x800))
 *(.sdata .sdata.*)
 .sdata.BACK_COLOR
                0x00000000200001f0        0x2 ./User/lcd.o
                0x00000000200001f0                BACK_COLOR
 *fill*         0x00000000200001f2        0x2 
 .sdata.SystemCoreClock
                0x00000000200001f4        0x4 ./User/system_ch32v30x.o
                0x00000000200001f4                SystemCoreClock
 .sdata.ADCPrescTable
                0x00000000200001f8        0x4 ./Peripheral/src/ch32v30x_rcc.o
 .sdata.curbrk.5226
                0x00000000200001fc        0x4 ./Debug/debug.o
 .sdata._impure_ptr
                0x0000000020000200        0x4 d:/mounriver_studio/toolchain/risc-v embedded gcc/bin/../lib/gcc/riscv-none-embed/8.2.0/../../../../riscv-none-embed/lib/rv32imac/ilp32\libg_nano.a(lib_a-impure.o)
                0x0000000020000200                _impure_ptr
 *(.sdata2.*)
 .sdata2._global_impure_ptr
                0x0000000020000204        0x4 d:/mounriver_studio/toolchain/risc-v embedded gcc/bin/../lib/gcc/riscv-none-embed/8.2.0/../../../../riscv-none-embed/lib/rv32imac/ilp32\libg_nano.a(lib_a-impure.o)
                0x0000000020000204                _global_impure_ptr
 *(.gnu.linkonce.s.*)
                0x0000000020000208                . = ALIGN (0x8)
 *(.srodata.cst16)
 *(.srodata.cst8)
 *(.srodata.cst4)
 *(.srodata.cst2)
 *(.srodata .srodata.*)
                0x0000000020000208                . = ALIGN (0x4)
                0x0000000020000208                PROVIDE (_edata = .)

.bss            0x0000000020000208      0x670 load address 0x000000000000cfdc
                0x0000000020000208                . = ALIGN (0x4)
                0x0000000020000208                PROVIDE (_sbss = .)
 *(.sbss*)
 .sbss.POINT_COLOR
                0x0000000020000208        0x2 ./User/lcd.o
                0x0000000020000208                POINT_COLOR
 *fill*         0x000000002000020a        0x2 
 .sbss.NVIC_Priority_Group
                0x000000002000020c        0x4 ./Peripheral/src/ch32v30x_misc.o
                0x000000002000020c                NVIC_Priority_Group
 .sbss.key_Num  0x0000000020000210        0x1 ./Hardware/exit.o
                0x0000000020000210                key_Num
 .sbss.uart_cnt
                0x0000000020000211        0x1 ./Hardware/usart.o
                0x0000000020000211                uart_cnt
 .sbss.p_ms     0x0000000020000212        0x2 ./Debug/debug.o
 .sbss.p_us     0x0000000020000214        0x1 ./Debug/debug.o
 *fill*         0x0000000020000215        0x3 
 .sbss.__malloc_free_list
                0x0000000020000218        0x4 d:/mounriver_studio/toolchain/risc-v embedded gcc/bin/../lib/gcc/riscv-none-embed/8.2.0/../../../../riscv-none-embed/lib/rv32imac/ilp32\libg_nano.a(lib_a-nano-mallocr.o)
                0x0000000020000218                __malloc_free_list
 .sbss.__malloc_sbrk_start
                0x000000002000021c        0x4 d:/mounriver_studio/toolchain/risc-v embedded gcc/bin/../lib/gcc/riscv-none-embed/8.2.0/../../../../riscv-none-embed/lib/rv32imac/ilp32\libg_nano.a(lib_a-nano-mallocr.o)
                0x000000002000021c                __malloc_sbrk_start
 *(.gnu.linkonce.sb.*)
 *(.bss*)
 .bss.uart_buf  0x0000000020000220       0x20 ./Hardware/usart.o
                0x0000000020000220                uart_buf
 *(.gnu.linkonce.b.*)
 *(COMMON*)
 COMMON         0x0000000020000240      0x20c ./User/HX77.o
                0x0000000020000240                arr
                0x0000000020000268                Weight_Maopi
                0x000000002000026c                HX711_Buffer
                0x0000000020000270                list
                0x0000000020000278                former_weight
                0x000000002000027c                buffer
                0x0000000020000290                current_product_weight
                0x0000000020000294                num
                0x0000000020000298                pi_weight
                0x000000002000029c                numx
                0x00000000200002a0                Weight_Shiwu
                0x00000000200002a4                pi
                0x00000000200002a8                weight
                0x00000000200002ac                product
 COMMON         0x000000002000044c      0x414 ./User/L610.o
                0x000000002000044c                endptr
                0x0000000020000450                number
                0x0000000020000454                strx
                0x0000000020000458                USART_Rbuffer
                0x0000000020000858                USART_Rbuffer_Num
                0x000000002000085c                len
 COMMON         0x0000000020000860        0xe ./User/lcd.o
                0x0000000020000860                lcddev
 COMMON         0x000000002000086e        0x4 ./Hardware/usart.o
                0x000000002000086e                recv_ok
                0x0000000020000870                received_data
 *fill*         0x0000000020000872        0x2 
 COMMON         0x0000000020000874        0x4 d:/mounriver_studio/toolchain/risc-v embedded gcc/bin/../lib/gcc/riscv-none-embed/8.2.0/../../../../riscv-none-embed/lib/rv32imac/ilp32\libg_nano.a(lib_a-reent.o)
                0x0000000020000874                errno
                0x0000000020000878                . = ALIGN (0x4)
                0x0000000020000878                PROVIDE (_ebss = .)
                0x0000000020000878                PROVIDE (_end = _ebss)
                [!provide]                        PROVIDE (end = .)

.stack          0x0000000020007800      0x800
                0x0000000020007800                PROVIDE (_heap_end = .)
                0x0000000020007800                . = ALIGN (0x4)
                [!provide]                        PROVIDE (_susrstack = .)
                0x0000000020008000                . = (. + __stack_size)
 *fill*         0x0000000020007800      0x800 
                0x0000000020008000                PROVIDE (_eusrstack = .)
OUTPUT(successVersion.elf elf32-littleriscv)

.debug_info     0x0000000000000000    0x181e5
 .debug_info    0x0000000000000000     0x1306 ./User/HX77.o
 .debug_info    0x0000000000001306     0x1422 ./User/L610.o
 .debug_info    0x0000000000002728      0xf56 ./User/allshow.o
 .debug_info    0x000000000000367e      0x962 ./User/ch32v30x_it.o
 .debug_info    0x0000000000003fe0     0x5d9d ./User/lcd.o
 .debug_info    0x0000000000009d7d     0x1399 ./User/main.o
 .debug_info    0x000000000000b116     0x1b01 ./User/pages.o
 .debug_info    0x000000000000cc17      0xb63 ./User/system_ch32v30x.o
 .debug_info    0x000000000000d77a       0x22 ./Startup/startup_ch32v30x_D8C.o
 .debug_info    0x000000000000d79c      0xd13 ./Peripheral/src/ch32v30x_dma.o
 .debug_info    0x000000000000e4af      0xc0d ./Peripheral/src/ch32v30x_exti.o
 .debug_info    0x000000000000f0bc     0x104d ./Peripheral/src/ch32v30x_fsmc.o
 .debug_info    0x0000000000010109     0x1093 ./Peripheral/src/ch32v30x_gpio.o
 .debug_info    0x000000000001119c      0xf67 ./Peripheral/src/ch32v30x_misc.o
 .debug_info    0x0000000000012103     0x155d ./Peripheral/src/ch32v30x_rcc.o
 .debug_info    0x0000000000013660     0x1420 ./Peripheral/src/ch32v30x_usart.o
 .debug_info    0x0000000000014a80     0x1245 ./Hardware/exit.o
 .debug_info    0x0000000000015cc5     0x15df ./Hardware/usart.o
 .debug_info    0x00000000000172a4      0xf41 ./Debug/debug.o

.debug_abbrev   0x0000000000000000     0x374d
 .debug_abbrev  0x0000000000000000      0x3d8 ./User/HX77.o
 .debug_abbrev  0x00000000000003d8      0x31f ./User/L610.o
 .debug_abbrev  0x00000000000006f7      0x38f ./User/allshow.o
 .debug_abbrev  0x0000000000000a86      0x1cf ./User/ch32v30x_it.o
 .debug_abbrev  0x0000000000000c55      0x4ce ./User/lcd.o
 .debug_abbrev  0x0000000000001123      0x2c8 ./User/main.o
 .debug_abbrev  0x00000000000013eb      0x2f6 ./User/pages.o
 .debug_abbrev  0x00000000000016e1      0x2c0 ./User/system_ch32v30x.o
 .debug_abbrev  0x00000000000019a1       0x12 ./Startup/startup_ch32v30x_D8C.o
 .debug_abbrev  0x00000000000019b3      0x2fd ./Peripheral/src/ch32v30x_dma.o
 .debug_abbrev  0x0000000000001cb0      0x2da ./Peripheral/src/ch32v30x_exti.o
 .debug_abbrev  0x0000000000001f8a      0x2d9 ./Peripheral/src/ch32v30x_fsmc.o
 .debug_abbrev  0x0000000000002263      0x31a ./Peripheral/src/ch32v30x_gpio.o
 .debug_abbrev  0x000000000000257d      0x2fb ./Peripheral/src/ch32v30x_misc.o
 .debug_abbrev  0x0000000000002878      0x351 ./Peripheral/src/ch32v30x_rcc.o
 .debug_abbrev  0x0000000000002bc9      0x325 ./Peripheral/src/ch32v30x_usart.o
 .debug_abbrev  0x0000000000002eee      0x28b ./Hardware/exit.o
 .debug_abbrev  0x0000000000003179      0x2db ./Hardware/usart.o
 .debug_abbrev  0x0000000000003454      0x2f9 ./Debug/debug.o

.debug_loc      0x0000000000000000     0x7821
 .debug_loc     0x0000000000000000       0xf9 ./User/HX77.o
 .debug_loc     0x00000000000000f9      0x234 ./User/L610.o
 .debug_loc     0x000000000000032d      0x251 ./User/allshow.o
 .debug_loc     0x000000000000057e     0x4e61 ./User/lcd.o
 .debug_loc     0x00000000000053df       0x1e ./User/main.o
 .debug_loc     0x00000000000053fd       0x93 ./User/pages.o
 .debug_loc     0x0000000000005490       0xe5 ./User/system_ch32v30x.o
 .debug_loc     0x0000000000005575      0x19a ./Peripheral/src/ch32v30x_dma.o
 .debug_loc     0x000000000000570f      0x181 ./Peripheral/src/ch32v30x_exti.o
 .debug_loc     0x0000000000005890      0x454 ./Peripheral/src/ch32v30x_fsmc.o
 .debug_loc     0x0000000000005ce4      0x67b ./Peripheral/src/ch32v30x_gpio.o
 .debug_loc     0x000000000000635f       0xce ./Peripheral/src/ch32v30x_misc.o
 .debug_loc     0x000000000000642d      0xa54 ./Peripheral/src/ch32v30x_rcc.o
 .debug_loc     0x0000000000006e81      0x7f8 ./Peripheral/src/ch32v30x_usart.o
 .debug_loc     0x0000000000007679      0x1a8 ./Debug/debug.o

.debug_aranges  0x0000000000000000      0x838
 .debug_aranges
                0x0000000000000000       0x60 ./User/HX77.o
 .debug_aranges
                0x0000000000000060       0x50 ./User/L610.o
 .debug_aranges
                0x00000000000000b0       0x50 ./User/allshow.o
 .debug_aranges
                0x0000000000000100       0x28 ./User/ch32v30x_it.o
 .debug_aranges
                0x0000000000000128       0xc8 ./User/lcd.o
 .debug_aranges
                0x00000000000001f0       0x20 ./User/main.o
 .debug_aranges
                0x0000000000000210       0x58 ./User/pages.o
 .debug_aranges
                0x0000000000000268       0x28 ./User/system_ch32v30x.o
 .debug_aranges
                0x0000000000000290       0x30 ./Startup/startup_ch32v30x_D8C.o
 .debug_aranges
                0x00000000000002c0       0x60 ./Peripheral/src/ch32v30x_dma.o
 .debug_aranges
                0x0000000000000320       0x50 ./Peripheral/src/ch32v30x_exti.o
 .debug_aranges
                0x0000000000000370       0x90 ./Peripheral/src/ch32v30x_fsmc.o
 .debug_aranges
                0x0000000000000400       0xa8 ./Peripheral/src/ch32v30x_gpio.o
 .debug_aranges
                0x00000000000004a8       0x28 ./Peripheral/src/ch32v30x_misc.o
 .debug_aranges
                0x00000000000004d0      0x1a8 ./Peripheral/src/ch32v30x_rcc.o
 .debug_aranges
                0x0000000000000678      0x100 ./Peripheral/src/ch32v30x_usart.o
 .debug_aranges
                0x0000000000000778       0x48 ./Hardware/exit.o
 .debug_aranges
                0x00000000000007c0       0x30 ./Hardware/usart.o
 .debug_aranges
                0x00000000000007f0       0x48 ./Debug/debug.o

.debug_ranges   0x0000000000000000      0xde8
 .debug_ranges  0x0000000000000000       0x50 ./User/HX77.o
 .debug_ranges  0x0000000000000050       0xa0 ./User/L610.o
 .debug_ranges  0x00000000000000f0       0x78 ./User/allshow.o
 .debug_ranges  0x0000000000000168       0x18 ./User/ch32v30x_it.o
 .debug_ranges  0x0000000000000180      0x688 ./User/lcd.o
 .debug_ranges  0x0000000000000808       0x30 ./User/main.o
 .debug_ranges  0x0000000000000838       0x48 ./User/pages.o
 .debug_ranges  0x0000000000000880       0x38 ./User/system_ch32v30x.o
 .debug_ranges  0x00000000000008b8       0x28 ./Startup/startup_ch32v30x_D8C.o
 .debug_ranges  0x00000000000008e0       0x50 ./Peripheral/src/ch32v30x_dma.o
 .debug_ranges  0x0000000000000930       0x40 ./Peripheral/src/ch32v30x_exti.o
 .debug_ranges  0x0000000000000970       0x80 ./Peripheral/src/ch32v30x_fsmc.o
 .debug_ranges  0x00000000000009f0       0x98 ./Peripheral/src/ch32v30x_gpio.o
 .debug_ranges  0x0000000000000a88       0x48 ./Peripheral/src/ch32v30x_misc.o
 .debug_ranges  0x0000000000000ad0      0x198 ./Peripheral/src/ch32v30x_rcc.o
 .debug_ranges  0x0000000000000c68       0xf0 ./Peripheral/src/ch32v30x_usart.o
 .debug_ranges  0x0000000000000d58       0x38 ./Hardware/exit.o
 .debug_ranges  0x0000000000000d90       0x20 ./Hardware/usart.o
 .debug_ranges  0x0000000000000db0       0x38 ./Debug/debug.o

.debug_line     0x0000000000000000    0x10e8e
 .debug_line    0x0000000000000000      0x8c9 ./User/HX77.o
 .debug_line    0x00000000000008c9      0xbd2 ./User/L610.o
 .debug_line    0x000000000000149b      0x705 ./User/allshow.o
 .debug_line    0x0000000000001ba0      0x1e6 ./User/ch32v30x_it.o
 .debug_line    0x0000000000001d86     0x6889 ./User/lcd.o
 .debug_line    0x000000000000860f      0x7df ./User/main.o
 .debug_line    0x0000000000008dee      0xa96 ./User/pages.o
 .debug_line    0x0000000000009884      0x698 ./User/system_ch32v30x.o
 .debug_line    0x0000000000009f1c      0x356 ./Startup/startup_ch32v30x_D8C.o
 .debug_line    0x000000000000a272      0x93c ./Peripheral/src/ch32v30x_dma.o
 .debug_line    0x000000000000abae      0x541 ./Peripheral/src/ch32v30x_exti.o
 .debug_line    0x000000000000b0ef      0xd9d ./Peripheral/src/ch32v30x_fsmc.o
 .debug_line    0x000000000000be8c      0xd1c ./Peripheral/src/ch32v30x_gpio.o
 .debug_line    0x000000000000cba8      0x43b ./Peripheral/src/ch32v30x_misc.o
 .debug_line    0x000000000000cfe3     0x175c ./Peripheral/src/ch32v30x_rcc.o
 .debug_line    0x000000000000e73f     0x1015 ./Peripheral/src/ch32v30x_usart.o
 .debug_line    0x000000000000f754      0x90f ./Hardware/exit.o
 .debug_line    0x0000000000010063      0x7be ./Hardware/usart.o
 .debug_line    0x0000000000010821      0x66d ./Debug/debug.o

.debug_str      0x0000000000000000     0x2d09
 .debug_str     0x0000000000000000      0x905 ./User/HX77.o
                                        0x9ca (size before relaxing)
 .debug_str     0x0000000000000905       0xc5 ./User/L610.o
                                        0x736 (size before relaxing)
 .debug_str     0x00000000000009ca       0x96 ./User/allshow.o
                                        0x749 (size before relaxing)
 .debug_str     0x0000000000000a60       0x34 ./User/ch32v30x_it.o
                                        0x580 (size before relaxing)
 .debug_str     0x0000000000000a94      0x4a7 ./User/lcd.o
                                        0xc28 (size before relaxing)
 .debug_str     0x0000000000000f3b      0x179 ./User/main.o
                                        0x990 (size before relaxing)
 .debug_str     0x00000000000010b4       0x29 ./User/pages.o
                                        0x7b8 (size before relaxing)
 .debug_str     0x00000000000010dd       0xd9 ./User/system_ch32v30x.o
                                        0x67a (size before relaxing)
 .debug_str     0x00000000000011b6       0x50 ./Startup/startup_ch32v30x_D8C.o
 .debug_str     0x0000000000001206      0x234 ./Peripheral/src/ch32v30x_dma.o
                                        0x7bd (size before relaxing)
 .debug_str     0x000000000000143a      0x1c2 ./Peripheral/src/ch32v30x_exti.o
                                        0x757 (size before relaxing)
 .debug_str     0x00000000000015fc      0x2cf ./Peripheral/src/ch32v30x_fsmc.o
                                        0xa92 (size before relaxing)
 .debug_str     0x00000000000018cb      0x1ec ./Peripheral/src/ch32v30x_gpio.o
                                        0x93b (size before relaxing)
 .debug_str     0x0000000000001ab7      0x6a0 ./Peripheral/src/ch32v30x_misc.o
                                        0xc86 (size before relaxing)
 .debug_str     0x0000000000002157      0x5ca ./Peripheral/src/ch32v30x_rcc.o
                                        0xc8b (size before relaxing)
 .debug_str     0x0000000000002721      0x3f2 ./Peripheral/src/ch32v30x_usart.o
                                        0xae1 (size before relaxing)
 .debug_str     0x0000000000002b13       0x9b ./Hardware/exit.o
                                        0xe57 (size before relaxing)
 .debug_str     0x0000000000002bae       0xd3 ./Hardware/usart.o
                                       0x1078 (size before relaxing)
 .debug_str     0x0000000000002c81       0x88 ./Debug/debug.o
                                        0x8e0 (size before relaxing)

.comment        0x0000000000000000       0x33
 .comment       0x0000000000000000       0x33 ./User/HX77.o
                                         0x34 (size before relaxing)
 .comment       0x0000000000000033       0x34 ./User/L610.o
 .comment       0x0000000000000033       0x34 ./User/allshow.o
 .comment       0x0000000000000033       0x34 ./User/ch32v30x_it.o
 .comment       0x0000000000000033       0x34 ./User/lcd.o
 .comment       0x0000000000000033       0x34 ./User/main.o
 .comment       0x0000000000000033       0x34 ./User/pages.o
 .comment       0x0000000000000033       0x34 ./User/system_ch32v30x.o
 .comment       0x0000000000000033       0x34 ./Peripheral/src/ch32v30x_dma.o
 .comment       0x0000000000000033       0x34 ./Peripheral/src/ch32v30x_exti.o
 .comment       0x0000000000000033       0x34 ./Peripheral/src/ch32v30x_fsmc.o
 .comment       0x0000000000000033       0x34 ./Peripheral/src/ch32v30x_gpio.o
 .comment       0x0000000000000033       0x34 ./Peripheral/src/ch32v30x_misc.o
 .comment       0x0000000000000033       0x34 ./Peripheral/src/ch32v30x_rcc.o
 .comment       0x0000000000000033       0x34 ./Peripheral/src/ch32v30x_usart.o
 .comment       0x0000000000000033       0x34 ./Hardware/exit.o
 .comment       0x0000000000000033       0x34 ./Hardware/usart.o
 .comment       0x0000000000000033       0x34 ./Debug/debug.o

.debug_frame    0x0000000000000000     0x29c0
 .debug_frame   0x0000000000000000      0x128 ./User/HX77.o
 .debug_frame   0x0000000000000128      0x15c ./User/L610.o
 .debug_frame   0x0000000000000284      0x124 ./User/allshow.o
 .debug_frame   0x00000000000003a8       0x30 ./User/ch32v30x_it.o
 .debug_frame   0x00000000000003d8      0x380 ./User/lcd.o
 .debug_frame   0x0000000000000758       0x3c ./User/main.o
 .debug_frame   0x0000000000000794      0x134 ./User/pages.o
 .debug_frame   0x00000000000008c8       0x3c ./User/system_ch32v30x.o
 .debug_frame   0x0000000000000904       0xc0 ./Peripheral/src/ch32v30x_dma.o
 .debug_frame   0x00000000000009c4       0x90 ./Peripheral/src/ch32v30x_exti.o
 .debug_frame   0x0000000000000a54      0x100 ./Peripheral/src/ch32v30x_fsmc.o
 .debug_frame   0x0000000000000b54      0x150 ./Peripheral/src/ch32v30x_gpio.o
 .debug_frame   0x0000000000000ca4       0x30 ./Peripheral/src/ch32v30x_misc.o
 .debug_frame   0x0000000000000cd4      0x340 ./Peripheral/src/ch32v30x_rcc.o
 .debug_frame   0x0000000000001014      0x210 ./Peripheral/src/ch32v30x_usart.o
 .debug_frame   0x0000000000001224       0xa0 ./Hardware/exit.o
 .debug_frame   0x00000000000012c4       0x78 ./Hardware/usart.o
 .debug_frame   0x000000000000133c       0xa4 ./Debug/debug.o
 .debug_frame   0x00000000000013e0       0x20 d:/mounriver_studio/toolchain/risc-v embedded gcc/bin/../lib/gcc/riscv-none-embed/8.2.0/rv32imac/ilp32\libgcc.a(fixunssfsi.o)
 .debug_frame   0x0000000000001400       0x28 d:/mounriver_studio/toolchain/risc-v embedded gcc/bin/../lib/gcc/riscv-none-embed/8.2.0/../../../../riscv-none-embed/lib/rv32imac/ilp32\libg_nano.a(lib_a-exit.o)
 .debug_frame   0x0000000000001428       0x54 d:/mounriver_studio/toolchain/risc-v embedded gcc/bin/../lib/gcc/riscv-none-embed/8.2.0/../../../../riscv-none-embed/lib/rv32imac/ilp32\libg_nano.a(lib_a-fputs.o)
 .debug_frame   0x000000000000147c       0x78 d:/mounriver_studio/toolchain/risc-v embedded gcc/bin/../lib/gcc/riscv-none-embed/8.2.0/../../../../riscv-none-embed/lib/rv32imac/ilp32\libg_nano.a(lib_a-locale.o)
 .debug_frame   0x00000000000014f4       0x30 d:/mounriver_studio/toolchain/risc-v embedded gcc/bin/../lib/gcc/riscv-none-embed/8.2.0/../../../../riscv-none-embed/lib/rv32imac/ilp32\libg_nano.a(lib_a-malloc.o)
 .debug_frame   0x0000000000001524       0x38 d:/mounriver_studio/toolchain/risc-v embedded gcc/bin/../lib/gcc/riscv-none-embed/8.2.0/../../../../riscv-none-embed/lib/rv32imac/ilp32\libg_nano.a(lib_a-mbtowc_r.o)
 .debug_frame   0x000000000000155c       0x20 d:/mounriver_studio/toolchain/risc-v embedded gcc/bin/../lib/gcc/riscv-none-embed/8.2.0/../../../../riscv-none-embed/lib/rv32imac/ilp32\libg_nano.a(lib_a-memcpy.o)
 .debug_frame   0x000000000000157c       0x40 d:/mounriver_studio/toolchain/risc-v embedded gcc/bin/../lib/gcc/riscv-none-embed/8.2.0/../../../../riscv-none-embed/lib/rv32imac/ilp32\libg_nano.a(lib_a-nano-freer.o)
 .debug_frame   0x00000000000015bc       0x40 d:/mounriver_studio/toolchain/risc-v embedded gcc/bin/../lib/gcc/riscv-none-embed/8.2.0/../../../../riscv-none-embed/lib/rv32imac/ilp32\libg_nano.a(lib_a-nano-mallocr.o)
 .debug_frame   0x00000000000015fc       0x54 d:/mounriver_studio/toolchain/risc-v embedded gcc/bin/../lib/gcc/riscv-none-embed/8.2.0/../../../../riscv-none-embed/lib/rv32imac/ilp32\libg_nano.a(lib_a-printf.o)
 .debug_frame   0x0000000000001650       0x30 d:/mounriver_studio/toolchain/risc-v embedded gcc/bin/../lib/gcc/riscv-none-embed/8.2.0/../../../../riscv-none-embed/lib/rv32imac/ilp32\libg_nano.a(lib_a-sbrkr.o)
 .debug_frame   0x0000000000001680       0x60 d:/mounriver_studio/toolchain/risc-v embedded gcc/bin/../lib/gcc/riscv-none-embed/8.2.0/../../../../riscv-none-embed/lib/rv32imac/ilp32\libg_nano.a(lib_a-snprintf.o)
 .debug_frame   0x00000000000016e0       0x20 d:/mounriver_studio/toolchain/risc-v embedded gcc/bin/../lib/gcc/riscv-none-embed/8.2.0/../../../../riscv-none-embed/lib/rv32imac/ilp32\libg_nano.a(lib_a-strlen.o)
 .debug_frame   0x0000000000001700       0x20 d:/mounriver_studio/toolchain/risc-v embedded gcc/bin/../lib/gcc/riscv-none-embed/8.2.0/../../../../riscv-none-embed/lib/rv32imac/ilp32\libg_nano.a(lib_a-strstr.o)
 .debug_frame   0x0000000000001720      0x154 d:/mounriver_studio/toolchain/risc-v embedded gcc/bin/../lib/gcc/riscv-none-embed/8.2.0/../../../../riscv-none-embed/lib/rv32imac/ilp32\libg_nano.a(lib_a-strtod.o)
 .debug_frame   0x0000000000001874       0x70 d:/mounriver_studio/toolchain/risc-v embedded gcc/bin/../lib/gcc/riscv-none-embed/8.2.0/../../../../riscv-none-embed/lib/rv32imac/ilp32\libg_nano.a(lib_a-strtol.o)
 .debug_frame   0x00000000000018e4       0x50 d:/mounriver_studio/toolchain/risc-v embedded gcc/bin/../lib/gcc/riscv-none-embed/8.2.0/../../../../riscv-none-embed/lib/rv32imac/ilp32\libg_nano.a(lib_a-wbuf.o)
 .debug_frame   0x0000000000001934       0x30 d:/mounriver_studio/toolchain/risc-v embedded gcc/bin/../lib/gcc/riscv-none-embed/8.2.0/../../../../riscv-none-embed/lib/rv32imac/ilp32\libg_nano.a(lib_a-wctomb_r.o)
 .debug_frame   0x0000000000001964       0x3c d:/mounriver_studio/toolchain/risc-v embedded gcc/bin/../lib/gcc/riscv-none-embed/8.2.0/../../../../riscv-none-embed/lib/rv32imac/ilp32\libg_nano.a(lib_a-wsetup.o)
 .debug_frame   0x00000000000019a0       0x7c d:/mounriver_studio/toolchain/risc-v embedded gcc/bin/../lib/gcc/riscv-none-embed/8.2.0/../../../../riscv-none-embed/lib/rv32imac/ilp32\libg_nano.a(lib_a-fflush.o)
 .debug_frame   0x0000000000001a1c      0x148 d:/mounriver_studio/toolchain/risc-v embedded gcc/bin/../lib/gcc/riscv-none-embed/8.2.0/../../../../riscv-none-embed/lib/rv32imac/ilp32\libg_nano.a(lib_a-findfp.o)
 .debug_frame   0x0000000000001b64       0x88 d:/mounriver_studio/toolchain/risc-v embedded gcc/bin/../lib/gcc/riscv-none-embed/8.2.0/../../../../riscv-none-embed/lib/rv32imac/ilp32\libg_nano.a(lib_a-fwalk.o)
 .debug_frame   0x0000000000001bec       0x84 d:/mounriver_studio/toolchain/risc-v embedded gcc/bin/../lib/gcc/riscv-none-embed/8.2.0/../../../../riscv-none-embed/lib/rv32imac/ilp32\libg_nano.a(lib_a-gdtoa-gethex.o)
 .debug_frame   0x0000000000001c70       0x80 d:/mounriver_studio/toolchain/risc-v embedded gcc/bin/../lib/gcc/riscv-none-embed/8.2.0/../../../../riscv-none-embed/lib/rv32imac/ilp32\libg_nano.a(lib_a-gdtoa-hexnan.o)
 .debug_frame   0x0000000000001cf0       0x40 d:/mounriver_studio/toolchain/risc-v embedded gcc/bin/../lib/gcc/riscv-none-embed/8.2.0/../../../../riscv-none-embed/lib/rv32imac/ilp32\libg_nano.a(lib_a-localeconv.o)
 .debug_frame   0x0000000000001d30       0x64 d:/mounriver_studio/toolchain/risc-v embedded gcc/bin/../lib/gcc/riscv-none-embed/8.2.0/../../../../riscv-none-embed/lib/rv32imac/ilp32\libg_nano.a(lib_a-makebuf.o)
 .debug_frame   0x0000000000001d94       0x30 d:/mounriver_studio/toolchain/risc-v embedded gcc/bin/../lib/gcc/riscv-none-embed/8.2.0/../../../../riscv-none-embed/lib/rv32imac/ilp32\libg_nano.a(lib_a-mlock.o)
 .debug_frame   0x0000000000001dc4      0x2e0 d:/mounriver_studio/toolchain/risc-v embedded gcc/bin/../lib/gcc/riscv-none-embed/8.2.0/../../../../riscv-none-embed/lib/rv32imac/ilp32\libg_nano.a(lib_a-mprec.o)
 .debug_frame   0x00000000000020a4       0x30 d:/mounriver_studio/toolchain/risc-v embedded gcc/bin/../lib/gcc/riscv-none-embed/8.2.0/../../../../riscv-none-embed/lib/rv32imac/ilp32\libg_nano.a(lib_a-nano-callocr.o)
 .debug_frame   0x00000000000020d4       0xe0 d:/mounriver_studio/toolchain/risc-v embedded gcc/bin/../lib/gcc/riscv-none-embed/8.2.0/../../../../riscv-none-embed/lib/rv32imac/ilp32\libg_nano.a(lib_a-nano-svfprintf.o)
 .debug_frame   0x00000000000021b4       0xd0 d:/mounriver_studio/toolchain/risc-v embedded gcc/bin/../lib/gcc/riscv-none-embed/8.2.0/../../../../riscv-none-embed/lib/rv32imac/ilp32\libg_nano.a(lib_a-nano-vfprintf.o)
 .debug_frame   0x0000000000002284       0x8c d:/mounriver_studio/toolchain/risc-v embedded gcc/bin/../lib/gcc/riscv-none-embed/8.2.0/../../../../riscv-none-embed/lib/rv32imac/ilp32\libg_nano.a(lib_a-nano-vfprintf_i.o)
 .debug_frame   0x0000000000002310       0x70 d:/mounriver_studio/toolchain/risc-v embedded gcc/bin/../lib/gcc/riscv-none-embed/8.2.0/../../../../riscv-none-embed/lib/rv32imac/ilp32\libg_nano.a(lib_a-reent.o)
 .debug_frame   0x0000000000002380       0x20 d:/mounriver_studio/toolchain/risc-v embedded gcc/bin/../lib/gcc/riscv-none-embed/8.2.0/../../../../riscv-none-embed/lib/rv32imac/ilp32\libg_nano.a(lib_a-sf_nan.o)
 .debug_frame   0x00000000000023a0       0xa4 d:/mounriver_studio/toolchain/risc-v embedded gcc/bin/../lib/gcc/riscv-none-embed/8.2.0/../../../../riscv-none-embed/lib/rv32imac/ilp32\libg_nano.a(lib_a-stdio.o)
 .debug_frame   0x0000000000002444       0x20 d:/mounriver_studio/toolchain/risc-v embedded gcc/bin/../lib/gcc/riscv-none-embed/8.2.0/../../../../riscv-none-embed/lib/rv32imac/ilp32\libg_nano.a(lib_a-strncmp.o)
 .debug_frame   0x0000000000002464       0x30 d:/mounriver_studio/toolchain/risc-v embedded gcc/bin/../lib/gcc/riscv-none-embed/8.2.0/../../../../riscv-none-embed/lib/rv32imac/ilp32\libg_nano.a(lib_a-writer.o)